Archive member included to satisfy reference by file (symbol)

d:/programs/stm32cubeide_1.1.0/stm32cubeide/plugins/com.st.stm32cube.ide.mcu.externaltools.gnu-tools-for-stm32.7-2018-q2-update.win32_1.0.0.201904181610/tools/bin/../lib/gcc/arm-none-eabi/7.3.1/../../../../arm-none-eabi/lib/thumb/v7e-m/fpv4-sp/hard\libm.a(lib_a-w_asin.o)
                              Core/Src/Context.o (asin)
d:/programs/stm32cubeide_1.1.0/stm32cubeide/plugins/com.st.stm32cube.ide.mcu.externaltools.gnu-tools-for-stm32.7-2018-q2-update.win32_1.0.0.201904181610/tools/bin/../lib/gcc/arm-none-eabi/7.3.1/../../../../arm-none-eabi/lib/thumb/v7e-m/fpv4-sp/hard\libm.a(lib_a-w_atan2.o)
                              Core/Src/Context.o (atan2)
d:/programs/stm32cubeide_1.1.0/stm32cubeide/plugins/com.st.stm32cube.ide.mcu.externaltools.gnu-tools-for-stm32.7-2018-q2-update.win32_1.0.0.201904181610/tools/bin/../lib/gcc/arm-none-eabi/7.3.1/../../../../arm-none-eabi/lib/thumb/v7e-m/fpv4-sp/hard\libm.a(lib_a-w_sqrt.o)
                              Core/Src/Context.o (sqrt)
d:/programs/stm32cubeide_1.1.0/stm32cubeide/plugins/com.st.stm32cube.ide.mcu.externaltools.gnu-tools-for-stm32.7-2018-q2-update.win32_1.0.0.201904181610/tools/bin/../lib/gcc/arm-none-eabi/7.3.1/../../../../arm-none-eabi/lib/thumb/v7e-m/fpv4-sp/hard\libm.a(lib_a-e_asin.o)
                              d:/programs/stm32cubeide_1.1.0/stm32cubeide/plugins/com.st.stm32cube.ide.mcu.externaltools.gnu-tools-for-stm32.7-2018-q2-update.win32_1.0.0.201904181610/tools/bin/../lib/gcc/arm-none-eabi/7.3.1/../../../../arm-none-eabi/lib/thumb/v7e-m/fpv4-sp/hard\libm.a(lib_a-w_asin.o) (__ieee754_asin)
d:/programs/stm32cubeide_1.1.0/stm32cubeide/plugins/com.st.stm32cube.ide.mcu.externaltools.gnu-tools-for-stm32.7-2018-q2-update.win32_1.0.0.201904181610/tools/bin/../lib/gcc/arm-none-eabi/7.3.1/../../../../arm-none-eabi/lib/thumb/v7e-m/fpv4-sp/hard\libm.a(lib_a-e_atan2.o)
                              d:/programs/stm32cubeide_1.1.0/stm32cubeide/plugins/com.st.stm32cube.ide.mcu.externaltools.gnu-tools-for-stm32.7-2018-q2-update.win32_1.0.0.201904181610/tools/bin/../lib/gcc/arm-none-eabi/7.3.1/../../../../arm-none-eabi/lib/thumb/v7e-m/fpv4-sp/hard\libm.a(lib_a-w_atan2.o) (__ieee754_atan2)
d:/programs/stm32cubeide_1.1.0/stm32cubeide/plugins/com.st.stm32cube.ide.mcu.externaltools.gnu-tools-for-stm32.7-2018-q2-update.win32_1.0.0.201904181610/tools/bin/../lib/gcc/arm-none-eabi/7.3.1/../../../../arm-none-eabi/lib/thumb/v7e-m/fpv4-sp/hard\libm.a(lib_a-e_sqrt.o)
                              d:/programs/stm32cubeide_1.1.0/stm32cubeide/plugins/com.st.stm32cube.ide.mcu.externaltools.gnu-tools-for-stm32.7-2018-q2-update.win32_1.0.0.201904181610/tools/bin/../lib/gcc/arm-none-eabi/7.3.1/../../../../arm-none-eabi/lib/thumb/v7e-m/fpv4-sp/hard\libm.a(lib_a-w_sqrt.o) (__ieee754_sqrt)
d:/programs/stm32cubeide_1.1.0/stm32cubeide/plugins/com.st.stm32cube.ide.mcu.externaltools.gnu-tools-for-stm32.7-2018-q2-update.win32_1.0.0.201904181610/tools/bin/../lib/gcc/arm-none-eabi/7.3.1/../../../../arm-none-eabi/lib/thumb/v7e-m/fpv4-sp/hard\libm.a(lib_a-s_atan.o)
                              d:/programs/stm32cubeide_1.1.0/stm32cubeide/plugins/com.st.stm32cube.ide.mcu.externaltools.gnu-tools-for-stm32.7-2018-q2-update.win32_1.0.0.201904181610/tools/bin/../lib/gcc/arm-none-eabi/7.3.1/../../../../arm-none-eabi/lib/thumb/v7e-m/fpv4-sp/hard\libm.a(lib_a-e_atan2.o) (atan)
d:/programs/stm32cubeide_1.1.0/stm32cubeide/plugins/com.st.stm32cube.ide.mcu.externaltools.gnu-tools-for-stm32.7-2018-q2-update.win32_1.0.0.201904181610/tools/bin/../lib/gcc/arm-none-eabi/7.3.1/../../../../arm-none-eabi/lib/thumb/v7e-m/fpv4-sp/hard\libm.a(lib_a-s_fabs.o)
                              d:/programs/stm32cubeide_1.1.0/stm32cubeide/plugins/com.st.stm32cube.ide.mcu.externaltools.gnu-tools-for-stm32.7-2018-q2-update.win32_1.0.0.201904181610/tools/bin/../lib/gcc/arm-none-eabi/7.3.1/../../../../arm-none-eabi/lib/thumb/v7e-m/fpv4-sp/hard\libm.a(lib_a-w_asin.o) (fabs)
d:/programs/stm32cubeide_1.1.0/stm32cubeide/plugins/com.st.stm32cube.ide.mcu.externaltools.gnu-tools-for-stm32.7-2018-q2-update.win32_1.0.0.201904181610/tools/bin/../lib/gcc/arm-none-eabi/7.3.1/../../../../arm-none-eabi/lib/thumb/v7e-m/fpv4-sp/hard\libm.a(lib_a-s_lib_ver.o)
                              d:/programs/stm32cubeide_1.1.0/stm32cubeide/plugins/com.st.stm32cube.ide.mcu.externaltools.gnu-tools-for-stm32.7-2018-q2-update.win32_1.0.0.201904181610/tools/bin/../lib/gcc/arm-none-eabi/7.3.1/../../../../arm-none-eabi/lib/thumb/v7e-m/fpv4-sp/hard\libm.a(lib_a-w_asin.o) (__fdlib_version)
d:/programs/stm32cubeide_1.1.0/stm32cubeide/plugins/com.st.stm32cube.ide.mcu.externaltools.gnu-tools-for-stm32.7-2018-q2-update.win32_1.0.0.201904181610/tools/bin/../lib/gcc/arm-none-eabi/7.3.1/../../../../arm-none-eabi/lib/thumb/v7e-m/fpv4-sp/hard\libm.a(lib_a-s_matherr.o)
[...]
Memory Configuration

Name             Origin             Length             Attributes
CCMRAM           0x0000000010000000 0x0000000000002000 xrw
RAM              0x0000000020000000 0x000000000000a000 xrw
FLASH            0x0000000008000000 0x0000000000040000 xr
*default*        0x0000000000000000 0xffffffffffffffff

Linker script and memory map

LOAD d:/programs/stm32cubeide_1.1.0/stm32cubeide/plugins/com.st.stm32cube.ide.mcu.externaltools.gnu-tools-for-stm32.7-2018-q2-update.win32_1.0.0.201904181610/tools/bin/../lib/gcc/arm-none-eabi/7.3.1/thumb/v7e-m/fpv4-sp/hard/crti.o
LOAD d:/programs/stm32cubeide_1.1.0/stm32cubeide/plugins/com.st.stm32cube.ide.mcu.externaltools.gnu-tools-for-stm32.7-2018-q2-update.win32_1.0.0.201904181610/tools/bin/../lib/gcc/arm-none-eabi/7.3.1/thumb/v7e-m/fpv4-sp/hard/crtbegin.o
LOAD d:/programs/stm32cubeide_1.1.0/stm32cubeide/plugins/com.st.stm32cube.ide.mcu.externaltools.gnu-tools-for-stm32.7-2018-q2-update.win32_1.0.0.201904181610/tools/bin/../lib/gcc/arm-none-eabi/7.3.1/../../../../arm-none-eabi/lib/thumb/v7e-m/fpv4-sp/hard/crt0.o
LOAD Core/Src/Context.o
LOAD Core/Src/gpio.o
LOAD Core/Src/main.o
LOAD Core/Src/spi.o
LOAD Core/Src/stm32f3xx_hal_msp.o
LOAD Core/Src/stm32f3xx_it.o
LOAD Core/Src/sys.o
LOAD Core/Src/syscalls.o
LOAD Core/Src/sysmem.o
LOAD Core/Src/system_stm32f3xx.o
LOAD Core/Src/tim.o
LOAD Core/Src/MPU9250/MPU9250.o
LOAD Core/Src/MPU9250/Madgwick.o
LOAD Core/Src/SD_SPI/fatfs_sd.o
LOAD Core/Src/SD_SPI/sd_spi.o
LOAD Core/Src/ST7789/font12.o
LOAD Core/Src/ST7789/font16.o
LOAD Core/Src/ST7789/font20.o
LOAD Core/Src/ST7789/font24.o
LOAD Core/Src/ST7789/font8.o
LOAD Core/Src/ST7789/st7789.o
LOAD Core/Startup/startup_stm32f303cctx.o
LOAD Drivers/STM32F3xx_HAL_Driver/Src/stm32f3xx_hal.o
LOAD Drivers/STM32F3xx_HAL_Driver/Src/stm32f3xx_hal_cortex.o
LOAD Drivers/STM32F3xx_HAL_Driver/Src/stm32f3xx_hal_dma.o
LOAD Drivers/STM32F3xx_HAL_Driver/Src/stm32f3xx_hal_exti.o
LOAD Drivers/STM32F3xx_HAL_Driver/Src/stm32f3xx_hal_flash.o
LOAD Drivers/STM32F3xx_HAL_Driver/Src/stm32f3xx_hal_flash_ex.o
LOAD Drivers/STM32F3xx_HAL_Driver/Src/stm32f3xx_hal_gpio.o
LOAD Drivers/STM32F3xx_HAL_Driver/Src/stm32f3xx_hal_i2c.o
LOAD Drivers/STM32F3xx_HAL_Driver/Src/stm32f3xx_hal_i2c_ex.o
LOAD Drivers/STM32F3xx_HAL_Driver/Src/stm32f3xx_hal_pwr.o
LOAD Drivers/STM32F3xx_HAL_Driver/Src/stm32f3xx_hal_pwr_ex.o
LOAD Drivers/STM32F3xx_HAL_Driver/Src/stm32f3xx_hal_rcc.o
LOAD Drivers/STM32F3xx_HAL_Driver/Src/stm32f3xx_hal_rcc_ex.o
LOAD Drivers/STM32F3xx_HAL_Driver/Src/stm32f3xx_hal_spi.o
LOAD Drivers/STM32F3xx_HAL_Driver/Src/stm32f3xx_hal_spi_ex.o
LOAD Drivers/STM32F3xx_HAL_Driver/Src/stm32f3xx_hal_tim.o
LOAD Drivers/STM32F3xx_HAL_Driver/Src/stm32f3xx_hal_tim_ex.o
LOAD FATFS/App/fatfs.o
LOAD FATFS/Target/user_diskio.o
LOAD Middlewares/Third_Party/FatFs/src/diskio.o
LOAD Middlewares/Third_Party/FatFs/src/ff.o
LOAD Middlewares/Third_Party/FatFs/src/ff_gen_drv.o
LOAD Middlewares/Third_Party/FatFs/src/option/ccsbcs.o
LOAD Middlewares/Third_Party/FatFs/src/option/syscall.o
START GROUP
LOAD d:/programs/stm32cubeide_1.1.0/stm32cubeide/plugins/com.st.stm32cube.ide.mcu.externaltools.gnu-tools-for-stm32.7-2018-q2-update.win32_1.0.0.201904181610/tools/bin/../lib/gcc/arm-none-eabi/7.3.1/../../../../arm-none-eabi/lib/thumb/v7e-m/fpv4-sp/hard\libstdc++_nano.a
LOAD d:/programs/stm32cubeide_1.1.0/stm32cubeide/plugins/com.st.stm32cube.ide.mcu.externaltools.gnu-tools-for-stm32.7-2018-q2-update.win32_1.0.0.201904181610/tools/bin/../lib/gcc/arm-none-eabi/7.3.1/../../../../arm-none-eabi/lib/thumb/v7e-m/fpv4-sp/hard\libsupc++_nano.a
END GROUP
LOAD d:/programs/stm32cubeide_1.1.0/stm32cubeide/plugins/com.st.stm32cube.ide.mcu.externaltools.gnu-tools-for-stm32.7-2018-q2-update.win32_1.0.0.201904181610/tools/bin/../lib/gcc/arm-none-eabi/7.3.1/../../../../arm-none-eabi/lib/thumb/v7e-m/fpv4-sp/hard\libstdc++_nano.a
LOAD d:/programs/stm32cubeide_1.1.0/stm32cubeide/plugins/com.st.stm32cube.ide.mcu.externaltools.gnu-tools-for-stm32.7-2018-q2-update.win32_1.0.0.201904181610/tools/bin/../lib/gcc/arm-none-eabi/7.3.1/../../../../arm-none-eabi/lib/thumb/v7e-m/fpv4-sp/hard\libm.a
LOAD d:/programs/stm32cubeide_1.1.0/stm32cubeide/plugins/com.st.stm32cube.ide.mcu.externaltools.gnu-tools-for-stm32.7-2018-q2-update.win32_1.0.0.201904181610/tools/bin/../lib/gcc/arm-none-eabi/7.3.1/../../../../arm-none-eabi/lib/thumb/v7e-m/fpv4-sp/hard\libc_nano.a
START GROUP
LOAD d:/programs/stm32cubeide_1.1.0/stm32cubeide/plugins/com.st.stm32cube.ide.mcu.externaltools.gnu-tools-for-stm32.7-2018-q2-update.win32_1.0.0.201904181610/tools/bin/../lib/gcc/arm-none-eabi/7.3.1/thumb/v7e-m/fpv4-sp/hard\libgcc.a
LOAD d:/programs/stm32cubeide_1.1.0/stm32cubeide/plugins/com.st.stm32cube.ide.mcu.externaltools.gnu-tools-for-stm32.7-2018-q2-update.win32_1.0.0.201904181610/tools/bin/../lib/gcc/arm-none-eabi/7.3.1/../../../../arm-none-eabi/lib/thumb/v7e-m/fpv4-sp/hard\libc_nano.a
END GROUP
START GROUP
LOAD d:/programs/stm32cubeide_1.1.0/stm32cubeide/plugins/com.st.stm32cube.ide.mcu.externaltools.gnu-tools-for-stm32.7-2018-q2-update.win32_1.0.0.201904181610/tools/bin/../lib/gcc/arm-none-eabi/7.3.1/thumb/v7e-m/fpv4-sp/hard\libgcc.a
LOAD d:/programs/stm32cubeide_1.1.0/stm32cubeide/plugins/com.st.stm32cube.ide.mcu.externaltools.gnu-tools-for-stm32.7-2018-q2-update.win32_1.0.0.201904181610/tools/bin/../lib/gcc/arm-none-eabi/7.3.1/../../../../arm-none-eabi/lib/thumb/v7e-m/fpv4-sp/hard\libc_nano.a
LOAD d:/programs/stm32cubeide_1.1.0/stm32cubeide/plugins/com.st.stm32cube.ide.mcu.externaltools.gnu-tools-for-stm32.7-2018-q2-update.win32_1.0.0.201904181610/tools/bin/../lib/gcc/arm-none-eabi/7.3.1/../../../../arm-none-eabi/lib/thumb/v7e-m/fpv4-sp/hard\libnosys.a
END GROUP
START GROUP
LOAD d:/programs/stm32cubeide_1.1.0/stm32cubeide/plugins/com.st.stm32cube.ide.mcu.externaltools.gnu-tools-for-stm32.7-2018-q2-update.win32_1.0.0.201904181610/tools/bin/../lib/gcc/arm-none-eabi/7.3.1/thumb/v7e-m/fpv4-sp/hard\libgcc.a
LOAD d:/programs/stm32cubeide_1.1.0/stm32cubeide/plugins/com.st.stm32cube.ide.mcu.externaltools.gnu-tools-for-stm32.7-2018-q2-update.win32_1.0.0.201904181610/tools/bin/../lib/gcc/arm-none-eabi/7.3.1/../../../../arm-none-eabi/lib/thumb/v7e-m/fpv4-sp/hard\libc_nano.a
LOAD d:/programs/stm32cubeide_1.1.0/stm32cubeide/plugins/com.st.stm32cube.ide.mcu.externaltools.gnu-tools-for-stm32.7-2018-q2-update.win32_1.0.0.201904181610/tools/bin/../lib/gcc/arm-none-eabi/7.3.1/../../../../arm-none-eabi/lib/thumb/v7e-m/fpv4-sp/hard\libnosys.a
END GROUP
LOAD d:/programs/stm32cubeide_1.1.0/stm32cubeide/plugins/com.st.stm32cube.ide.mcu.externaltools.gnu-tools-for-stm32.7-2018-q2-update.win32_1.0.0.201904181610/tools/bin/../lib/gcc/arm-none-eabi/7.3.1/thumb/v7e-m/fpv4-sp/hard/crtend.o
LOAD d:/programs/stm32cubeide_1.1.0/stm32cubeide/plugins/com.st.stm32cube.ide.mcu.externaltools.gnu-tools-for-stm32.7-2018-q2-update.win32_1.0.0.201904181610/tools/bin/../lib/gcc/arm-none-eabi/7.3.1/thumb/v7e-m/fpv4-sp/hard/crtn.o
                0x000000002000a000                _estack = (ORIGIN (RAM) + LENGTH (RAM))
                0x0000000000000200                _Min_Heap_Size = 0x200
                0x0000000000000400                _Min_Stack_Size = 0x400

.isr_vector     0x0000000008000000      0x188
                0x0000000008000000                . = ALIGN (0x4)
 *(.isr_vector)
 .isr_vector    0x0000000008000000      0x188 Core/Startup/startup_stm32f303cctx.o
                0x0000000008000000                g_pfnVectors
                0x0000000008000188                . = ALIGN (0x4)

.text           0x0000000008000190    0x10eb4
                0x0000000008000190                . = ALIGN (0x4)
 *(.text)
 .text          0x0000000008000190       0x40 d:/programs/stm32cubeide_1.1.0/stm32cubeide/plugins/com.st.stm32cube.ide.mcu.externaltools.gnu-tools-for-stm32.7-2018-q2-update.win32_1.0.0.201904181610/tools/bin/../lib/gcc/arm-none-eabi/7.3.1/thumb/v7e-m/fpv4-sp/hard/crtbegin.o
 .text          0x00000000080001d0       0x10 d:/programs/stm32cubeide_1.1.0/stm32cubeide/plugins/com.st.stm32cube.ide.mcu.externaltools.gnu-tools-for-stm32.7-2018-q2-update.win32_1.0.0.201904181610/tools/bin/../lib/gcc/arm-none-eabi/7.3.1/../../../../arm-none-eabi/lib/thumb/v7e-m/fpv4-sp/hard\libc_nano.a(lib_a-strlen.o)
                0x00000000080001d0                strlen
 .text          0x00000000080001e0       0xa0 d:/programs/stm32cubeide_1.1.0/stm32cubeide/plugins/com.st.stm32cube.ide.mcu.externaltools.gnu-tools-for-stm32.7-2018-q2-update.win32_1.0.0.201904181610/tools/bin/../lib/gcc/arm-none-eabi/7.3.1/../../../../arm-none-eabi/lib/thumb/v7e-m/fpv4-sp/hard\libc_nano.a(lib_a-memchr.o)
                0x00000000080001e0                memchr
 .text          0x0000000008000280      0x378 d:/programs/stm32cubeide_1.1.0/stm32cubeide/plugins/com.st.stm32cube.ide.mcu.externaltools.gnu-tools-for-stm32.7-2018-q2-update.win32_1.0.0.201904181610/tools/bin/../lib/gcc/arm-none-eabi/7.3.1/thumb/v7e-m/fpv4-sp/hard\libgcc.a(_arm_addsubdf3.o)
                0x0000000008000280                __aeabi_drsub
                0x0000000008000288                __aeabi_dsub
                0x0000000008000288                __subdf3
                0x000000000800028c                __aeabi_dadd
                0x000000000800028c                __adddf3
                0x0000000008000504                __floatunsidf
                0x0000000008000504                __aeabi_ui2d
                0x0000000008000524                __floatsidf
                0x0000000008000524                __aeabi_i2d
                0x0000000008000548                __aeabi_f2d
                0x0000000008000548                __extendsfdf2
                0x000000000800058c                __floatundidf
                0x000000000800058c                __aeabi_ul2d
                0x000000000800059c                __floatdidf
                0x000000000800059c                __aeabi_l2d
 .text          0x00000000080005f8      0x424 d:/programs/stm32cubeide_1.1.0/stm32cubeide/plugins/com.st.stm32cube.ide.mcu.externaltools.gnu-tools-for-stm32.7-2018-q2-update.win32_1.0.0.201904181610/tools/bin/../lib/gcc/arm-none-eabi/7.3.1/thumb/v7e-m/fpv4-sp/hard\libgcc.a(_arm_muldivdf3.o)
                0x00000000080005f8                __aeabi_dmul
                0x00000000080005f8                __muldf3
                0x000000000800084c                __divdf3
                0x000000000800084c                __aeabi_ddiv
 .text          0x0000000008000a1c      0x110 d:/programs/stm32cubeide_1.1.0/stm32cubeide/plugins/com.st.stm32cube.ide.mcu.externaltools.gnu-tools-for-stm32.7-2018-q2-update.win32_1.0.0.201904181610/tools/bin/../lib/gcc/arm-none-eabi/7.3.1/thumb/v7e-m/fpv4-sp/hard\libgcc.a(_arm_cmpdf2.o)
                0x0000000008000a1c                __gtdf2
                0x0000000008000a1c                __gedf2
                0x0000000008000a24                __ltdf2
                0x0000000008000a24                __ledf2
                0x0000000008000a2c                __nedf2
                0x0000000008000a2c                __eqdf2
                0x0000000008000a2c                __cmpdf2
                0x0000000008000aa8                __aeabi_cdrcmple
                0x0000000008000ab8                __aeabi_cdcmpeq
                0x0000000008000ab8                __aeabi_cdcmple
                0x0000000008000ac8                __aeabi_dcmpeq
                0x0000000008000adc                __aeabi_dcmplt
                0x0000000008000af0                __aeabi_dcmple
                0x0000000008000b04                __aeabi_dcmpge
                0x0000000008000b18                __aeabi_dcmpgt
 .text          0x0000000008000b2c       0x2c d:/programs/stm32cubeide_1.1.0/stm32cubeide/plugins/com.st.stm32cube.ide.mcu.externaltools.gnu-tools-for-stm32.7-2018-q2-update.win32_1.0.0.201904181610/tools/bin/../lib/gcc/arm-none-eabi/7.3.1/thumb/v7e-m/fpv4-sp/hard\libgcc.a(_arm_unorddf2.o)
                0x0000000008000b2c                __unorddf2
                0x0000000008000b2c                __aeabi_dcmpun
 .text          0x0000000008000b58       0x50 d:/programs/stm32cubeide_1.1.0/stm32cubeide/plugins/com.st.stm32cube.ide.mcu.externaltools.gnu-tools-for-stm32.7-2018-q2-update.win32_1.0.0.201904181610/tools/bin/../lib/gcc/arm-none-eabi/7.3.1/thumb/v7e-m/fpv4-sp/hard\libgcc.a(_arm_fixdfsi.o)
                0x0000000008000b58                __aeabi_d2iz
                0x0000000008000b58                __fixdfsi
 .text          0x0000000008000ba8       0x40 d:/programs/stm32cubeide_1.1.0/stm32cubeide/plugins/com.st.stm32cube.ide.mcu.externaltools.gnu-tools-for-stm32.7-2018-q2-update.win32_1.0.0.201904181610/tools/bin/../lib/gcc/arm-none-eabi/7.3.1/thumb/v7e-m/fpv4-sp/hard\libgcc.a(_arm_fixunsdfsi.o)
                0x0000000008000ba8                __aeabi_d2uiz
                0x0000000008000ba8                __fixunsdfsi
 .text          0x0000000008000be8       0xa0 d:/programs/stm32cubeide_1.1.0/stm32cubeide/plugins/com.st.stm32cube.ide.mcu.externaltools.gnu-tools-for-stm32.7-2018-q2-update.win32_1.0.0.201904181610/tools/bin/../lib/gcc/arm-none-eabi/7.3.1/thumb/v7e-m/fpv4-sp/hard\libgcc.a(_arm_truncdfsf2.o)
                0x0000000008000be8                __truncdfsf2
                0x0000000008000be8                __aeabi_d2f
 *(.text*)
 .text.ProgramInit
                0x0000000008000c88       0xdc Core/Src/Context.o
                0x0000000008000c88                ProgramInit
 .text.AwaitForSignal
                0x0000000008000d64       0x4c Core/Src/Context.o
                0x0000000008000d64                AwaitForSignal
 .text.ProcessValues
                0x0000000008000db0       0x28 Core/Src/Context.o
                0x0000000008000db0                ProcessValues
 .text.SetToChangeDisplayMode
                0x0000000008000dd8       0x18 Core/Src/Context.o
                0x0000000008000dd8                SetToChangeDisplayMode
 .text.SetToUpdateDisplay
                0x0000000008000df0       0x18 Core/Src/Context.o
                0x0000000008000df0                SetToUpdateDisplay
 .text.SetToCalibrate
                0x0000000008000e08       0x18 Core/Src/Context.o
                0x0000000008000e08                SetToCalibrate
 .text.SetToSaveData
                0x0000000008000e20       0x18 Core/Src/Context.o
                0x0000000008000e20                SetToSaveData
 .text._SD_Init
                0x0000000008000e38       0x9c Core/Src/Context.o
                0x0000000008000e38                _SD_Init
 .text._SaveToSD
                0x0000000008000ed4       0xec Core/Src/Context.o
                0x0000000008000ed4                _SaveToSD
 .text._CalibrateInit
                0x0000000008000fc0       0x18 Core/Src/Context.o
                0x0000000008000fc0                _CalibrateInit
 .text._Calibrate
                0x0000000008000fd8       0x50 Core/Src/Context.o
                0x0000000008000fd8                _Calibrate
 .text._PreUpdate
                0x0000000008001028        0xc Core/Src/Context.o
                0x0000000008001028                _PreUpdate
 .text._UpdateDisplay
                0x0000000008001034       0x5c Core/Src/Context.o
                0x0000000008001034                _UpdateDisplay
 .text._PostUpdate
                0x0000000008001090       0xb0 Core/Src/Context.o
                0x0000000008001090                _PostUpdate
 .text._Prepare_DrawDisplay
                0x0000000008001140      0x18c Core/Src/Context.o
                0x0000000008001140                _Prepare_DrawDisplay
 .text._DrawDisplay
                0x00000000080012cc      0x3b8 Core/Src/Context.o
                0x00000000080012cc                _DrawDisplay
 .text._Buzzer_Enable
                0x0000000008001684       0x20 Core/Src/Context.o
                0x0000000008001684                _Buzzer_Enable
 .text._Buzzer_Disable
                0x00000000080016a4       0x20 Core/Src/Context.o
                0x00000000080016a4                _Buzzer_Disable
 .text._Calculate_GForce
                0x00000000080016c4      0x134 Core/Src/Context.o
                0x00000000080016c4                _Calculate_GForce
 .text._Calculate_Position
                0x00000000080017f8       0x7e Core/Src/Context.o
                0x00000000080017f8                _Calculate_Position
 *fill*         0x0000000008001876        0x2 
 .text._PosToRadians
                0x0000000008001878      0x204 Core/Src/Context.o
                0x0000000008001878                _PosToRadians
 .text._Calculate_Angle
                0x0000000008001a7c      0x114 Core/Src/Context.o
                0x0000000008001a7c                _Calculate_Angle
 .text.MX_GPIO_Init
                0x0000000008001b90      0x188 Core/Src/gpio.o
                0x0000000008001b90                MX_GPIO_Init
 .text.main     0x0000000008001d18       0x36 Core/Src/main.o
                0x0000000008001d18                main
 .text.SystemClock_Config
                0x0000000008001d4e       0xb6 Core/Src/main.o
                0x0000000008001d4e                SystemClock_Config
 .text.HAL_GPIO_EXTI_Callback
                0x0000000008001e04       0x2e Core/Src/main.o
                0x0000000008001e04                HAL_GPIO_EXTI_Callback
 *fill*         0x0000000008001e32        0x2 
 .text.HAL_TIM_PeriodElapsedCallback
                0x0000000008001e34       0x58 Core/Src/main.o
                0x0000000008001e34                HAL_TIM_PeriodElapsedCallback
 .text.Error_Handler
                0x0000000008001e8c        0xe Core/Src/main.o
                0x0000000008001e8c                Error_Handler
 *fill*         0x0000000008001e9a        0x2 
 .text.MX_SPI1_Init
                0x0000000008001e9c       0x7c Core/Src/spi.o
                0x0000000008001e9c                MX_SPI1_Init
 .text.MX_SPI2_Init
                0x0000000008001f18       0x7c Core/Src/spi.o
                0x0000000008001f18                MX_SPI2_Init
 .text.HAL_SPI_MspInit
                0x0000000008001f94       0xe8 Core/Src/spi.o
                0x0000000008001f94                HAL_SPI_MspInit
 .text.HAL_MspInit
                0x000000000800207c       0x8c Core/Src/stm32f3xx_hal_msp.o
                0x000000000800207c                HAL_MspInit
 .text.NMI_Handler
                0x0000000008002108        0xe Core/Src/stm32f3xx_it.o
                0x0000000008002108                NMI_Handler
 .text.HardFault_Handler
                0x0000000008002116        0x6 Core/Src/stm32f3xx_it.o
                0x0000000008002116                HardFault_Handler
 .text.MemManage_Handler
                0x000000000800211c        0x6 Core/Src/stm32f3xx_it.o
                0x000000000800211c                MemManage_Handler
 .text.BusFault_Handler
                0x0000000008002122        0x6 Core/Src/stm32f3xx_it.o
                0x0000000008002122                BusFault_Handler
 .text.UsageFault_Handler
                0x0000000008002128        0x6 Core/Src/stm32f3xx_it.o
                0x0000000008002128                UsageFault_Handler
 .text.SVC_Handler
                0x000000000800212e        0xe Core/Src/stm32f3xx_it.o
                0x000000000800212e                SVC_Handler
 .text.DebugMon_Handler
                0x000000000800213c        0xe Core/Src/stm32f3xx_it.o
                0x000000000800213c                DebugMon_Handler
 .text.PendSV_Handler
                0x000000000800214a        0xe Core/Src/stm32f3xx_it.o
                0x000000000800214a                PendSV_Handler
 .text.SysTick_Handler
                0x0000000008002158        0xc Core/Src/stm32f3xx_it.o
                0x0000000008002158                SysTick_Handler
 .text.TIM3_IRQHandler
                0x0000000008002164       0x14 Core/Src/stm32f3xx_it.o
                0x0000000008002164                TIM3_IRQHandler
 .text.TIM4_IRQHandler
                0x0000000008002178       0x14 Core/Src/stm32f3xx_it.o
                0x0000000008002178                TIM4_IRQHandler
 .text.EXTI15_10_IRQHandler
                0x000000000800218c       0x18 Core/Src/stm32f3xx_it.o
                0x000000000800218c                EXTI15_10_IRQHandler
 .text.TIM8_BRK_IRQHandler
                0x00000000080021a4       0x14 Core/Src/stm32f3xx_it.o
                0x00000000080021a4                TIM8_BRK_IRQHandler
 .text.TIM8_UP_IRQHandler
                0x00000000080021b8       0x14 Core/Src/stm32f3xx_it.o
                0x00000000080021b8                TIM8_UP_IRQHandler
 .text.TIM8_TRG_COM_IRQHandler
                0x00000000080021cc       0x14 Core/Src/stm32f3xx_it.o
                0x00000000080021cc                TIM8_TRG_COM_IRQHandler
 .text.TIM8_CC_IRQHandler
                0x00000000080021e0       0x14 Core/Src/stm32f3xx_it.o
                0x00000000080021e0                TIM8_CC_IRQHandler
 .text._sbrk    0x00000000080021f4       0x58 Core/Src/sysmem.o
                0x00000000080021f4                _sbrk
 .text.SystemInit
                0x000000000800224c       0x2c Core/Src/system_stm32f3xx.o
                0x000000000800224c                SystemInit
 .text.MX_TIM2_Init
                0x0000000008002278       0xec Core/Src/tim.o
                0x0000000008002278                MX_TIM2_Init
 .text.MX_TIM3_Init
                0x0000000008002364       0x9c Core/Src/tim.o
                0x0000000008002364                MX_TIM3_Init
 .text.MX_TIM4_Init
                0x0000000008002400       0x9c Core/Src/tim.o
                0x0000000008002400                MX_TIM4_Init
 .text.MX_TIM8_Init
                0x000000000800249c       0xa8 Core/Src/tim.o
                0x000000000800249c                MX_TIM8_Init
 .text.HAL_TIM_Base_MspInit
                0x0000000008002544      0x110 Core/Src/tim.o
                0x0000000008002544                HAL_TIM_Base_MspInit
 .text.HAL_TIM_MspPostInit
                0x0000000008002654       0x68 Core/Src/tim.o
                0x0000000008002654                HAL_TIM_MspPostInit
 .text.MPU_Init
                0x00000000080026bc       0xbc Core/Src/MPU9250/MPU9250.o
                0x00000000080026bc                MPU_Init
 .text.MPU_begin
                0x0000000008002778      0x2fc Core/Src/MPU9250/MPU9250.o
                0x0000000008002778                MPU_begin
 .text.MPU_setGyroRange
                0x0000000008002a74       0xf8 Core/Src/MPU9250/MPU9250.o
                0x0000000008002a74                MPU_setGyroRange
 .text.MPU_setDlpfBandwidth
                0x0000000008002b6c      0x14c Core/Src/MPU9250/MPU9250.o
                0x0000000008002b6c                MPU_setDlpfBandwidth
 .text.MPU_setSrd
                0x0000000008002cb8       0xd4 Core/Src/MPU9250/MPU9250.o
                0x0000000008002cb8                MPU_setSrd
 .text.MPU_readSensor
                0x0000000008002d8c      0x2e8 Core/Src/MPU9250/MPU9250.o
                0x0000000008002d8c                MPU_readSensor
 .text.MPU_getAccelX_mss
                0x0000000008003074       0x1c Core/Src/MPU9250/MPU9250.o
                0x0000000008003074                MPU_getAccelX_mss
 .text.MPU_getAccelY_mss
                0x0000000008003090       0x1c Core/Src/MPU9250/MPU9250.o
                0x0000000008003090                MPU_getAccelY_mss
 .text.MPU_getAccelZ_mss
                0x00000000080030ac       0x1c Core/Src/MPU9250/MPU9250.o
                0x00000000080030ac                MPU_getAccelZ_mss
 .text.MPU_getGyroX_rads
                0x00000000080030c8       0x1c Core/Src/MPU9250/MPU9250.o
                0x00000000080030c8                MPU_getGyroX_rads
 .text.MPU_getGyroY_rads
                0x00000000080030e4       0x1c Core/Src/MPU9250/MPU9250.o
                0x00000000080030e4                MPU_getGyroY_rads
 .text.MPU_getGyroZ_rads
                0x0000000008003100       0x1c Core/Src/MPU9250/MPU9250.o
                0x0000000008003100                MPU_getGyroZ_rads
 .text.MPU_getMagX_uT
                0x000000000800311c       0x1c Core/Src/MPU9250/MPU9250.o
                0x000000000800311c                MPU_getMagX_uT
 .text.MPU_getMagY_uT
                0x0000000008003138       0x1c Core/Src/MPU9250/MPU9250.o
                0x0000000008003138                MPU_getMagY_uT
 .text.MPU_getMagZ_uT
                0x0000000008003154       0x1c Core/Src/MPU9250/MPU9250.o
                0x0000000008003154                MPU_getMagZ_uT
 .text.MPU_getTemperature_C
                0x0000000008003170       0x1c Core/Src/MPU9250/MPU9250.o
                0x0000000008003170                MPU_getTemperature_C
 .text.MPU_getAccelX_raw
                0x000000000800318c       0x18 Core/Src/MPU9250/MPU9250.o
                0x000000000800318c                MPU_getAccelX_raw
 .text.MPU_getAccelY_raw
                0x00000000080031a4       0x18 Core/Src/MPU9250/MPU9250.o
                0x00000000080031a4                MPU_getAccelY_raw
 .text.MPU_getAccelZ_raw
                0x00000000080031bc       0x18 Core/Src/MPU9250/MPU9250.o
                0x00000000080031bc                MPU_getAccelZ_raw
 .text.MPU_calibrateGyro
                0x00000000080031d4      0x224 Core/Src/MPU9250/MPU9250.o
                0x00000000080031d4                MPU_calibrateGyro
 .text._MPU_writeRegister
                0x00000000080033f8       0x58 Core/Src/MPU9250/MPU9250.o
                0x00000000080033f8                _MPU_writeRegister
 .text._MPU_readRegisters
                0x0000000008003450       0x68 Core/Src/MPU9250/MPU9250.o
                0x0000000008003450                _MPU_readRegisters
 .text._MPU_writeAK8963Register
                0x00000000080034b8       0xa0 Core/Src/MPU9250/MPU9250.o
                0x00000000080034b8                _MPU_writeAK8963Register
 .text._MPU_readAK8963Registers
                0x0000000008003558       0x80 Core/Src/MPU9250/MPU9250.o
                0x0000000008003558                _MPU_readAK8963Registers
 .text._MPU_whoAmI
                0x00000000080035d8       0x2c Core/Src/MPU9250/MPU9250.o
                0x00000000080035d8                _MPU_whoAmI
 .text._MPU_whoAmIAK8963
                0x0000000008003604       0x2c Core/Src/MPU9250/MPU9250.o
                0x0000000008003604                _MPU_whoAmIAK8963
 .text.AHRS_Init
                0x0000000008003630       0x70 Core/Src/MPU9250/Madgwick.o
                0x0000000008003630                AHRS_Init
 .text.MadgwickAHRSupdate
                0x00000000080036a0      0xe4c Core/Src/MPU9250/Madgwick.o
                0x00000000080036a0                MadgwickAHRSupdate
 .text.MadgwickAHRSupdateIMU
                0x00000000080044ec      0x66c Core/Src/MPU9250/Madgwick.o
                0x00000000080044ec                MadgwickAHRSupdateIMU
 .text.invSqrt  0x0000000008004b58       0x78 Core/Src/MPU9250/Madgwick.o
                0x0000000008004b58                invSqrt
 .text.SDSPI_SendCMD
                0x0000000008004bd0       0x64 Core/Src/SD_SPI/sd_spi.o
                0x0000000008004bd0                SDSPI_SendCMD
 .text.SDSPI_Response
                0x0000000008004c34       0xa0 Core/Src/SD_SPI/sd_spi.o
                0x0000000008004c34                SDSPI_Response
 .text.SDSPI_CMD
                0x0000000008004cd4       0xba Core/Src/SD_SPI/sd_spi.o
                0x0000000008004cd4                SDSPI_CMD
 .text.SDSPI_ACMD
                0x0000000008004d8e       0x7a Core/Src/SD_SPI/sd_spi.o
                0x0000000008004d8e                SDSPI_ACMD
 .text.SDSPI_Init
                0x0000000008004e08      0x25c Core/Src/SD_SPI/sd_spi.o
                0x0000000008004e08                SDSPI_Init
 .text.SDSPI_ReadCommand
                0x0000000008005064      0x1a8 Core/Src/SD_SPI/sd_spi.o
                0x0000000008005064                SDSPI_ReadCommand
 .text.SDSPI_WriteBlock
                0x000000000800520c      0x1d8 Core/Src/SD_SPI/sd_spi.o
                0x000000000800520c                SDSPI_WriteBlock
 .text.SDSPI_ReadBlock
                0x00000000080053e4       0x28 Core/Src/SD_SPI/sd_spi.o
                0x00000000080053e4                SDSPI_ReadBlock
 .text.SDSPI_ReadInfo
                0x000000000800540c       0xe2 Core/Src/SD_SPI/sd_spi.o
                0x000000000800540c                SDSPI_ReadInfo
 *fill*         0x00000000080054ee        0x2 
 .text.st7789_WriteCmd
                0x00000000080054f0       0x34 Core/Src/ST7789/st7789.o
                0x00000000080054f0                st7789_WriteCmd
 .text.st7789_WriteData
                0x0000000008005524       0x34 Core/Src/ST7789/st7789.o
                0x0000000008005524                st7789_WriteData
 .text.st7789_WriteDataWord
                0x0000000008005558       0x48 Core/Src/ST7789/st7789.o
                0x0000000008005558                st7789_WriteDataWord
 .text.st7789_Reset
                0x00000000080055a0       0x3c Core/Src/ST7789/st7789.o
                0x00000000080055a0                st7789_Reset
 .text.st7789_SetRotation
                0x00000000080055dc       0xac Core/Src/ST7789/st7789.o
                0x00000000080055dc                st7789_SetRotation
 .text.st7789_Init
                0x0000000008005688       0x84 Core/Src/ST7789/st7789.o
                0x0000000008005688                st7789_Init
 .text.st7789_SetWindow
                0x000000000800570c       0x90 Core/Src/ST7789/st7789.o
                0x000000000800570c                st7789_SetWindow
 .text.st7789_FillRectangle
                0x000000000800579c       0xd4 Core/Src/ST7789/st7789.o
                0x000000000800579c                st7789_FillRectangle
 .text.st7789_FillScreen
                0x0000000008005870       0x40 Core/Src/ST7789/st7789.o
                0x0000000008005870                st7789_FillScreen
 .text.st7789_DrawChar
                0x00000000080058b0      0x160 Core/Src/ST7789/st7789.o
                0x00000000080058b0                st7789_DrawChar
 .text.st7789_DrawString
                0x0000000008005a10       0x90 Core/Src/ST7789/st7789.o
                0x0000000008005a10                st7789_DrawString
 .text.Reset_Handler
                0x0000000008005aa0       0x50 Core/Startup/startup_stm32f303cctx.o
                0x0000000008005aa0                Reset_Handler
 .text.Default_Handler
                0x0000000008005af0        0x2 Core/Startup/startup_stm32f303cctx.o
                0x0000000008005af0                RTC_Alarm_IRQHandler
                0x0000000008005af0                TIM1_CC_IRQHandler
                0x0000000008005af0                USB_HP_IRQHandler
                0x0000000008005af0                PVD_IRQHandler
                0x0000000008005af0                TAMP_STAMP_IRQHandler
                0x0000000008005af0                EXTI3_IRQHandler
                0x0000000008005af0                USB_HP_CAN_TX_IRQHandler
                0x0000000008005af0                EXTI0_IRQHandler
                0x0000000008005af0                I2C2_EV_IRQHandler
                0x0000000008005af0                FPU_IRQHandler
                0x0000000008005af0                TIM1_UP_TIM16_IRQHandler
                0x0000000008005af0                ADC1_2_IRQHandler
                0x0000000008005af0                SPI1_IRQHandler
                0x0000000008005af0                CAN_SCE_IRQHandler
                0x0000000008005af0                TIM6_DAC_IRQHandler
                0x0000000008005af0                DMA2_Channel2_IRQHandler
                0x0000000008005af0                DMA1_Channel4_IRQHandler
                0x0000000008005af0                USART3_IRQHandler
                0x0000000008005af0                DMA1_Channel7_IRQHandler
                0x0000000008005af0                UART5_IRQHandler
                0x0000000008005af0                ADC3_IRQHandler
                0x0000000008005af0                CAN_RX1_IRQHandler
                0x0000000008005af0                DMA2_Channel1_IRQHandler
                0x0000000008005af0                I2C1_EV_IRQHandler
                0x0000000008005af0                DMA1_Channel6_IRQHandler
                0x0000000008005af0                UART4_IRQHandler
                0x0000000008005af0                DMA2_Channel4_IRQHandler
                0x0000000008005af0                RCC_IRQHandler
                0x0000000008005af0                DMA1_Channel1_IRQHandler
                0x0000000008005af0                Default_Handler
                0x0000000008005af0                USBWakeUp_RMP_IRQHandler
                0x0000000008005af0                TIM7_IRQHandler
                0x0000000008005af0                EXTI9_5_IRQHandler
                0x0000000008005af0                RTC_WKUP_IRQHandler
                0x0000000008005af0                SPI2_IRQHandler
                0x0000000008005af0                USB_LP_CAN_RX0_IRQHandler
                0x0000000008005af0                DMA2_Channel5_IRQHandler
                0x0000000008005af0                DMA1_Channel5_IRQHandler
                0x0000000008005af0                USB_LP_IRQHandler
                0x0000000008005af0                EXTI4_IRQHandler
                0x0000000008005af0                TIM1_TRG_COM_TIM17_IRQHandler
                0x0000000008005af0                DMA1_Channel3_IRQHandler
                0x0000000008005af0                ADC4_IRQHandler
                0x0000000008005af0                WWDG_IRQHandler
                0x0000000008005af0                TIM2_IRQHandler
                0x0000000008005af0                COMP7_IRQHandler
                0x0000000008005af0                COMP1_2_3_IRQHandler
                0x0000000008005af0                EXTI1_IRQHandler
                0x0000000008005af0                USART2_IRQHandler
                0x0000000008005af0                COMP4_5_6_IRQHandler
                0x0000000008005af0                I2C2_ER_IRQHandler
                0x0000000008005af0                DMA1_Channel2_IRQHandler
                0x0000000008005af0                FLASH_IRQHandler
                0x0000000008005af0                USART1_IRQHandler
                0x0000000008005af0                SPI3_IRQHandler
                0x0000000008005af0                I2C1_ER_IRQHandler
                0x0000000008005af0                USBWakeUp_IRQHandler
                0x0000000008005af0                DMA2_Channel3_IRQHandler
                0x0000000008005af0                EXTI2_TSC_IRQHandler
                0x0000000008005af0                TIM1_BRK_TIM15_IRQHandler
 *fill*         0x0000000008005af2        0x2 
 .text.HAL_Init
                0x0000000008005af4       0x2c Drivers/STM32F3xx_HAL_Driver/Src/stm32f3xx_hal.o
                0x0000000008005af4                HAL_Init
 .text.HAL_InitTick
                0x0000000008005b20       0x60 Drivers/STM32F3xx_HAL_Driver/Src/stm32f3xx_hal.o
                0x0000000008005b20                HAL_InitTick
 .text.HAL_IncTick
                0x0000000008005b80       0x28 Drivers/STM32F3xx_HAL_Driver/Src/stm32f3xx_hal.o
                0x0000000008005b80                HAL_IncTick
 .text.HAL_GetTick
                0x0000000008005ba8       0x18 Drivers/STM32F3xx_HAL_Driver/Src/stm32f3xx_hal.o
                0x0000000008005ba8                HAL_GetTick
 .text.HAL_Delay
                0x0000000008005bc0       0x44 Drivers/STM32F3xx_HAL_Driver/Src/stm32f3xx_hal.o
                0x0000000008005bc0                HAL_Delay
 .text.__NVIC_SetPriorityGrouping
                0x0000000008005c04       0x48 Drivers/STM32F3xx_HAL_Driver/Src/stm32f3xx_hal_cortex.o
 .text.__NVIC_GetPriorityGrouping
                0x0000000008005c4c       0x1c Drivers/STM32F3xx_HAL_Driver/Src/stm32f3xx_hal_cortex.o
 .text.__NVIC_EnableIRQ
                0x0000000008005c68       0x3c Drivers/STM32F3xx_HAL_Driver/Src/stm32f3xx_hal_cortex.o
 .text.__NVIC_SetPriority
                0x0000000008005ca4       0x54 Drivers/STM32F3xx_HAL_Driver/Src/stm32f3xx_hal_cortex.o
 .text.NVIC_EncodePriority
                0x0000000008005cf8       0x66 Drivers/STM32F3xx_HAL_Driver/Src/stm32f3xx_hal_cortex.o
 *fill*         0x0000000008005d5e        0x2 
 .text.SysTick_Config
                0x0000000008005d60       0x44 Drivers/STM32F3xx_HAL_Driver/Src/stm32f3xx_hal_cortex.o
 .text.HAL_NVIC_SetPriorityGrouping
                0x0000000008005da4       0x16 Drivers/STM32F3xx_HAL_Driver/Src/stm32f3xx_hal_cortex.o
                0x0000000008005da4                HAL_NVIC_SetPriorityGrouping
 .text.HAL_NVIC_SetPriority
                0x0000000008005dba       0x38 Drivers/STM32F3xx_HAL_Driver/Src/stm32f3xx_hal_cortex.o
                0x0000000008005dba                HAL_NVIC_SetPriority
 .text.HAL_NVIC_EnableIRQ
                0x0000000008005df2       0x1c Drivers/STM32F3xx_HAL_Driver/Src/stm32f3xx_hal_cortex.o
                0x0000000008005df2                HAL_NVIC_EnableIRQ
 .text.HAL_SYSTICK_Config
                0x0000000008005e0e       0x18 Drivers/STM32F3xx_HAL_Driver/Src/stm32f3xx_hal_cortex.o
                0x0000000008005e0e                HAL_SYSTICK_Config
 *fill*         0x0000000008005e26        0x2 
 .text.HAL_GPIO_Init
                0x0000000008005e28      0x2f4 Drivers/STM32F3xx_HAL_Driver/Src/stm32f3xx_hal_gpio.o
                0x0000000008005e28                HAL_GPIO_Init
 .text.HAL_GPIO_WritePin
                0x000000000800611c       0x30 Drivers/STM32F3xx_HAL_Driver/Src/stm32f3xx_hal_gpio.o
                0x000000000800611c                HAL_GPIO_WritePin
 .text.HAL_GPIO_TogglePin
                0x000000000800614c       0x34 Drivers/STM32F3xx_HAL_Driver/Src/stm32f3xx_hal_gpio.o
                0x000000000800614c                HAL_GPIO_TogglePin
 .text.HAL_GPIO_EXTI_IRQHandler
                0x0000000008006180       0x30 Drivers/STM32F3xx_HAL_Driver/Src/stm32f3xx_hal_gpio.o
                0x0000000008006180                HAL_GPIO_EXTI_IRQHandler
 .text.HAL_RCC_OscConfig
                0x00000000080061b0      0xe10 Drivers/STM32F3xx_HAL_Driver/Src/stm32f3xx_hal_rcc.o
                0x00000000080061b0                HAL_RCC_OscConfig
 .text.HAL_RCC_ClockConfig
                0x0000000008006fc0      0x2f8 Drivers/STM32F3xx_HAL_Driver/Src/stm32f3xx_hal_rcc.o
                0x0000000008006fc0                HAL_RCC_ClockConfig
 .text.HAL_RCC_GetSysClockFreq
                0x00000000080072b8       0xd4 Drivers/STM32F3xx_HAL_Driver/Src/stm32f3xx_hal_rcc.o
                0x00000000080072b8                HAL_RCC_GetSysClockFreq
 .text.HAL_RCCEx_PeriphCLKConfig
                0x000000000800738c      0x360 Drivers/STM32F3xx_HAL_Driver/Src/stm32f3xx_hal_rcc_ex.o
                0x000000000800738c                HAL_RCCEx_PeriphCLKConfig
 .text.HAL_SPI_Init
                0x00000000080076ec      0x124 Drivers/STM32F3xx_HAL_Driver/Src/stm32f3xx_hal_spi.o
                0x00000000080076ec                HAL_SPI_Init
 .text.HAL_SPI_Transmit
                0x0000000008007810      0x2cc Drivers/STM32F3xx_HAL_Driver/Src/stm32f3xx_hal_spi.o
                0x0000000008007810                HAL_SPI_Transmit
 .text.HAL_SPI_Receive
                0x0000000008007adc      0x250 Drivers/STM32F3xx_HAL_Driver/Src/stm32f3xx_hal_spi.o
                0x0000000008007adc                HAL_SPI_Receive
 .text.HAL_SPI_TransmitReceive
                0x0000000008007d2c      0x426 Drivers/STM32F3xx_HAL_Driver/Src/stm32f3xx_hal_spi.o
                0x0000000008007d2c                HAL_SPI_TransmitReceive
 .text.SPI_WaitFlagStateUntilTimeout
                0x0000000008008152       0xd4 Drivers/STM32F3xx_HAL_Driver/Src/stm32f3xx_hal_spi.o
 .text.SPI_WaitFifoStateUntilTimeout
                0x0000000008008226       0xda Drivers/STM32F3xx_HAL_Driver/Src/stm32f3xx_hal_spi.o
 .text.SPI_EndRxTransaction
                0x0000000008008300       0xb0 Drivers/STM32F3xx_HAL_Driver/Src/stm32f3xx_hal_spi.o
 .text.SPI_EndRxTxTransaction
                0x00000000080083b0       0x8c Drivers/STM32F3xx_HAL_Driver/Src/stm32f3xx_hal_spi.o
 .text.HAL_TIM_Base_Init
                0x000000000800843c       0x56 Drivers/STM32F3xx_HAL_Driver/Src/stm32f3xx_hal_tim.o
                0x000000000800843c                HAL_TIM_Base_Init
 *fill*         0x0000000008008492        0x2 
 .text.HAL_TIM_Base_Start_IT
                0x0000000008008494       0x54 Drivers/STM32F3xx_HAL_Driver/Src/stm32f3xx_hal_tim.o
                0x0000000008008494                HAL_TIM_Base_Start_IT
 .text.HAL_TIM_PWM_Init
                0x00000000080084e8       0x56 Drivers/STM32F3xx_HAL_Driver/Src/stm32f3xx_hal_tim.o
                0x00000000080084e8                HAL_TIM_PWM_Init
 .text.HAL_TIM_PWM_MspInit
                0x000000000800853e       0x14 Drivers/STM32F3xx_HAL_Driver/Src/stm32f3xx_hal_tim.o
                0x000000000800853e                HAL_TIM_PWM_MspInit
 *fill*         0x0000000008008552        0x2 
 .text.HAL_TIM_PWM_Start
                0x0000000008008554       0xb0 Drivers/STM32F3xx_HAL_Driver/Src/stm32f3xx_hal_tim.o
                0x0000000008008554                HAL_TIM_PWM_Start
 .text.HAL_TIM_PWM_Stop
                0x0000000008008604       0xdc Drivers/STM32F3xx_HAL_Driver/Src/stm32f3xx_hal_tim.o
                0x0000000008008604                HAL_TIM_PWM_Stop
 .text.HAL_TIM_IRQHandler
                0x00000000080086e0      0x23e Drivers/STM32F3xx_HAL_Driver/Src/stm32f3xx_hal_tim.o
                0x00000000080086e0                HAL_TIM_IRQHandler
 *fill*         0x000000000800891e        0x2 
 .text.HAL_TIM_PWM_ConfigChannel
                0x0000000008008920      0x230 Drivers/STM32F3xx_HAL_Driver/Src/stm32f3xx_hal_tim.o
                0x0000000008008920                HAL_TIM_PWM_ConfigChannel
 .text.HAL_TIM_ConfigClockSource
                0x0000000008008b50      0x172 Drivers/STM32F3xx_HAL_Driver/Src/stm32f3xx_hal_tim.o
                0x0000000008008b50                HAL_TIM_ConfigClockSource
 .text.HAL_TIM_OC_DelayElapsedCallback
                0x0000000008008cc2       0x14 Drivers/STM32F3xx_HAL_Driver/Src/stm32f3xx_hal_tim.o
                0x0000000008008cc2                HAL_TIM_OC_DelayElapsedCallback
 .text.HAL_TIM_IC_CaptureCallback
                0x0000000008008cd6       0x14 Drivers/STM32F3xx_HAL_Driver/Src/stm32f3xx_hal_tim.o
                0x0000000008008cd6                HAL_TIM_IC_CaptureCallback
 .text.HAL_TIM_PWM_PulseFinishedCallback
                0x0000000008008cea       0x14 Drivers/STM32F3xx_HAL_Driver/Src/stm32f3xx_hal_tim.o
                0x0000000008008cea                HAL_TIM_PWM_PulseFinishedCallback
 .text.HAL_TIM_TriggerCallback
                0x0000000008008cfe       0x14 Drivers/STM32F3xx_HAL_Driver/Src/stm32f3xx_hal_tim.o
                0x0000000008008cfe                HAL_TIM_TriggerCallback
 *fill*         0x0000000008008d12        0x2 
 .text.TIM_Base_SetConfig
                0x0000000008008d14      0x120 Drivers/STM32F3xx_HAL_Driver/Src/stm32f3xx_hal_tim.o
                0x0000000008008d14                TIM_Base_SetConfig
 .text.TIM_OC1_SetConfig
                0x0000000008008e34      0x120 Drivers/STM32F3xx_HAL_Driver/Src/stm32f3xx_hal_tim.o
 .text.TIM_OC2_SetConfig
                0x0000000008008f54      0x114 Drivers/STM32F3xx_HAL_Driver/Src/stm32f3xx_hal_tim.o
                0x0000000008008f54                TIM_OC2_SetConfig
 .text.TIM_OC3_SetConfig
                0x0000000008009068      0x110 Drivers/STM32F3xx_HAL_Driver/Src/stm32f3xx_hal_tim.o
 .text.TIM_OC4_SetConfig
                0x0000000008009178       0xd4 Drivers/STM32F3xx_HAL_Driver/Src/stm32f3xx_hal_tim.o
 .text.TIM_OC5_SetConfig
                0x000000000800924c       0xc8 Drivers/STM32F3xx_HAL_Driver/Src/stm32f3xx_hal_tim.o
 .text.TIM_OC6_SetConfig
                0x0000000008009314       0xcc Drivers/STM32F3xx_HAL_Driver/Src/stm32f3xx_hal_tim.o
 .text.TIM_TI1_ConfigInputStage
                0x00000000080093e0       0x5e Drivers/STM32F3xx_HAL_Driver/Src/stm32f3xx_hal_tim.o
 .text.TIM_TI2_ConfigInputStage
                0x000000000800943e       0x60 Drivers/STM32F3xx_HAL_Driver/Src/stm32f3xx_hal_tim.o
 .text.TIM_ITRx_SetConfig
                0x000000000800949e       0x36 Drivers/STM32F3xx_HAL_Driver/Src/stm32f3xx_hal_tim.o
 .text.TIM_ETR_SetConfig
                0x00000000080094d4       0x40 Drivers/STM32F3xx_HAL_Driver/Src/stm32f3xx_hal_tim.o
                0x00000000080094d4                TIM_ETR_SetConfig
 .text.TIM_CCxChannelCmd
                0x0000000008009514       0x4a Drivers/STM32F3xx_HAL_Driver/Src/stm32f3xx_hal_tim.o
                0x0000000008009514                TIM_CCxChannelCmd
 *fill*         0x000000000800955e        0x2 
 .text.HAL_TIMEx_MasterConfigSynchronization
                0x0000000008009560      0x100 Drivers/STM32F3xx_HAL_Driver/Src/stm32f3xx_hal_tim_ex.o
                0x0000000008009560                HAL_TIMEx_MasterConfigSynchronization
 .text.HAL_TIMEx_CommutCallback
                0x0000000008009660       0x14 Drivers/STM32F3xx_HAL_Driver/Src/stm32f3xx_hal_tim_ex.o
                0x0000000008009660                HAL_TIMEx_CommutCallback
 .text.HAL_TIMEx_BreakCallback
                0x0000000008009674       0x14 Drivers/STM32F3xx_HAL_Driver/Src/stm32f3xx_hal_tim_ex.o
                0x0000000008009674                HAL_TIMEx_BreakCallback
 .text.HAL_TIMEx_Break2Callback
                0x0000000008009688       0x14 Drivers/STM32F3xx_HAL_Driver/Src/stm32f3xx_hal_tim_ex.o
                0x0000000008009688                HAL_TIMEx_Break2Callback
 .text.MX_FATFS_Init
                0x000000000800969c       0x24 FATFS/App/fatfs.o
                0x000000000800969c                MX_FATFS_Init
 .text.get_fattime
                0x00000000080096c0       0x10 FATFS/App/fatfs.o
                0x00000000080096c0                get_fattime
 .text.USER_initialize
                0x00000000080096d0       0x84 FATFS/Target/user_diskio.o
                0x00000000080096d0                USER_initialize
 .text.USER_status
                0x0000000008009754       0x20 FATFS/Target/user_diskio.o
                0x0000000008009754                USER_status
 .text.USER_read
                0x0000000008009774       0x58 FATFS/Target/user_diskio.o
                0x0000000008009774                USER_read
 .text.USER_write
                0x00000000080097cc       0x58 FATFS/Target/user_diskio.o
                0x00000000080097cc                USER_write
 .text.USER_ioctl
                0x0000000008009824       0x80 FATFS/Target/user_diskio.o
                0x0000000008009824                USER_ioctl
 .text.disk_status
                0x00000000080098a4       0x34 Middlewares/Third_Party/FatFs/src/diskio.o
                0x00000000080098a4                disk_status
 .text.disk_initialize
                0x00000000080098d8       0x4c Middlewares/Third_Party/FatFs/src/diskio.o
                0x00000000080098d8                disk_initialize
 .text.disk_read
                0x0000000008009924       0x40 Middlewares/Third_Party/FatFs/src/diskio.o
                0x0000000008009924                disk_read
 .text.disk_write
                0x0000000008009964       0x40 Middlewares/Third_Party/FatFs/src/diskio.o
                0x0000000008009964                disk_write
 .text.disk_ioctl
                0x00000000080099a4       0x3c Middlewares/Third_Party/FatFs/src/diskio.o
                0x00000000080099a4                disk_ioctl
 .text.mem_cpy  0x00000000080099e0       0x3c Middlewares/Third_Party/FatFs/src/ff.o
 .text.mem_set  0x0000000008009a1c       0x34 Middlewares/Third_Party/FatFs/src/ff.o
 .text.mem_cmp  0x0000000008009a50       0x4e Middlewares/Third_Party/FatFs/src/ff.o
 .text.chk_chr  0x0000000008009a9e       0x36 Middlewares/Third_Party/FatFs/src/ff.o
 .text.chk_lock
                0x0000000008009ad4       0xdc Middlewares/Third_Party/FatFs/src/ff.o
 .text.enq_lock
                0x0000000008009bb0       0x48 Middlewares/Third_Party/FatFs/src/ff.o
 .text.inc_lock
                0x0000000008009bf8      0x170 Middlewares/Third_Party/FatFs/src/ff.o
 .text.clear_lock
                0x0000000008009d68       0x54 Middlewares/Third_Party/FatFs/src/ff.o
 .text.sync_window
                0x0000000008009dbc       0x92 Middlewares/Third_Party/FatFs/src/ff.o
 .text.move_window
                0x0000000008009e4e       0x5c Middlewares/Third_Party/FatFs/src/ff.o
 .text.sync_fs  0x0000000008009eaa      0x15a Middlewares/Third_Party/FatFs/src/ff.o
 .text.clust2sect
                0x000000000800a004       0x44 Middlewares/Third_Party/FatFs/src/ff.o
                0x000000000800a004                clust2sect
 .text.get_fat  0x000000000800a048      0x16e Middlewares/Third_Party/FatFs/src/ff.o
                0x000000000800a048                get_fat
 .text.put_fat  0x000000000800a1b6      0x216 Middlewares/Third_Party/FatFs/src/ff.o
                0x000000000800a1b6                put_fat
 .text.remove_chain
                0x000000000800a3cc       0xb4 Middlewares/Third_Party/FatFs/src/ff.o
 .text.create_chain
                0x000000000800a480      0x13a Middlewares/Third_Party/FatFs/src/ff.o
 .text.clmt_clust
                0x000000000800a5ba       0x6a Middlewares/Third_Party/FatFs/src/ff.o
 .text.dir_sdi  0x000000000800a624      0x128 Middlewares/Third_Party/FatFs/src/ff.o
 .text.dir_next
                0x000000000800a74c      0x1ee Middlewares/Third_Party/FatFs/src/ff.o
 .text.dir_alloc
                0x000000000800a93a       0x94 Middlewares/Third_Party/FatFs/src/ff.o
 .text.ld_clust
                0x000000000800a9ce       0x5c Middlewares/Third_Party/FatFs/src/ff.o
 .text.st_clust
                0x000000000800aa2a       0x4e Middlewares/Third_Party/FatFs/src/ff.o
 .text.cmp_lfn  0x000000000800aa78       0xdc Middlewares/Third_Party/FatFs/src/ff.o
 .text.fit_lfn  0x000000000800ab54       0xec Middlewares/Third_Party/FatFs/src/ff.o
 .text.gen_numname
                0x000000000800ac40      0x11e Middlewares/Third_Party/FatFs/src/ff.o
 .text.sum_sfn  0x000000000800ad5e       0x42 Middlewares/Third_Party/FatFs/src/ff.o
 .text.dir_find
                0x000000000800ada0      0x180 Middlewares/Third_Party/FatFs/src/ff.o
 .text.dir_register
                0x000000000800af20      0x21c Middlewares/Third_Party/FatFs/src/ff.o
 .text.create_name
                0x000000000800b13c      0x370 Middlewares/Third_Party/FatFs/src/ff.o
 .text.follow_path
                0x000000000800b4ac       0xdc Middlewares/Third_Party/FatFs/src/ff.o
 .text.get_ldnumber
                0x000000000800b588       0x88 Middlewares/Third_Party/FatFs/src/ff.o
 .text.check_fs
                0x000000000800b610       0xd4 Middlewares/Third_Party/FatFs/src/ff.o
 .text.find_volume
                0x000000000800b6e4      0x594 Middlewares/Third_Party/FatFs/src/ff.o
 .text.validate
                0x000000000800bc78       0x66 Middlewares/Third_Party/FatFs/src/ff.o
 *fill*         0x000000000800bcde        0x2 
 .text.f_mount  0x000000000800bce0       0x90 Middlewares/Third_Party/FatFs/src/ff.o
                0x000000000800bce0                f_mount
 .text.f_open   0x000000000800bd70      0x424 Middlewares/Third_Party/FatFs/src/ff.o
                0x000000000800bd70                f_open
 .text.f_write  0x000000000800c194      0x35a Middlewares/Third_Party/FatFs/src/ff.o
                0x000000000800c194                f_write
 .text.f_sync   0x000000000800c4ee      0x174 Middlewares/Third_Party/FatFs/src/ff.o
                0x000000000800c4ee                f_sync
 .text.putc_bfd
                0x000000000800c662       0x7a Middlewares/Third_Party/FatFs/src/ff.o
 .text.f_puts   0x000000000800c6dc       0x74 Middlewares/Third_Party/FatFs/src/ff.o
                0x000000000800c6dc                f_puts
 .text.FATFS_LinkDriverEx
                0x000000000800c750       0x98 Middlewares/Third_Party/FatFs/src/ff_gen_drv.o
                0x000000000800c750                FATFS_LinkDriverEx
 .text.FATFS_LinkDriver
                0x000000000800c7e8       0x1e Middlewares/Third_Party/FatFs/src/ff_gen_drv.o
                0x000000000800c7e8                FATFS_LinkDriver
 *fill*         0x000000000800c806        0x2 
 .text.ff_convert
                0x000000000800c808       0x78 Middlewares/Third_Party/FatFs/src/option/ccsbcs.o
                0x000000000800c808                ff_convert
 .text.ff_wtoupper
                0x000000000800c880       0x5c Middlewares/Third_Party/FatFs/src/option/ccsbcs.o
                0x000000000800c880                ff_wtoupper
 .text.asin     0x000000000800c8dc       0xb0 d:/programs/stm32cubeide_1.1.0/stm32cubeide/plugins/com.st.stm32cube.ide.mcu.externaltools.gnu-tools-for-stm32.7-2018-q2-update.win32_1.0.0.201904181610/tools/bin/../lib/gcc/arm-none-eabi/7.3.1/../../../../arm-none-eabi/lib/thumb/v7e-m/fpv4-sp/hard\libm.a(lib_a-w_asin.o)
                0x000000000800c8dc                asin
 .text.atan2    0x000000000800c98c        0x4 d:/programs/stm32cubeide_1.1.0/stm32cubeide/plugins/com.st.stm32cube.ide.mcu.externaltools.gnu-tools-for-stm32.7-2018-q2-update.win32_1.0.0.201904181610/tools/bin/../lib/gcc/arm-none-eabi/7.3.1/../../../../arm-none-eabi/lib/thumb/v7e-m/fpv4-sp/hard\libm.a(lib_a-w_atan2.o)
                0x000000000800c98c                atan2
 .text.sqrt     0x000000000800c990       0xb4 d:/programs/stm32cubeide_1.1.0/stm32cubeide/plugins/com.st.stm32cube.ide.mcu.externaltools.gnu-tools-for-stm32.7-2018-q2-update.win32_1.0.0.201904181610/tools/bin/../lib/gcc/arm-none-eabi/7.3.1/../../../../arm-none-eabi/lib/thumb/v7e-m/fpv4-sp/hard\libm.a(lib_a-w_sqrt.o)
                0x000000000800c990                sqrt
 *fill*         0x000000000800ca44        0x4 
 .text.__ieee754_asin
                0x000000000800ca48      0x420 d:/programs/stm32cubeide_1.1.0/stm32cubeide/plugins/com.st.stm32cube.ide.mcu.externaltools.gnu-tools-for-stm32.7-2018-q2-update.win32_1.0.0.201904181610/tools/bin/../lib/gcc/arm-none-eabi/7.3.1/../../../../arm-none-eabi/lib/thumb/v7e-m/fpv4-sp/hard\libm.a(lib_a-e_asin.o)
                0x000000000800ca48                __ieee754_asin
 .text.__ieee754_atan2
                0x000000000800ce68      0x1bc d:/programs/stm32cubeide_1.1.0/stm32cubeide/plugins/com.st.stm32cube.ide.mcu.externaltools.gnu-tools-for-stm32.7-2018-q2-update.win32_1.0.0.201904181610/tools/bin/../lib/gcc/arm-none-eabi/7.3.1/../../../../arm-none-eabi/lib/thumb/v7e-m/fpv4-sp/hard\libm.a(lib_a-e_atan2.o)
                0x000000000800ce68                __ieee754_atan2
 .text.__ieee754_sqrt
                0x000000000800d024      0x160 d:/programs/stm32cubeide_1.1.0/stm32cubeide/plugins/com.st.stm32cube.ide.mcu.externaltools.gnu-tools-for-stm32.7-2018-q2-update.win32_1.0.0.201904181610/tools/bin/../lib/gcc/arm-none-eabi/7.3.1/../../../../arm-none-eabi/lib/thumb/v7e-m/fpv4-sp/hard\libm.a(lib_a-e_sqrt.o)
                0x000000000800d024                __ieee754_sqrt
 *fill*         0x000000000800d184        0x4 
 .text.atan     0x000000000800d188      0x340 d:/programs/stm32cubeide_1.1.0/stm32cubeide/plugins/com.st.stm32cube.ide.mcu.externaltools.gnu-tools-for-stm32.7-2018-q2-update.win32_1.0.0.201904181610/tools/bin/../lib/gcc/arm-none-eabi/7.3.1/../../../../arm-none-eabi/lib/thumb/v7e-m/fpv4-sp/hard\libm.a(lib_a-s_atan.o)
                0x000000000800d188                atan
 .text.fabs     0x000000000800d4c8       0x12 d:/programs/stm32cubeide_1.1.0/stm32cubeide/plugins/com.st.stm32cube.ide.mcu.externaltools.gnu-tools-for-stm32.7-2018-q2-update.win32_1.0.0.201904181610/tools/bin/../lib/gcc/arm-none-eabi/7.3.1/../../../../arm-none-eabi/lib/thumb/v7e-m/fpv4-sp/hard\libm.a(lib_a-s_fabs.o)
                0x000000000800d4c8                fabs
 .text.matherr  0x000000000800d4da        0x4 d:/programs/stm32cubeide_1.1.0/stm32cubeide/plugins/com.st.stm32cube.ide.mcu.externaltools.gnu-tools-for-stm32.7-2018-q2-update.win32_1.0.0.201904181610/tools/bin/../lib/gcc/arm-none-eabi/7.3.1/../../../../arm-none-eabi/lib/thumb/v7e-m/fpv4-sp/hard\libm.a(lib_a-s_matherr.o)
                0x000000000800d4da                matherr
 *fill*         0x000000000800d4de        0x2 
 .text.nan      0x000000000800d4e0       0x10 d:/programs/stm32cubeide_1.1.0/stm32cubeide/plugins/com.st.stm32cube.ide.mcu.externaltools.gnu-tools-for-stm32.7-2018-q2-update.win32_1.0.0.201904181610/tools/bin/../lib/gcc/arm-none-eabi/7.3.1/../../../../arm-none-eabi/lib/thumb/v7e-m/fpv4-sp/hard\libm.a(lib_a-s_nan.o)
                0x000000000800d4e0                nan
 .text.__errno  0x000000000800d4f0        0xc d:/programs/stm32cubeide_1.1.0/stm32cubeide/plugins/com.st.stm32cube.ide.mcu.externaltools.gnu-tools-for-stm32.7-2018-q2-update.win32_1.0.0.201904181610/tools/bin/../lib/gcc/arm-none-eabi/7.3.1/../../../../arm-none-eabi/lib/thumb/v7e-m/fpv4-sp/hard\libc_nano.a(lib_a-errno.o)
                0x000000000800d4f0                __errno
 .text.__libc_init_array
                0x000000000800d4fc       0x48 d:/programs/stm32cubeide_1.1.0/stm32cubeide/plugins/com.st.stm32cube.ide.mcu.externaltools.gnu-tools-for-stm32.7-2018-q2-update.win32_1.0.0.201904181610/tools/bin/../lib/gcc/arm-none-eabi/7.3.1/../../../../arm-none-eabi/lib/thumb/v7e-m/fpv4-sp/hard\libc_nano.a(lib_a-init.o)
                0x000000000800d4fc                __libc_init_array
 .text.memset   0x000000000800d544       0x10 d:/programs/stm32cubeide_1.1.0/stm32cubeide/plugins/com.st.stm32cube.ide.mcu.externaltools.gnu-tools-for-stm32.7-2018-q2-update.win32_1.0.0.201904181610/tools/bin/../lib/gcc/arm-none-eabi/7.3.1/../../../../arm-none-eabi/lib/thumb/v7e-m/fpv4-sp/hard\libc_nano.a(lib_a-memset.o)
                0x000000000800d544                memset
 .text.__cvt    0x000000000800d554       0xc2 d:/programs/stm32cubeide_1.1.0/stm32cubeide/plugins/com.st.stm32cube.ide.mcu.externaltools.gnu-tools-for-stm32.7-2018-q2-update.win32_1.0.0.201904181610/tools/bin/../lib/gcc/arm-none-eabi/7.3.1/../../../../arm-none-eabi/lib/thumb/v7e-m/fpv4-sp/hard\libc_nano.a(lib_a-nano-vfprintf_float.o)
                0x000000000800d554                __cvt
 .text.__exponent
                0x000000000800d616       0x66 d:/programs/stm32cubeide_1.1.0/stm32cubeide/plugins/com.st.stm32cube.ide.mcu.externaltools.gnu-tools-for-stm32.7-2018-q2-update.win32_1.0.0.201904181610/tools/bin/../lib/gcc/arm-none-eabi/7.3.1/../../../../arm-none-eabi/lib/thumb/v7e-m/fpv4-sp/hard\libc_nano.a(lib_a-nano-vfprintf_float.o)
                0x000000000800d616                __exponent
 .text._printf_float
                0x000000000800d67c      0x480 d:/programs/stm32cubeide_1.1.0/stm32cubeide/plugins/com.st.stm32cube.ide.mcu.externaltools.gnu-tools-for-stm32.7-2018-q2-update.win32_1.0.0.201904181610/tools/bin/../lib/gcc/arm-none-eabi/7.3.1/../../../../arm-none-eabi/lib/thumb/v7e-m/fpv4-sp/hard\libc_nano.a(lib_a-nano-vfprintf_float.o)
                0x000000000800d67c                _printf_float
 .text._printf_common
                0x000000000800dafc       0xea d:/programs/stm32cubeide_1.1.0/stm32cubeide/plugins/com.st.stm32cube.ide.mcu.externaltools.gnu-tools-for-stm32.7-2018-q2-update.win32_1.0.0.201904181610/tools/bin/../lib/gcc/arm-none-eabi/7.3.1/../../../../arm-none-eabi/lib/thumb/v7e-m/fpv4-sp/hard\libc_nano.a(lib_a-nano-vfprintf_i.o)
                0x000000000800dafc                _printf_common
 *fill*         0x000000000800dbe6        0x2 
 .text._printf_i
                0x000000000800dbe8      0x224 d:/programs/stm32cubeide_1.1.0/stm32cubeide/plugins/com.st.stm32cube.ide.mcu.externaltools.gnu-tools-for-stm32.7-2018-q2-update.win32_1.0.0.201904181610/tools/bin/../lib/gcc/arm-none-eabi/7.3.1/../../../../arm-none-eabi/lib/thumb/v7e-m/fpv4-sp/hard\libc_nano.a(lib_a-nano-vfprintf_i.o)
                0x000000000800dbe8                _printf_i
 .text._scanf_float
                0x000000000800de0c      0x3c4 d:/programs/stm32cubeide_1.1.0/stm32cubeide/plugins/com.st.stm32cube.ide.mcu.externaltools.gnu-tools-for-stm32.7-2018-q2-update.win32_1.0.0.201904181610/tools/bin/../lib/gcc/arm-none-eabi/7.3.1/../../../../arm-none-eabi/lib/thumb/v7e-m/fpv4-sp/hard\libc_nano.a(lib_a-nano-vfscanf_float.o)
                0x000000000800de0c                _scanf_float
 .text.nanf     0x000000000800e1d0        0xc d:/programs/stm32cubeide_1.1.0/stm32cubeide/plugins/com.st.stm32cube.ide.mcu.externaltools.gnu-tools-for-stm32.7-2018-q2-update.win32_1.0.0.201904181610/tools/bin/../lib/gcc/arm-none-eabi/7.3.1/../../../../arm-none-eabi/lib/thumb/v7e-m/fpv4-sp/hard\libc_nano.a(lib_a-sf_nan.o)
                0x000000000800e1d0                nanf
 .text.snprintf
                0x000000000800e1dc       0x68 d:/programs/stm32cubeide_1.1.0/stm32cubeide/plugins/com.st.stm32cube.ide.mcu.externaltools.gnu-tools-for-stm32.7-2018-q2-update.win32_1.0.0.201904181610/tools/bin/../lib/gcc/arm-none-eabi/7.3.1/../../../../arm-none-eabi/lib/thumb/v7e-m/fpv4-sp/hard\libc_nano.a(lib_a-snprintf.o)
                0x000000000800e1dc                sniprintf
                0x000000000800e1dc                snprintf
 .text.sprintf  0x000000000800e244       0x40 d:/programs/stm32cubeide_1.1.0/stm32cubeide/plugins/com.st.stm32cube.ide.mcu.externaltools.gnu-tools-for-stm32.7-2018-q2-update.win32_1.0.0.201904181610/tools/bin/../lib/gcc/arm-none-eabi/7.3.1/../../../../arm-none-eabi/lib/thumb/v7e-m/fpv4-sp/hard\libc_nano.a(lib_a-sprintf.o)
                0x000000000800e244                siprintf
                0x000000000800e244                sprintf
 .text.unlikely.sulp
                0x000000000800e284       0x38 d:/programs/stm32cubeide_1.1.0/stm32cubeide/plugins/com.st.stm32cube.ide.mcu.externaltools.gnu-tools-for-stm32.7-2018-q2-update.win32_1.0.0.201904181610/tools/bin/../lib/gcc/arm-none-eabi/7.3.1/../../../../arm-none-eabi/lib/thumb/v7e-m/fpv4-sp/hard\libc_nano.a(lib_a-strtod.o)
 *fill*         0x000000000800e2bc        0x4 
 .text._strtod_l
                0x000000000800e2c0      0xbe8 d:/programs/stm32cubeide_1.1.0/stm32cubeide/plugins/com.st.stm32cube.ide.mcu.externaltools.gnu-tools-for-stm32.7-2018-q2-update.win32_1.0.0.201904181610/tools/bin/../lib/gcc/arm-none-eabi/7.3.1/../../../../arm-none-eabi/lib/thumb/v7e-m/fpv4-sp/hard\libc_nano.a(lib_a-strtod.o)
                0x000000000800e2c0                _strtod_l
 .text._strtod_r
                0x000000000800eea8       0x20 d:/programs/stm32cubeide_1.1.0/stm32cubeide/plugins/com.st.stm32cube.ide.mcu.externaltools.gnu-tools-for-stm32.7-2018-q2-update.win32_1.0.0.201904181610/tools/bin/../lib/gcc/arm-none-eabi/7.3.1/../../../../arm-none-eabi/lib/thumb/v7e-m/fpv4-sp/hard\libc_nano.a(lib_a-strtod.o)
                0x000000000800eea8                _strtod_r
 .text._strtol_l.isra.0
                0x000000000800eec8       0xf6 d:/programs/stm32cubeide_1.1.0/stm32cubeide/plugins/com.st.stm32cube.ide.mcu.externaltools.gnu-tools-for-stm32.7-2018-q2-update.win32_1.0.0.201904181610/tools/bin/../lib/gcc/arm-none-eabi/7.3.1/../../../../arm-none-eabi/lib/thumb/v7e-m/fpv4-sp/hard\libc_nano.a(lib_a-strtol.o)
 *fill*         0x000000000800efbe        0x2 
 .text._strtol_r
                0x000000000800efc0       0x24 d:/programs/stm32cubeide_1.1.0/stm32cubeide/plugins/com.st.stm32cube.ide.mcu.externaltools.gnu-tools-for-stm32.7-2018-q2-update.win32_1.0.0.201904181610/tools/bin/../lib/gcc/arm-none-eabi/7.3.1/../../../../arm-none-eabi/lib/thumb/v7e-m/fpv4-sp/hard\libc_nano.a(lib_a-strtol.o)
                0x000000000800efc0                _strtol_r
 .text.quorem   0x000000000800efe4      0x118 d:/programs/stm32cubeide_1.1.0/stm32cubeide/plugins/com.st.stm32cube.ide.mcu.externaltools.gnu-tools-for-stm32.7-2018-q2-update.win32_1.0.0.201904181610/tools/bin/../lib/gcc/arm-none-eabi/7.3.1/../../../../arm-none-eabi/lib/thumb/v7e-m/fpv4-sp/hard\libc_nano.a(lib_a-dtoa.o)
 *fill*         0x000000000800f0fc        0x4 
 .text._dtoa_r  0x000000000800f100      0xb70 d:/programs/stm32cubeide_1.1.0/stm32cubeide/plugins/com.st.stm32cube.ide.mcu.externaltools.gnu-tools-for-stm32.7-2018-q2-update.win32_1.0.0.201904181610/tools/bin/../lib/gcc/arm-none-eabi/7.3.1/../../../../arm-none-eabi/lib/thumb/v7e-m/fpv4-sp/hard\libc_nano.a(lib_a-dtoa.o)
                0x000000000800f100                _dtoa_r
 .text.rshift   0x000000000800fc70       0x74 d:/programs/stm32cubeide_1.1.0/stm32cubeide/plugins/com.st.stm32cube.ide.mcu.externaltools.gnu-tools-for-stm32.7-2018-q2-update.win32_1.0.0.201904181610/tools/bin/../lib/gcc/arm-none-eabi/7.3.1/../../../../arm-none-eabi/lib/thumb/v7e-m/fpv4-sp/hard\libc_nano.a(lib_a-gdtoa-gethex.o)
 .text.__hexdig_fun
                0x000000000800fce4       0x2a d:/programs/stm32cubeide_1.1.0/stm32cubeide/plugins/com.st.stm32cube.ide.mcu.externaltools.gnu-tools-for-stm32.7-2018-q2-update.win32_1.0.0.201904181610/tools/bin/../lib/gcc/arm-none-eabi/7.3.1/../../../../arm-none-eabi/lib/thumb/v7e-m/fpv4-sp/hard\libc_nano.a(lib_a-gdtoa-gethex.o)
                0x000000000800fce4                __hexdig_fun
 .text.__gethex
                0x000000000800fd0e      0x442 d:/programs/stm32cubeide_1.1.0/stm32cubeide/plugins/com.st.stm32cube.ide.mcu.externaltools.gnu-tools-for-stm32.7-2018-q2-update.win32_1.0.0.201904181610/tools/bin/../lib/gcc/arm-none-eabi/7.3.1/../../../../arm-none-eabi/lib/thumb/v7e-m/fpv4-sp/hard\libc_nano.a(lib_a-gdtoa-gethex.o)
                0x000000000800fd0e                __gethex
 .text.L_shift  0x0000000008010150       0x24 d:/programs/stm32cubeide_1.1.0/stm32cubeide/plugins/com.st.stm32cube.ide.mcu.externaltools.gnu-tools-for-stm32.7-2018-q2-update.win32_1.0.0.201904181610/tools/bin/../lib/gcc/arm-none-eabi/7.3.1/../../../../arm-none-eabi/lib/thumb/v7e-m/fpv4-sp/hard\libc_nano.a(lib_a-gdtoa-hexnan.o)
 .text.__match  0x0000000008010174       0x28 d:/programs/stm32cubeide_1.1.0/stm32cubeide/plugins/com.st.stm32cube.ide.mcu.externaltools.gnu-tools-for-stm32.7-2018-q2-update.win32_1.0.0.201904181610/tools/bin/../lib/gcc/arm-none-eabi/7.3.1/../../../../arm-none-eabi/lib/thumb/v7e-m/fpv4-sp/hard\libc_nano.a(lib_a-gdtoa-hexnan.o)
                0x0000000008010174                __match
 .text.__hexnan
                0x000000000801019c      0x120 d:/programs/stm32cubeide_1.1.0/stm32cubeide/plugins/com.st.stm32cube.ide.mcu.externaltools.gnu-tools-for-stm32.7-2018-q2-update.win32_1.0.0.201904181610/tools/bin/../lib/gcc/arm-none-eabi/7.3.1/../../../../arm-none-eabi/lib/thumb/v7e-m/fpv4-sp/hard\libc_nano.a(lib_a-gdtoa-hexnan.o)
                0x000000000801019c                __hexnan
 .text.__locale_ctype_ptr_l
                0x00000000080102bc        0x6 d:/programs/stm32cubeide_1.1.0/stm32cubeide/plugins/com.st.stm32cube.ide.mcu.externaltools.gnu-tools-for-stm32.7-2018-q2-update.win32_1.0.0.201904181610/tools/bin/../lib/gcc/arm-none-eabi/7.3.1/../../../../arm-none-eabi/lib/thumb/v7e-m/fpv4-sp/hard\libc_nano.a(lib_a-locale.o)
                0x00000000080102bc                __locale_ctype_ptr_l
 .text.__localeconv_l
                0x00000000080102c2        0x4 d:/programs/stm32cubeide_1.1.0/stm32cubeide/plugins/com.st.stm32cube.ide.mcu.externaltools.gnu-tools-for-stm32.7-2018-q2-update.win32_1.0.0.201904181610/tools/bin/../lib/gcc/arm-none-eabi/7.3.1/../../../../arm-none-eabi/lib/thumb/v7e-m/fpv4-sp/hard\libc_nano.a(lib_a-localeconv.o)
                0x00000000080102c2                __localeconv_l
 *fill*         0x00000000080102c6        0x2 
 .text._localeconv_r
                0x00000000080102c8       0x1c d:/programs/stm32cubeide_1.1.0/stm32cubeide/plugins/com.st.stm32cube.ide.mcu.externaltools.gnu-tools-for-stm32.7-2018-q2-update.win32_1.0.0.201904181610/tools/bin/../lib/gcc/arm-none-eabi/7.3.1/../../../../arm-none-eabi/lib/thumb/v7e-m/fpv4-sp/hard\libc_nano.a(lib_a-localeconv.o)
                0x00000000080102c8                _localeconv_r
 .text.malloc   0x00000000080102e4       0x10 d:/programs/stm32cubeide_1.1.0/stm32cubeide/plugins/com.st.stm32cube.ide.mcu.externaltools.gnu-tools-for-stm32.7-2018-q2-update.win32_1.0.0.201904181610/tools/bin/../lib/gcc/arm-none-eabi/7.3.1/../../../../arm-none-eabi/lib/thumb/v7e-m/fpv4-sp/hard\libc_nano.a(lib_a-malloc.o)
                0x00000000080102e4                malloc
 .text.__ascii_mbtowc
                0x00000000080102f4       0x24 d:/programs/stm32cubeide_1.1.0/stm32cubeide/plugins/com.st.stm32cube.ide.mcu.externaltools.gnu-tools-for-stm32.7-2018-q2-update.win32_1.0.0.201904181610/tools/bin/../lib/gcc/arm-none-eabi/7.3.1/../../../../arm-none-eabi/lib/thumb/v7e-m/fpv4-sp/hard\libc_nano.a(lib_a-mbtowc_r.o)
                0x00000000080102f4                __ascii_mbtowc
 .text.memcpy   0x0000000008010318       0x16 d:/programs/stm32cubeide_1.1.0/stm32cubeide/plugins/com.st.stm32cube.ide.mcu.externaltools.gnu-tools-for-stm32.7-2018-q2-update.win32_1.0.0.201904181610/tools/bin/../lib/gcc/arm-none-eabi/7.3.1/../../../../arm-none-eabi/lib/thumb/v7e-m/fpv4-sp/hard\libc_nano.a(lib_a-memcpy-stub.o)
                0x0000000008010318                memcpy
 .text._Balloc  0x000000000801032e       0x68 d:/programs/stm32cubeide_1.1.0/stm32cubeide/plugins/com.st.stm32cube.ide.mcu.externaltools.gnu-tools-for-stm32.7-2018-q2-update.win32_1.0.0.201904181610/tools/bin/../lib/gcc/arm-none-eabi/7.3.1/../../../../arm-none-eabi/lib/thumb/v7e-m/fpv4-sp/hard\libc_nano.a(lib_a-mprec.o)
                0x000000000801032e                _Balloc
 .text._Bfree   0x0000000008010396       0x2e d:/programs/stm32cubeide_1.1.0/stm32cubeide/plugins/com.st.stm32cube.ide.mcu.externaltools.gnu-tools-for-stm32.7-2018-q2-update.win32_1.0.0.201904181610/tools/bin/../lib/gcc/arm-none-eabi/7.3.1/../../../../arm-none-eabi/lib/thumb/v7e-m/fpv4-sp/hard\libc_nano.a(lib_a-mprec.o)
                0x0000000008010396                _Bfree
 .text.__multadd
                0x00000000080103c4       0x76 d:/programs/stm32cubeide_1.1.0/stm32cubeide/plugins/com.st.stm32cube.ide.mcu.externaltools.gnu-tools-for-stm32.7-2018-q2-update.win32_1.0.0.201904181610/tools/bin/../lib/gcc/arm-none-eabi/7.3.1/../../../../arm-none-eabi/lib/thumb/v7e-m/fpv4-sp/hard\libc_nano.a(lib_a-mprec.o)
                0x00000000080103c4                __multadd
 .text.__s2b    0x000000000801043a       0x7c d:/programs/stm32cubeide_1.1.0/stm32cubeide/plugins/com.st.stm32cube.ide.mcu.externaltools.gnu-tools-for-stm32.7-2018-q2-update.win32_1.0.0.201904181610/tools/bin/../lib/gcc/arm-none-eabi/7.3.1/../../../../arm-none-eabi/lib/thumb/v7e-m/fpv4-sp/hard\libc_nano.a(lib_a-mprec.o)
                0x000000000801043a                __s2b
 .text.__hi0bits
                0x00000000080104b6       0x3e d:/programs/stm32cubeide_1.1.0/stm32cubeide/plugins/com.st.stm32cube.ide.mcu.externaltools.gnu-tools-for-stm32.7-2018-q2-update.win32_1.0.0.201904181610/tools/bin/../lib/gcc/arm-none-eabi/7.3.1/../../../../arm-none-eabi/lib/thumb/v7e-m/fpv4-sp/hard\libc_nano.a(lib_a-mprec.o)
                0x00000000080104b6                __hi0bits
 .text.__lo0bits
                0x00000000080104f4       0x5e d:/programs/stm32cubeide_1.1.0/stm32cubeide/plugins/com.st.stm32cube.ide.mcu.externaltools.gnu-tools-for-stm32.7-2018-q2-update.win32_1.0.0.201904181610/tools/bin/../lib/gcc/arm-none-eabi/7.3.1/../../../../arm-none-eabi/lib/thumb/v7e-m/fpv4-sp/hard\libc_nano.a(lib_a-mprec.o)
                0x00000000080104f4                __lo0bits
 .text.__i2b    0x0000000008010552       0x12 d:/programs/stm32cubeide_1.1.0/stm32cubeide/plugins/com.st.stm32cube.ide.mcu.externaltools.gnu-tools-for-stm32.7-2018-q2-update.win32_1.0.0.201904181610/tools/bin/../lib/gcc/arm-none-eabi/7.3.1/../../../../arm-none-eabi/lib/thumb/v7e-m/fpv4-sp/hard\libc_nano.a(lib_a-mprec.o)
                0x0000000008010552                __i2b
 .text.__multiply
                0x0000000008010564      0x12c d:/programs/stm32cubeide_1.1.0/stm32cubeide/plugins/com.st.stm32cube.ide.mcu.externaltools.gnu-tools-for-stm32.7-2018-q2-update.win32_1.0.0.201904181610/tools/bin/../lib/gcc/arm-none-eabi/7.3.1/../../../../arm-none-eabi/lib/thumb/v7e-m/fpv4-sp/hard\libc_nano.a(lib_a-mprec.o)
                0x0000000008010564                __multiply
 .text.__pow5mult
                0x0000000008010690       0x9c d:/programs/stm32cubeide_1.1.0/stm32cubeide/plugins/com.st.stm32cube.ide.mcu.externaltools.gnu-tools-for-stm32.7-2018-q2-update.win32_1.0.0.201904181610/tools/bin/../lib/gcc/arm-none-eabi/7.3.1/../../../../arm-none-eabi/lib/thumb/v7e-m/fpv4-sp/hard\libc_nano.a(lib_a-mprec.o)
                0x0000000008010690                __pow5mult
 .text.__lshift
                0x000000000801072c       0xa8 d:/programs/stm32cubeide_1.1.0/stm32cubeide/plugins/com.st.stm32cube.ide.mcu.externaltools.gnu-tools-for-stm32.7-2018-q2-update.win32_1.0.0.201904181610/tools/bin/../lib/gcc/arm-none-eabi/7.3.1/../../../../arm-none-eabi/lib/thumb/v7e-m/fpv4-sp/hard\libc_nano.a(lib_a-mprec.o)
                0x000000000801072c                __lshift
 .text.__mcmp   0x00000000080107d4       0x34 d:/programs/stm32cubeide_1.1.0/stm32cubeide/plugins/com.st.stm32cube.ide.mcu.externaltools.gnu-tools-for-stm32.7-2018-q2-update.win32_1.0.0.201904181610/tools/bin/../lib/gcc/arm-none-eabi/7.3.1/../../../../arm-none-eabi/lib/thumb/v7e-m/fpv4-sp/hard\libc_nano.a(lib_a-mprec.o)
                0x00000000080107d4                __mcmp
 .text.__mdiff  0x0000000008010808       0xba d:/programs/stm32cubeide_1.1.0/stm32cubeide/plugins/com.st.stm32cube.ide.mcu.externaltools.gnu-tools-for-stm32.7-2018-q2-update.win32_1.0.0.201904181610/tools/bin/../lib/gcc/arm-none-eabi/7.3.1/../../../../arm-none-eabi/lib/thumb/v7e-m/fpv4-sp/hard\libc_nano.a(lib_a-mprec.o)
                0x0000000008010808                __mdiff
 *fill*         0x00000000080108c2        0x2 
 .text.__ulp    0x00000000080108c4       0x50 d:/programs/stm32cubeide_1.1.0/stm32cubeide/plugins/com.st.stm32cube.ide.mcu.externaltools.gnu-tools-for-stm32.7-2018-q2-update.win32_1.0.0.201904181610/tools/bin/../lib/gcc/arm-none-eabi/7.3.1/../../../../arm-none-eabi/lib/thumb/v7e-m/fpv4-sp/hard\libc_nano.a(lib_a-mprec.o)
                0x00000000080108c4                __ulp
 .text.__b2d    0x0000000008010914       0x9c d:/programs/stm32cubeide_1.1.0/stm32cubeide/plugins/com.st.stm32cube.ide.mcu.externaltools.gnu-tools-for-stm32.7-2018-q2-update.win32_1.0.0.201904181610/tools/bin/../lib/gcc/arm-none-eabi/7.3.1/../../../../arm-none-eabi/lib/thumb/v7e-m/fpv4-sp/hard\libc_nano.a(lib_a-mprec.o)
                0x0000000008010914                __b2d
 .text.__d2b    0x00000000080109b0       0x9e d:/programs/stm32cubeide_1.1.0/stm32cubeide/plugins/com.st.stm32cube.ide.mcu.externaltools.gnu-tools-for-stm32.7-2018-q2-update.win32_1.0.0.201904181610/tools/bin/../lib/gcc/arm-none-eabi/7.3.1/../../../../arm-none-eabi/lib/thumb/v7e-m/fpv4-sp/hard\libc_nano.a(lib_a-mprec.o)
                0x00000000080109b0                __d2b
 .text.__ratio  0x0000000008010a4e       0x66 d:/programs/stm32cubeide_1.1.0/stm32cubeide/plugins/com.st.stm32cube.ide.mcu.externaltools.gnu-tools-for-stm32.7-2018-q2-update.win32_1.0.0.201904181610/tools/bin/../lib/gcc/arm-none-eabi/7.3.1/../../../../arm-none-eabi/lib/thumb/v7e-m/fpv4-sp/hard\libc_nano.a(lib_a-mprec.o)
                0x0000000008010a4e                __ratio
 .text.__copybits
                0x0000000008010ab4       0x34 d:/programs/stm32cubeide_1.1.0/stm32cubeide/plugins/com.st.stm32cube.ide.mcu.externaltools.gnu-tools-for-stm32.7-2018-q2-update.win32_1.0.0.201904181610/tools/bin/../lib/gcc/arm-none-eabi/7.3.1/../../../../arm-none-eabi/lib/thumb/v7e-m/fpv4-sp/hard\libc_nano.a(lib_a-mprec.o)
                0x0000000008010ab4                __copybits
 .text.__any_on
                0x0000000008010ae8       0x42 d:/programs/stm32cubeide_1.1.0/stm32cubeide/plugins/com.st.stm32cube.ide.mcu.externaltools.gnu-tools-for-stm32.7-2018-q2-update.win32_1.0.0.201904181610/tools/bin/../lib/gcc/arm-none-eabi/7.3.1/../../../../arm-none-eabi/lib/thumb/v7e-m/fpv4-sp/hard\libc_nano.a(lib_a-mprec.o)
                0x0000000008010ae8                __any_on
 .text._calloc_r
                0x0000000008010b2a       0x1c d:/programs/stm32cubeide_1.1.0/stm32cubeide/plugins/com.st.stm32cube.ide.mcu.externaltools.gnu-tools-for-stm32.7-2018-q2-update.win32_1.0.0.201904181610/tools/bin/../lib/gcc/arm-none-eabi/7.3.1/../../../../arm-none-eabi/lib/thumb/v7e-m/fpv4-sp/hard\libc_nano.a(lib_a-nano-callocr.o)
                0x0000000008010b2a                _calloc_r
 *fill*         0x0000000008010b46        0x2 
 .text._free_r  0x0000000008010b48       0x9c d:/programs/stm32cubeide_1.1.0/stm32cubeide/plugins/com.st.stm32cube.ide.mcu.externaltools.gnu-tools-for-stm32.7-2018-q2-update.win32_1.0.0.201904181610/tools/bin/../lib/gcc/arm-none-eabi/7.3.1/../../../../arm-none-eabi/lib/thumb/v7e-m/fpv4-sp/hard\libc_nano.a(lib_a-nano-freer.o)
                0x0000000008010b48                _free_r
 .text._malloc_r
                0x0000000008010be4       0xb4 d:/programs/stm32cubeide_1.1.0/stm32cubeide/plugins/com.st.stm32cube.ide.mcu.externaltools.gnu-tools-for-stm32.7-2018-q2-update.win32_1.0.0.201904181610/tools/bin/../lib/gcc/arm-none-eabi/7.3.1/../../../../arm-none-eabi/lib/thumb/v7e-m/fpv4-sp/hard\libc_nano.a(lib_a-nano-mallocr.o)
                0x0000000008010be4                _malloc_r
 .text.__ssputs_r
                0x0000000008010c98       0xb4 d:/programs/stm32cubeide_1.1.0/stm32cubeide/plugins/com.st.stm32cube.ide.mcu.externaltools.gnu-tools-for-stm32.7-2018-q2-update.win32_1.0.0.201904181610/tools/bin/../lib/gcc/arm-none-eabi/7.3.1/../../../../arm-none-eabi/lib/thumb/v7e-m/fpv4-sp/hard\libc_nano.a(lib_a-nano-svfprintf.o)
                0x0000000008010c98                __ssputs_r
 .text._svfprintf_r
                0x0000000008010d4c      0x1f0 d:/programs/stm32cubeide_1.1.0/stm32cubeide/plugins/com.st.stm32cube.ide.mcu.externaltools.gnu-tools-for-stm32.7-2018-q2-update.win32_1.0.0.201904181610/tools/bin/../lib/gcc/arm-none-eabi/7.3.1/../../../../arm-none-eabi/lib/thumb/v7e-m/fpv4-sp/hard\libc_nano.a(lib_a-nano-svfprintf.o)
                0x0000000008010d4c                _svfiprintf_r
                0x0000000008010d4c                _svfprintf_r
 .text._sbrk_r  0x0000000008010f3c       0x20 d:/programs/stm32cubeide_1.1.0/stm32cubeide/plugins/com.st.stm32cube.ide.mcu.externaltools.gnu-tools-for-stm32.7-2018-q2-update.win32_1.0.0.201904181610/tools/bin/../lib/gcc/arm-none-eabi/7.3.1/../../../../arm-none-eabi/lib/thumb/v7e-m/fpv4-sp/hard\libc_nano.a(lib_a-sbrkr.o)
                0x0000000008010f3c                _sbrk_r
 .text.strncmp  0x0000000008010f5c       0x24 d:/programs/stm32cubeide_1.1.0/stm32cubeide/plugins/com.st.stm32cube.ide.mcu.externaltools.gnu-tools-for-stm32.7-2018-q2-update.win32_1.0.0.201904181610/tools/bin/../lib/gcc/arm-none-eabi/7.3.1/../../../../arm-none-eabi/lib/thumb/v7e-m/fpv4-sp/hard\libc_nano.a(lib_a-strncmp.o)
                0x0000000008010f5c                strncmp
 .text.__ascii_wctomb
                0x0000000008010f80       0x1a d:/programs/stm32cubeide_1.1.0/stm32cubeide/plugins/com.st.stm32cube.ide.mcu.externaltools.gnu-tools-for-stm32.7-2018-q2-update.win32_1.0.0.201904181610/tools/bin/../lib/gcc/arm-none-eabi/7.3.1/../../../../arm-none-eabi/lib/thumb/v7e-m/fpv4-sp/hard\libc_nano.a(lib_a-wctomb_r.o)
                0x0000000008010f80                __ascii_wctomb
 .text.memmove  0x0000000008010f9a       0x32 d:/programs/stm32cubeide_1.1.0/stm32cubeide/plugins/com.st.stm32cube.ide.mcu.externaltools.gnu-tools-for-stm32.7-2018-q2-update.win32_1.0.0.201904181610/tools/bin/../lib/gcc/arm-none-eabi/7.3.1/../../../../arm-none-eabi/lib/thumb/v7e-m/fpv4-sp/hard\libc_nano.a(lib_a-memmove.o)
                0x0000000008010f9a                memmove
 .text.__malloc_lock
                0x0000000008010fcc        0x2 d:/programs/stm32cubeide_1.1.0/stm32cubeide/plugins/com.st.stm32cube.ide.mcu.externaltools.gnu-tools-for-stm32.7-2018-q2-update.win32_1.0.0.201904181610/tools/bin/../lib/gcc/arm-none-eabi/7.3.1/../../../../arm-none-eabi/lib/thumb/v7e-m/fpv4-sp/hard\libc_nano.a(lib_a-mlock.o)
                0x0000000008010fcc                __malloc_lock
 .text.__malloc_unlock
                0x0000000008010fce        0x2 d:/programs/stm32cubeide_1.1.0/stm32cubeide/plugins/com.st.stm32cube.ide.mcu.externaltools.gnu-tools-for-stm32.7-2018-q2-update.win32_1.0.0.201904181610/tools/bin/../lib/gcc/arm-none-eabi/7.3.1/../../../../arm-none-eabi/lib/thumb/v7e-m/fpv4-sp/hard\libc_nano.a(lib_a-mlock.o)
                0x0000000008010fce                __malloc_unlock
 .text._realloc_r
                0x0000000008010fd0       0x4c d:/programs/stm32cubeide_1.1.0/stm32cubeide/plugins/com.st.stm32cube.ide.mcu.externaltools.gnu-tools-for-stm32.7-2018-q2-update.win32_1.0.0.201904181610/tools/bin/../lib/gcc/arm-none-eabi/7.3.1/../../../../arm-none-eabi/lib/thumb/v7e-m/fpv4-sp/hard\libc_nano.a(lib_a-nano-reallocr.o)
                0x0000000008010fd0                _realloc_r
 .text._malloc_usable_size_r
                0x000000000801101c       0x10 d:/programs/stm32cubeide_1.1.0/stm32cubeide/plugins/com.st.stm32cube.ide.mcu.externaltools.gnu-tools-for-stm32.7-2018-q2-update.win32_1.0.0.201904181610/tools/bin/../lib/gcc/arm-none-eabi/7.3.1/../../../../arm-none-eabi/lib/thumb/v7e-m/fpv4-sp/hard\libc_nano.a(lib_a-nano-msizer.o)
                0x000000000801101c                _malloc_usable_size_r
 *(.glue_7)
 .glue_7        0x000000000801102c        0x0 linker stubs
 *(.glue_7t)
 .glue_7t       0x000000000801102c        0x0 linker stubs
 *(.eh_frame)
 .eh_frame      0x000000000801102c        0x0 d:/programs/stm32cubeide_1.1.0/stm32cubeide/plugins/com.st.stm32cube.ide.mcu.externaltools.gnu-tools-for-stm32.7-2018-q2-update.win32_1.0.0.201904181610/tools/bin/../lib/gcc/arm-none-eabi/7.3.1/thumb/v7e-m/fpv4-sp/hard/crtbegin.o
 *(.init)
 .init          0x000000000801102c        0x4 d:/programs/stm32cubeide_1.1.0/stm32cubeide/plugins/com.st.stm32cube.ide.mcu.externaltools.gnu-tools-for-stm32.7-2018-q2-update.win32_1.0.0.201904181610/tools/bin/../lib/gcc/arm-none-eabi/7.3.1/thumb/v7e-m/fpv4-sp/hard/crti.o
                0x000000000801102c                _init
 .init          0x0000000008011030        0x8 d:/programs/stm32cubeide_1.1.0/stm32cubeide/plugins/com.st.stm32cube.ide.mcu.externaltools.gnu-tools-for-stm32.7-2018-q2-update.win32_1.0.0.201904181610/tools/bin/../lib/gcc/arm-none-eabi/7.3.1/thumb/v7e-m/fpv4-sp/hard/crtn.o
 *(.fini)
 .fini          0x0000000008011038        0x4 d:/programs/stm32cubeide_1.1.0/stm32cubeide/plugins/com.st.stm32cube.ide.mcu.externaltools.gnu-tools-for-stm32.7-2018-q2-update.win32_1.0.0.201904181610/tools/bin/../lib/gcc/arm-none-eabi/7.3.1/thumb/v7e-m/fpv4-sp/hard/crti.o
                0x0000000008011038                _fini
 .fini          0x000000000801103c        0x8 d:/programs/stm32cubeide_1.1.0/stm32cubeide/plugins/com.st.stm32cube.ide.mcu.externaltools.gnu-tools-for-stm32.7-2018-q2-update.win32_1.0.0.201904181610/tools/bin/../lib/gcc/arm-none-eabi/7.3.1/thumb/v7e-m/fpv4-sp/hard/crtn.o
                0x0000000008011044                . = ALIGN (0x4)
                0x0000000008011044                _etext = .

.vfp11_veneer   0x0000000008011044        0x0
 .vfp11_veneer  0x0000000008011044        0x0 linker stubs

.v4_bx          0x0000000008011044        0x0
 .v4_bx         0x0000000008011044        0x0 linker stubs

.iplt           0x0000000008011044        0x0
 .iplt          0x0000000008011044        0x0 d:/programs/stm32cubeide_1.1.0/stm32cubeide/plugins/com.st.stm32cube.ide.mcu.externaltools.gnu-tools-for-stm32.7-2018-q2-update.win32_1.0.0.201904181610/tools/bin/../lib/gcc/arm-none-eabi/7.3.1/thumb/v7e-m/fpv4-sp/hard/crtbegin.o

.rodata         0x0000000008011048     0x35a0
                0x0000000008011048                . = ALIGN (0x4)
 *(.rodata)
 .rodata        0x0000000008011048      0x1b4 Core/Src/Context.o
 .rodata        0x00000000080111fc        0xe Core/Src/SD_SPI/sd_spi.o
 *fill*         0x000000000801120a        0x2 
 .rodata        0x000000000801120c       0x48 Middlewares/Third_Party/FatFs/src/ff.o
 *(.rodata*)
 .rodata.AHBPrescTable
                0x0000000008011254       0x10 Core/Src/system_stm32f3xx.o
                0x0000000008011254                AHBPrescTable
 .rodata.Font12_Table
                0x0000000008011264      0x474 Core/Src/ST7789/font12.o
                0x0000000008011264                Font12_Table
 .rodata.Font16_Table
                0x00000000080116d8      0xbe0 Core/Src/ST7789/font16.o
                0x00000000080116d8                Font16_Table
 .rodata.Font24_Table
                0x00000000080122b8     0x1ab8 Core/Src/ST7789/font24.o
                0x00000000080122b8                Font24_Table
 .rodata.aPLLMULFactorTable
                0x0000000008013d70       0x10 Drivers/STM32F3xx_HAL_Driver/Src/stm32f3xx_hal_rcc.o
                0x0000000008013d70                aPLLMULFactorTable
 .rodata.aPredivFactorTable
                0x0000000008013d80       0x10 Drivers/STM32F3xx_HAL_Driver/Src/stm32f3xx_hal_rcc.o
                0x0000000008013d80                aPredivFactorTable
 .rodata.ExCvt  0x0000000008013d90       0x80 Middlewares/Third_Party/FatFs/src/ff.o
 .rodata.LfnOfs
                0x0000000008013e10        0xd Middlewares/Third_Party/FatFs/src/ff.o
 *fill*         0x0000000008013e1d        0x3 
 .rodata.Tbl    0x0000000008013e20      0x100 Middlewares/Third_Party/FatFs/src/option/ccsbcs.o
 .rodata.tbl_lower.8313
                0x0000000008013f20      0x1e0 Middlewares/Third_Party/FatFs/src/option/ccsbcs.o
 .rodata.tbl_upper.8314
                0x0000000008014100      0x1e0 Middlewares/Third_Party/FatFs/src/option/ccsbcs.o
 .rodata.asin.str1.1
                0x00000000080142e0        0x5 d:/programs/stm32cubeide_1.1.0/stm32cubeide/plugins/com.st.stm32cube.ide.mcu.externaltools.gnu-tools-for-stm32.7-2018-q2-update.win32_1.0.0.201904181610/tools/bin/../lib/gcc/arm-none-eabi/7.3.1/../../../../arm-none-eabi/lib/thumb/v7e-m/fpv4-sp/hard\libm.a(lib_a-w_asin.o)
                                          0x6 (size before relaxing)
 .rodata.sqrt.str1.1
                0x00000000080142e5        0x5 d:/programs/stm32cubeide_1.1.0/stm32cubeide/plugins/com.st.stm32cube.ide.mcu.externaltools.gnu-tools-for-stm32.7-2018-q2-update.win32_1.0.0.201904181610/tools/bin/../lib/gcc/arm-none-eabi/7.3.1/../../../../arm-none-eabi/lib/thumb/v7e-m/fpv4-sp/hard\libm.a(lib_a-w_sqrt.o)
 *fill*         0x00000000080142ea        0x6 
 .rodata.atanhi
                0x00000000080142f0       0x20 d:/programs/stm32cubeide_1.1.0/stm32cubeide/plugins/com.st.stm32cube.ide.mcu.externaltools.gnu-tools-for-stm32.7-2018-q2-update.win32_1.0.0.201904181610/tools/bin/../lib/gcc/arm-none-eabi/7.3.1/../../../../arm-none-eabi/lib/thumb/v7e-m/fpv4-sp/hard\libm.a(lib_a-s_atan.o)
 .rodata.atanlo
                0x0000000008014310       0x20 d:/programs/stm32cubeide_1.1.0/stm32cubeide/plugins/com.st.stm32cube.ide.mcu.externaltools.gnu-tools-for-stm32.7-2018-q2-update.win32_1.0.0.201904181610/tools/bin/../lib/gcc/arm-none-eabi/7.3.1/../../../../arm-none-eabi/lib/thumb/v7e-m/fpv4-sp/hard\libm.a(lib_a-s_atan.o)
 .rodata._printf_float.str1.1
                0x0000000008014330       0x12 d:/programs/stm32cubeide_1.1.0/stm32cubeide/plugins/com.st.stm32cube.ide.mcu.externaltools.gnu-tools-for-stm32.7-2018-q2-update.win32_1.0.0.201904181610/tools/bin/../lib/gcc/arm-none-eabi/7.3.1/../../../../arm-none-eabi/lib/thumb/v7e-m/fpv4-sp/hard\libc_nano.a(lib_a-nano-vfprintf_float.o)
 .rodata._printf_i.str1.1
                0x0000000008014342       0x22 d:/programs/stm32cubeide_1.1.0/stm32cubeide/plugins/com.st.stm32cube.ide.mcu.externaltools.gnu-tools-for-stm32.7-2018-q2-update.win32_1.0.0.201904181610/tools/bin/../lib/gcc/arm-none-eabi/7.3.1/../../../../arm-none-eabi/lib/thumb/v7e-m/fpv4-sp/hard\libc_nano.a(lib_a-nano-vfprintf_i.o)
 .rodata._scanf_float.str1.1
                0x0000000008014364        0x5 d:/programs/stm32cubeide_1.1.0/stm32cubeide/plugins/com.st.stm32cube.ide.mcu.externaltools.gnu-tools-for-stm32.7-2018-q2-update.win32_1.0.0.201904181610/tools/bin/../lib/gcc/arm-none-eabi/7.3.1/../../../../arm-none-eabi/lib/thumb/v7e-m/fpv4-sp/hard\libc_nano.a(lib_a-nano-vfscanf_float.o)
 .rodata._strtod_l.str1.1
                0x0000000008014369        0x5 d:/programs/stm32cubeide_1.1.0/stm32cubeide/plugins/com.st.stm32cube.ide.mcu.externaltools.gnu-tools-for-stm32.7-2018-q2-update.win32_1.0.0.201904181610/tools/bin/../lib/gcc/arm-none-eabi/7.3.1/../../../../arm-none-eabi/lib/thumb/v7e-m/fpv4-sp/hard\libc_nano.a(lib_a-strtod.o)
                                          0xc (size before relaxing)
 *fill*         0x0000000008014369        0x3 
 .rodata.fpi.7435
                0x000000000801436c       0x14 d:/programs/stm32cubeide_1.1.0/stm32cubeide/plugins/com.st.stm32cube.ide.mcu.externaltools.gnu-tools-for-stm32.7-2018-q2-update.win32_1.0.0.201904181610/tools/bin/../lib/gcc/arm-none-eabi/7.3.1/../../../../arm-none-eabi/lib/thumb/v7e-m/fpv4-sp/hard\libc_nano.a(lib_a-strtod.o)
 .rodata.fpinan.7471
                0x0000000008014380       0x14 d:/programs/stm32cubeide_1.1.0/stm32cubeide/plugins/com.st.stm32cube.ide.mcu.externaltools.gnu-tools-for-stm32.7-2018-q2-update.win32_1.0.0.201904181610/tools/bin/../lib/gcc/arm-none-eabi/7.3.1/../../../../arm-none-eabi/lib/thumb/v7e-m/fpv4-sp/hard\libc_nano.a(lib_a-strtod.o)
 *fill*         0x0000000008014394        0x4 
 .rodata.tinytens
                0x0000000008014398       0x28 d:/programs/stm32cubeide_1.1.0/stm32cubeide/plugins/com.st.stm32cube.ide.mcu.externaltools.gnu-tools-for-stm32.7-2018-q2-update.win32_1.0.0.201904181610/tools/bin/../lib/gcc/arm-none-eabi/7.3.1/../../../../arm-none-eabi/lib/thumb/v7e-m/fpv4-sp/hard\libc_nano.a(lib_a-strtod.o)
 .rodata._dtoa_r.str1.1
                0x00000000080143c0        0xd d:/programs/stm32cubeide_1.1.0/stm32cubeide/plugins/com.st.stm32cube.ide.mcu.externaltools.gnu-tools-for-stm32.7-2018-q2-update.win32_1.0.0.201904181610/tools/bin/../lib/gcc/arm-none-eabi/7.3.1/../../../../arm-none-eabi/lib/thumb/v7e-m/fpv4-sp/hard\libc_nano.a(lib_a-dtoa.o)
                                          0xf (size before relaxing)
 .rodata._setlocale_r.str1.1
                0x00000000080143cd        0x8 d:/programs/stm32cubeide_1.1.0/stm32cubeide/plugins/com.st.stm32cube.ide.mcu.externaltools.gnu-tools-for-stm32.7-2018-q2-update.win32_1.0.0.201904181610/tools/bin/../lib/gcc/arm-none-eabi/7.3.1/../../../../arm-none-eabi/lib/thumb/v7e-m/fpv4-sp/hard\libc_nano.a(lib_a-locale.o)
                                          0x9 (size before relaxing)
 .rodata.str1.1
                0x00000000080143d5        0x2 d:/programs/stm32cubeide_1.1.0/stm32cubeide/plugins/com.st.stm32cube.ide.mcu.externaltools.gnu-tools-for-stm32.7-2018-q2-update.win32_1.0.0.201904181610/tools/bin/../lib/gcc/arm-none-eabi/7.3.1/../../../../arm-none-eabi/lib/thumb/v7e-m/fpv4-sp/hard\libc_nano.a(lib_a-locale.o)
 *fill*         0x00000000080143d7        0x1 
 .rodata.__mprec_bigtens
                0x00000000080143d8       0x28 d:/programs/stm32cubeide_1.1.0/stm32cubeide/plugins/com.st.stm32cube.ide.mcu.externaltools.gnu-tools-for-stm32.7-2018-q2-update.win32_1.0.0.201904181610/tools/bin/../lib/gcc/arm-none-eabi/7.3.1/../../../../arm-none-eabi/lib/thumb/v7e-m/fpv4-sp/hard\libc_nano.a(lib_a-mprec.o)
                0x00000000080143d8                __mprec_bigtens
 .rodata.__mprec_tens
                0x0000000008014400       0xc8 d:/programs/stm32cubeide_1.1.0/stm32cubeide/plugins/com.st.stm32cube.ide.mcu.externaltools.gnu-tools-for-stm32.7-2018-q2-update.win32_1.0.0.201904181610/tools/bin/../lib/gcc/arm-none-eabi/7.3.1/../../../../arm-none-eabi/lib/thumb/v7e-m/fpv4-sp/hard\libc_nano.a(lib_a-mprec.o)
                0x0000000008014400                __mprec_tens
 .rodata.p05.7359
                0x00000000080144c8        0xc d:/programs/stm32cubeide_1.1.0/stm32cubeide/plugins/com.st.stm32cube.ide.mcu.externaltools.gnu-tools-for-stm32.7-2018-q2-update.win32_1.0.0.201904181610/tools/bin/../lib/gcc/arm-none-eabi/7.3.1/../../../../arm-none-eabi/lib/thumb/v7e-m/fpv4-sp/hard\libc_nano.a(lib_a-mprec.o)
 .rodata._svfprintf_r.str1.1
                0x00000000080144d4       0x11 d:/programs/stm32cubeide_1.1.0/stm32cubeide/plugins/com.st.stm32cube.ide.mcu.externaltools.gnu-tools-for-stm32.7-2018-q2-update.win32_1.0.0.201904181610/tools/bin/../lib/gcc/arm-none-eabi/7.3.1/../../../../arm-none-eabi/lib/thumb/v7e-m/fpv4-sp/hard\libc_nano.a(lib_a-nano-svfprintf.o)
 .rodata._ctype_
                0x00000000080144e5      0x101 d:/programs/stm32cubeide_1.1.0/stm32cubeide/plugins/com.st.stm32cube.ide.mcu.externaltools.gnu-tools-for-stm32.7-2018-q2-update.win32_1.0.0.201904181610/tools/bin/../lib/gcc/arm-none-eabi/7.3.1/../../../../arm-none-eabi/lib/thumb/v7e-m/fpv4-sp/hard\libc_nano.a(lib_a-ctype_.o)
                0x00000000080144e5                _ctype_
                0x00000000080145e8                . = ALIGN (0x4)
 *fill*         0x00000000080145e6        0x2 

.rel.dyn        0x00000000080145e8        0x0
 .rel.iplt      0x00000000080145e8        0x0 d:/programs/stm32cubeide_1.1.0/stm32cubeide/plugins/com.st.stm32cube.ide.mcu.externaltools.gnu-tools-for-stm32.7-2018-q2-update.win32_1.0.0.201904181610/tools/bin/../lib/gcc/arm-none-eabi/7.3.1/thumb/v7e-m/fpv4-sp/hard/crtbegin.o

.ARM.extab      0x00000000080145e8        0x0
                0x00000000080145e8                . = ALIGN (0x4)
 *(.ARM.extab* .gnu.linkonce.armextab.*)
                0x00000000080145e8                . = ALIGN (0x4)

.ARM            0x00000000080145e8        0x0
                0x00000000080145e8                . = ALIGN (0x4)
                0x00000000080145e8                __exidx_start = .
 *(.ARM.exidx*)
                0x00000000080145e8                __exidx_end = .
                0x00000000080145e8                . = ALIGN (0x4)

.preinit_array  0x00000000080145e8        0x0
                0x00000000080145e8                . = ALIGN (0x4)
                0x00000000080145e8                PROVIDE (__preinit_array_start = .)
 *(.preinit_array*)
                0x00000000080145e8                PROVIDE (__preinit_array_end = .)
                0x00000000080145e8                . = ALIGN (0x4)

.init_array     0x00000000080145e8        0x4
                0x00000000080145e8                . = ALIGN (0x4)
                0x00000000080145e8                PROVIDE (__init_array_start = .)
 *(SORT_BY_NAME(.init_array.*))
 *(.init_array*)
 .init_array    0x00000000080145e8        0x4 d:/programs/stm32cubeide_1.1.0/stm32cubeide/plugins/com.st.stm32cube.ide.mcu.externaltools.gnu-tools-for-stm32.7-2018-q2-update.win32_1.0.0.201904181610/tools/bin/../lib/gcc/arm-none-eabi/7.3.1/thumb/v7e-m/fpv4-sp/hard/crtbegin.o
                0x00000000080145ec                PROVIDE (__init_array_end = .)