stm32f3xx_it.c:59:6:SDTimer_Handler	0	static
stm32f3xx_it.c:84:6:NMI_Handler	0	static
stm32f3xx_it.c:97:6:HardFault_Handler	0	static
stm32f3xx_it.c:112:6:MemManage_Handler	0	static
stm32f3xx_it.c:127:6:BusFault_Handler	0	static
stm32f3xx_it.c:142:6:UsageFault_Handler	0	static
stm32f3xx_it.c:157:6:SVC_Handler	0	static
stm32f3xx_it.c:170:6:DebugMon_Handler	0	static
stm32f3xx_it.c:183:6:PendSV_Handler	0	static
stm32f3xx_it.c:196:6:SysTick_Handler	0	static
stm32f3xx_it.c:224:6:TIM3_IRQHandler	0	static
stm32f3xx_it.c:238:6:TIM4_IRQHandler	0	static
stm32f3xx_it.c:252:6:EXTI15_10_IRQHandler	8	static
stm32f3xx_it.c:267:6:TIM8_BRK_IRQHandler	0	static
stm32f3xx_it.c:281:6:TIM8_UP_IRQHandler	0	static
stm32f3xx_it.c:295:6:TIM8_TRG_COM_IRQHandler	0	static
stm32f3xx_it.c:309:6:TIM8_CC_IRQHandler	0	static
