MPU9250.c:6:6:MPU_Init	4	static
MPU9250.c:39:5:MPU_begin	8	static
MPU9250.c:152:5:MPU_tAccelRange	16	static
MPU9250.c:193:5:MPU_setGyroRange	16	static
MPU9250.c:235:5:MPU_setDlpfBandwidth	16	static
MPU9250.c:299:5:MPU_setSrd	16	static
MPU9250.c:342:5:MPU_enableDataReadyInterrupt	8	static
MPU9250.c:356:5:MPU_disableDataReadyInterrupt	8	static
MPU9250.c:366:5:MPU_enableWakeOnMotion	24	static
MPU9250.c:404:5:MPU_readSensor	8	static
MPU9250.c:439:5:MPU_readSensor_noBias	8	static
MPU9250.c:475:7:MPU_getAccelX_mss	4	static
MPU9250.c:480:7:MPU_getAccelY_mss	4	static
MPU9250.c:485:7:MPU_getAccelZ_mss	4	static
MPU9250.c:490:7:MPU_getGyroX_rads	4	static
MPU9250.c:495:7:MPU_getGyroY_rads	4	static
MPU9250.c:500:7:MPU_getGyroZ_rads	4	static
MPU9250.c:505:7:MPU_getMagX_uT	4	static
MPU9250.c:510:7:MPU_getMagY_uT	4	static
MPU9250.c:515:7:MPU_getMagZ_uT	4	static
MPU9250.c:520:7:MPU_getTemperature_C	4	static
MPU9250.c:525:9:MPU_getAccelX_raw	4	static
MPU9250.c:530:9:MPU_getAccelY_raw	4	static
MPU9250.c:535:9:MPU_getAccelZ_raw	4	static
MPU9250.c:540:9:MPU_getGyroX_raw	4	static
MPU9250.c:545:9:MPU_getGyroY_raw	4	static
MPU9250.c:550:9:MPU_getGyroZ_raw	4	static
MPU9250.c:555:9:MPU_getMagX_raw	4	static
MPU9250.c:560:9:MPU_getMagY_raw	4	static
MPU9250.c:565:9:MPU_getMagZ_raw	4	static
MPU9250.c:571:5:MPU_calibrateGyro	24	static
MPU9250.c:612:7:MPU_getGyroBiasX_rads	4	static
MPU9250.c:617:7:MPU_getGyroBiasY_rads	4	static
MPU9250.c:622:7:MPU_getGyroBiasZ_rads	4	static
MPU9250.c:627:6:MPU_setGyroBiasX_rads	16	static
MPU9250.c:632:6:MPU_setGyroBiasY_rads	16	static
MPU9250.c:637:6:MPU_setGyroBiasZ_rads	16	static
MPU9250.c:644:5:MPU_calibrateAccel	32	static
MPU9250.c:714:7:MPU_getAccelBiasX_mss	4	static
MPU9250.c:719:7:MPU_getAccelScaleFactorX	4	static
MPU9250.c:724:7:MPU_getAccelBiasY_mss	4	static
MPU9250.c:729:7:MPU_getAccelScaleFactorY	4	static
MPU9250.c:734:7:MPU_getAccelBiasZ_mss	4	static
MPU9250.c:739:7:MPU_getAccelScaleFactorZ	4	static
MPU9250.c:744:6:MPU_setAccelCalX	16	static
MPU9250.c:750:6:MPU_setAccelCalY	16	static
MPU9250.c:756:6:MPU_setAccelCalZ	16	static
MPU9250.c:763:5:MPU_calibrateMag	16	static
MPU9250.c:859:7:MPU_getMagBiasX_uT	4	static
MPU9250.c:864:7:MPU_getMagScaleFactorX	4	static
MPU9250.c:869:7:MPU_getMagBiasY_uT	4	static
MPU9250.c:874:7:MPU_getMagScaleFactorY	4	static
MPU9250.c:879:7:MPU_getMagBiasZ_uT	4	static
MPU9250.c:884:7:MPU_getMagScaleFactorZ	4	static
MPU9250.c:889:6:MPU_setMagCalX	16	static
MPU9250.c:895:6:MPU_setMagCalY	16	static
MPU9250.c:901:6:MPU_setMagCalZ	16	static
MPU9250.c:912:5:_MPU_writeRegister	16	static
MPU9250.c:938:5:_MPU_readRegisters	24	static
MPU9250.c:953:5:_MPU_writeAK8963Register	16	static
MPU9250.c:982:5:_MPU_readAK8963Registers	16	static
MPU9250.c:1002:5:_MPU_whoAmI	8	static
MPU9250.c:1012:5:_MPU_whoAmIAK8963	8	static
