Context.c:9:6:ProgramInit	16	static
Context.c:45:6:AwaitForSignal	8	static
Context.c:72:6:ProcessValues	8	static
Context.c:81:6:SetToChangeDisplayMode	4	static
Context.c:82:6:SetToUpdateDisplay	4	static
Context.c:83:6:SetToCalibrate	4	static
Context.c:84:6:SetToSaveData	4	static
Context.c:91:6:_SD_Init	16	static
Context.c:125:6:_SaveToSD	224	static,ignoring_inline_asm
Context.c:159:6:_CalibrateInit	8	static
Context.c:169:6:_Calibrate	8	static
Context.c:193:6:_PreUpdate	8	static
Context.c:205:6:_UpdateDisplay	8	static
Context.c:234:6:_PostUpdate	8	static
Context.c:254:6:_TestDisplay	16	static
Context.c:279:6:_Prepare_DrawDisplay	80	static
Context.c:325:6:_DrawDisplay	184	static
Context.c:408:6:_Buzzer_Enable	8	static
Context.c:414:6:_Buzzer_Disable	8	static
Context.c:420:6:_Calculate_GForce	32	static
Context.c:443:6:_Calculate_Position	48	static
Context.c:465:6:_PosToRadians	40	static
Context.c:485:6:_Calculate_Angle	40	static
