Archive member included to satisfy reference by file (symbol)

d:/programs/stm32cubeide_1.1.0/stm32cubeide/plugins/com.st.stm32cube.ide.mcu.externaltools.gnu-tools-for-stm32.7-2018-q2-update.win32_1.0.0.201904181610/tools/bin/../lib/gcc/arm-none-eabi/7.3.1/../../../../arm-none-eabi/lib/thumb/v7e-m/fpv4-sp/hard\libm.a(lib_a-w_asin.o)
                              Core/Src/Context.o (asin)
d:/programs/stm32cubeide_1.1.0/stm32cubeide/plugins/com.st.stm32cube.ide.mcu.externaltools.gnu-tools-for-stm32.7-2018-q2-update.win32_1.0.0.201904181610/tools/bin/../lib/gcc/arm-none-eabi/7.3.1/../../../../arm-none-eabi/lib/thumb/v7e-m/fpv4-sp/hard\libm.a(lib_a-w_atan2.o)
                              Core/Src/Context.o (atan2)
d:/programs/stm32cubeide_1.1.0/stm32cubeide/plugins/com.st.stm32cube.ide.mcu.externaltools.gnu-tools-for-stm32.7-2018-q2-update.win32_1.0.0.201904181610/tools/bin/../lib/gcc/arm-none-eabi/7.3.1/../../../../arm-none-eabi/lib/thumb/v7e-m/fpv4-sp/hard\libm.a(lib_a-w_sqrt.o)
                              Core/Src/Context.o (sqrt)
d:/programs/stm32cubeide_1.1.0/stm32cubeide/plugins/com.st.stm32cube.ide.mcu.externaltools.gnu-tools-for-stm32.7-2018-q2-update.win32_1.0.0.201904181610/tools/bin/../lib/gcc/arm-none-eabi/7.3.1/../../../../arm-none-eabi/lib/thumb/v7e-m/fpv4-sp/hard\libm.a(lib_a-e_asin.o)
                              d:/programs/stm32cubeide_1.1.0/stm32cubeide/plugins/com.st.stm32cube.ide.mcu.externaltools.gnu-tools-for-stm32.7-2018-q2-update.win32_1.0.0.201904181610/tools/bin/../lib/gcc/arm-none-eabi/7.3.1/../../../../arm-none-eabi/lib/thumb/v7e-m/fpv4-sp/hard\libm.a(lib_a-w_asin.o) (__ieee754_asin)
d:/programs/stm32cubeide_1.1.0/stm32cubeide/plugins/com.st.stm32cube.ide.mcu.externaltools.gnu-tools-for-stm32.7-2018-q2-update.win32_1.0.0.201904181610/tools/bin/../lib/gcc/arm-none-eabi/7.3.1/../../../../arm-none-eabi/lib/thumb/v7e-m/fpv4-sp/hard\libm.a(lib_a-e_atan2.o)
                              d:/programs/stm32cubeide_1.1.0/stm32cubeide/plugins/com.st.stm32cube.ide.mcu.externaltools.gnu-tools-for-stm32.7-2018-q2-update.win32_1.0.0.201904181610/tools/bin/../lib/gcc/arm-none-eabi/7.3.1/../../../../arm-none-eabi/lib/thumb/v7e-m/fpv4-sp/hard\libm.a(lib_a-w_atan2.o) (__ieee754_atan2)
d:/programs/stm32cubeide_1.1.0/stm32cubeide/plugins/com.st.stm32cube.ide.mcu.externaltools.gnu-tools-for-stm32.7-2018-q2-update.win32_1.0.0.201904181610/tools/bin/../lib/gcc/arm-none-eabi/7.3.1/../../../../arm-none-eabi/lib/thumb/v7e-m/fpv4-sp/hard\libm.a(lib_a-e_sqrt.o)
                              d:/programs/stm32cubeide_1.1.0/stm32cubeide/plugins/com.st.stm32cube.ide.mcu.externaltools.gnu-tools-for-stm32.7-2018-q2-update.win32_1.0.0.201904181610/tools/bin/../lib/gcc/arm-none-eabi/7.3.1/../../../../arm-none-eabi/lib/thumb/v7e-m/fpv4-sp/hard\libm.a(lib_a-w_sqrt.o) (__ieee754_sqrt)
d:/programs/stm32cubeide_1.1.0/stm32cubeide/plugins/com.st.stm32cube.ide.mcu.externaltools.gnu-tools-for-stm32.7-2018-q2-update.win32_1.0.0.201904181610/tools/bin/../lib/gcc/arm-none-eabi/7.3.1/../../../../arm-none-eabi/lib/thumb/v7e-m/fpv4-sp/hard\libm.a(lib_a-s_atan.o)
                              d:/programs/stm32cubeide_1.1.0/stm32cubeide/plugins/com.st.stm32cube.ide.mcu.externaltools.gnu-tools-for-stm32.7-2018-q2-update.win32_1.0.0.201904181610/tools/bin/../lib/gcc/arm-none-eabi/7.3.1/../../../../arm-none-eabi/lib/thumb/v7e-m/fpv4-sp/hard\libm.a(lib_a-e_atan2.o) (atan)
d:/programs/stm32cubeide_1.1.0/stm32cubeide/plugins/com.st.stm32cube.ide.mcu.externaltools.gnu-tools-for-stm32.7-2018-q2-update.win32_1.0.0.201904181610/tools/bin/../lib/gcc/arm-none-eabi/7.3.1/../../../../arm-none-eabi/lib/thumb/v7e-m/fpv4-sp/hard\libm.a(lib_a-s_fabs.o)
                              d:/programs/stm32cubeide_1.1.0/stm32cubeide/plugins/com.st.stm32cube.ide.mcu.externaltools.gnu-tools-for-stm32.7-2018-q2-update.win32_1.0.0.201904181610/tools/bin/../lib/gcc/arm-none-eabi/7.3.1/../../../../arm-none-eabi/lib/thumb/v7e-m/fpv4-sp/hard\libm.a(lib_a-w_asin.o) (fabs)
d:/programs/stm32cubeide_1.1.0/stm32cubeide/plugins/com.st.stm32cube.ide.mcu.externaltools.gnu-tools-for-stm32.7-2018-q2-update.win32_1.0.0.201904181610/tools/bin/../lib/gcc/arm-none-eabi/7.3.1/../../../../arm-none-eabi/lib/thumb/v7e-m/fpv4-sp/hard\libm.a(lib_a-s_lib_ver.o)
                              d:/programs/stm32cubeide_1.1.0/stm32cubeide/plugins/com.st.stm32cube.ide.mcu.externaltools.gnu-tools-for-stm32.7-2018-q2-update.win32_1.0.0.201904181610/tools/bin/../lib/gcc/arm-none-eabi/7.3.1/../../../../arm-none-eabi/lib/thumb/v7e-m/fpv4-sp/hard\libm.a(lib_a-w_asin.o) (__fdlib_version)
d:/programs/stm32cubeide_1.1.0/stm32cubeide/plugins/com.st.stm32cube.ide.mcu.externaltools.gnu-tools-for-stm32.7-2018-q2-update.win32_1.0.0.201904181610/tools/bin/../lib/gcc/arm-none-eabi/7.3.1/../../../../arm-none-eabi/lib/thumb/v7e-m/fpv4-sp/hard\libm.a(lib_a-s_matherr.o)
[...]
Memory Configuration

Name             Origin             Length             Attributes
CCMRAM           0x0000000010000000 0x0000000000002000 xrw
RAM              0x0000000020000000 0x000000000000a000 xrw
FLASH            0x0000000008000000 0x0000000000040000 xr
*default*        0x0000000000000000 0xffffffffffffffff

Linker script and memory map

LOAD d:/programs/stm32cubeide_1.1.0/stm32cubeide/plugins/com.st.stm32cube.ide.mcu.externaltools.gnu-tools-for-stm32.7-2018-q2-update.win32_1.0.0.201904181610/tools/bin/../lib/gcc/arm-none-eabi/7.3.1/thumb/v7e-m/fpv4-sp/hard/crti.o
LOAD d:/programs/stm32cubeide_1.1.0/stm32cubeide/plugins/com.st.stm32cube.ide.mcu.externaltools.gnu-tools-for-stm32.7-2018-q2-update.win32_1.0.0.201904181610/tools/bin/../lib/gcc/arm-none-eabi/7.3.1/thumb/v7e-m/fpv4-sp/hard/crtbegin.o
LOAD d:/programs/stm32cubeide_1.1.0/stm32cubeide/plugins/com.st.stm32cube.ide.mcu.externaltools.gnu-tools-for-stm32.7-2018-q2-update.win32_1.0.0.201904181610/tools/bin/../lib/gcc/arm-none-eabi/7.3.1/../../../../arm-none-eabi/lib/thumb/v7e-m/fpv4-sp/hard/crt0.o
LOAD Core/Src/Context.o
LOAD Core/Src/gpio.o
LOAD Core/Src/main.o
LOAD Core/Src/spi.o
LOAD Core/Src/stm32f3xx_hal_msp.o
LOAD Core/Src/stm32f3xx_it.o
LOAD Core/Src/sys.o
LOAD Core/Src/syscalls.o
LOAD Core/Src/sysmem.o
LOAD Core/Src/system_stm32f3xx.o
LOAD Core/Src/tim.o
LOAD Core/Src/MPU9250/MPU9250.o
LOAD Core/Src/MPU9250/Madgwick.o
LOAD Core/Src/SD_SPI/fatfs_sd.o
LOAD Core/Src/SD_SPI/sd_spi.o
LOAD Core/Src/ST7789/font12.o
LOAD Core/Src/ST7789/font16.o
LOAD Core/Src/ST7789/font20.o
LOAD Core/Src/ST7789/font24.o
LOAD Core/Src/ST7789/font8.o
LOAD Core/Src/ST7789/st7789.o
LOAD Core/Startup/startup_stm32f303cctx.o
LOAD Drivers/STM32F3xx_HAL_Driver/Src/stm32f3xx_hal.o
LOAD Drivers/STM32F3xx_HAL_Driver/Src/stm32f3xx_hal_cortex.o
LOAD Drivers/STM32F3xx_HAL_Driver/Src/stm32f3xx_hal_dma.o
LOAD Drivers/STM32F3xx_HAL_Driver/Src/stm32f3xx_hal_exti.o
LOAD Drivers/STM32F3xx_HAL_Driver/Src/stm32f3xx_hal_flash.o
LOAD Drivers/STM32F3xx_HAL_Driver/Src/stm32f3xx_hal_flash_ex.o
LOAD Drivers/STM32F3xx_HAL_Driver/Src/stm32f3xx_hal_gpio.o
LOAD Drivers/STM32F3xx_HAL_Driver/Src/stm32f3xx_hal_i2c.o
LOAD Drivers/STM32F3xx_HAL_Driver/Src/stm32f3xx_hal_i2c_ex.o
LOAD Drivers/STM32F3xx_HAL_Driver/Src/stm32f3xx_hal_pwr.o
LOAD Drivers/STM32F3xx_HAL_Driver/Src/stm32f3xx_hal_pwr_ex.o
LOAD Drivers/STM32F3xx_HAL_Driver/Src/stm32f3xx_hal_rcc.o
LOAD Drivers/STM32F3xx_HAL_Driver/Src/stm32f3xx_hal_rcc_ex.o
LOAD Drivers/STM32F3xx_HAL_Driver/Src/stm32f3xx_hal_spi.o
LOAD Drivers/STM32F3xx_HAL_Driver/Src/stm32f3xx_hal_spi_ex.o
LOAD Drivers/STM32F3xx_HAL_Driver/Src/stm32f3xx_hal_tim.o
LOAD Drivers/STM32F3xx_HAL_Driver/Src/stm32f3xx_hal_tim_ex.o
LOAD FATFS/App/fatfs.o
LOAD FATFS/Target/user_diskio.o
LOAD Middlewares/Third_Party/FatFs/src/diskio.o
LOAD Middlewares/Third_Party/FatFs/src/ff.o
LOAD Middlewares/Third_Party/FatFs/src/ff_gen_drv.o
LOAD Middlewares/Third_Party/FatFs/src/option/ccsbcs.o
LOAD Middlewares/Third_Party/FatFs/src/option/syscall.o
START GROUP
LOAD d:/programs/stm32cubeide_1.1.0/stm32cubeide/plugins/com.st.stm32cube.ide.mcu.externaltools.gnu-tools-for-stm32.7-2018-q2-update.win32_1.0.0.201904181610/tools/bin/../lib/gcc/arm-none-eabi/7.3.1/../../../../arm-none-eabi/lib/thumb/v7e-m/fpv4-sp/hard\libstdc++_nano.a
LOAD d:/programs/stm32cubeide_1.1.0/stm32cubeide/plugins/com.st.stm32cube.ide.mcu.externaltools.gnu-tools-for-stm32.7-2018-q2-update.win32_1.0.0.201904181610/tools/bin/../lib/gcc/arm-none-eabi/7.3.1/../../../../arm-none-eabi/lib/thumb/v7e-m/fpv4-sp/hard\libsupc++_nano.a
END GROUP
LOAD d:/programs/stm32cubeide_1.1.0/stm32cubeide/plugins/com.st.stm32cube.ide.mcu.externaltools.gnu-tools-for-stm32.7-2018-q2-update.win32_1.0.0.201904181610/tools/bin/../lib/gcc/arm-none-eabi/7.3.1/../../../../arm-none-eabi/lib/thumb/v7e-m/fpv4-sp/hard\libstdc++_nano.a
LOAD d:/programs/stm32cubeide_1.1.0/stm32cubeide/plugins/com.st.stm32cube.ide.mcu.externaltools.gnu-tools-for-stm32.7-2018-q2-update.win32_1.0.0.201904181610/tools/bin/../lib/gcc/arm-none-eabi/7.3.1/../../../../arm-none-eabi/lib/thumb/v7e-m/fpv4-sp/hard\libm.a
LOAD d:/programs/stm32cubeide_1.1.0/stm32cubeide/plugins/com.st.stm32cube.ide.mcu.externaltools.gnu-tools-for-stm32.7-2018-q2-update.win32_1.0.0.201904181610/tools/bin/../lib/gcc/arm-none-eabi/7.3.1/../../../../arm-none-eabi/lib/thumb/v7e-m/fpv4-sp/hard\libc_nano.a
START GROUP
LOAD d:/programs/stm32cubeide_1.1.0/stm32cubeide/plugins/com.st.stm32cube.ide.mcu.externaltools.gnu-tools-for-stm32.7-2018-q2-update.win32_1.0.0.201904181610/tools/bin/../lib/gcc/arm-none-eabi/7.3.1/thumb/v7e-m/fpv4-sp/hard\libgcc.a
LOAD d:/programs/stm32cubeide_1.1.0/stm32cubeide/plugins/com.st.stm32cube.ide.mcu.externaltools.gnu-tools-for-stm32.7-2018-q2-update.win32_1.0.0.201904181610/tools/bin/../lib/gcc/arm-none-eabi/7.3.1/../../../../arm-none-eabi/lib/thumb/v7e-m/fpv4-sp/hard\libc_nano.a
END GROUP
START GROUP
LOAD d:/programs/stm32cubeide_1.1.0/stm32cubeide/plugins/com.st.stm32cube.ide.mcu.externaltools.gnu-tools-for-stm32.7-2018-q2-update.win32_1.0.0.201904181610/tools/bin/../lib/gcc/arm-none-eabi/7.3.1/thumb/v7e-m/fpv4-sp/hard\libgcc.a
LOAD d:/programs/stm32cubeide_1.1.0/stm32cubeide/plugins/com.st.stm32cube.ide.mcu.externaltools.gnu-tools-for-stm32.7-2018-q2-update.win32_1.0.0.201904181610/tools/bin/../lib/gcc/arm-none-eabi/7.3.1/../../../../arm-none-eabi/lib/thumb/v7e-m/fpv4-sp/hard\libc_nano.a
LOAD d:/programs/stm32cubeide_1.1.0/stm32cubeide/plugins/com.st.stm32cube.ide.mcu.externaltools.gnu-tools-for-stm32.7-2018-q2-update.win32_1.0.0.201904181610/tools/bin/../lib/gcc/arm-none-eabi/7.3.1/../../../../arm-none-eabi/lib/thumb/v7e-m/fpv4-sp/hard\libnosys.a
END GROUP
START GROUP
LOAD d:/programs/stm32cubeide_1.1.0/stm32cubeide/plugins/com.st.stm32cube.ide.mcu.externaltools.gnu-tools-for-stm32.7-2018-q2-update.win32_1.0.0.201904181610/tools/bin/../lib/gcc/arm-none-eabi/7.3.1/thumb/v7e-m/fpv4-sp/hard\libgcc.a
LOAD d:/programs/stm32cubeide_1.1.0/stm32cubeide/plugins/com.st.stm32cube.ide.mcu.externaltools.gnu-tools-for-stm32.7-2018-q2-update.win32_1.0.0.201904181610/tools/bin/../lib/gcc/arm-none-eabi/7.3.1/../../../../arm-none-eabi/lib/thumb/v7e-m/fpv4-sp/hard\libc_nano.a
LOAD d:/programs/stm32cubeide_1.1.0/stm32cubeide/plugins/com.st.stm32cube.ide.mcu.externaltools.gnu-tools-for-stm32.7-2018-q2-update.win32_1.0.0.201904181610/tools/bin/../lib/gcc/arm-none-eabi/7.3.1/../../../../arm-none-eabi/lib/thumb/v7e-m/fpv4-sp/hard\libnosys.a
END GROUP
LOAD d:/programs/stm32cubeide_1.1.0/stm32cubeide/plugins/com.st.stm32cube.ide.mcu.externaltools.gnu-tools-for-stm32.7-2018-q2-update.win32_1.0.0.201904181610/tools/bin/../lib/gcc/arm-none-eabi/7.3.1/thumb/v7e-m/fpv4-sp/hard/crtend.o
LOAD d:/programs/stm32cubeide_1.1.0/stm32cubeide/plugins/com.st.stm32cube.ide.mcu.externaltools.gnu-tools-for-stm32.7-2018-q2-update.win32_1.0.0.201904181610/tools/bin/../lib/gcc/arm-none-eabi/7.3.1/thumb/v7e-m/fpv4-sp/hard/crtn.o
                0x000000002000a000                _estack = (ORIGIN (RAM) + LENGTH (RAM))
                0x0000000000000200                _Min_Heap_Size = 0x200
                0x0000000000000400                _Min_Stack_Size = 0x400

.isr_vector     0x0000000008000000      0x188
                0x0000000008000000                . = ALIGN (0x4)
 *(.isr_vector)
 .isr_vector    0x0000000008000000      0x188 Core/Startup/startup_stm32f303cctx.o
                0x0000000008000000                g_pfnVectors
                0x0000000008000188                . = ALIGN (0x4)

.text           0x0000000008000190     0xec40
                0x0000000008000190                . = ALIGN (0x4)
 *(.text)
 .text          0x0000000008000190       0x40 d:/programs/stm32cubeide_1.1.0/stm32cubeide/plugins/com.st.stm32cube.ide.mcu.externaltools.gnu-tools-for-stm32.7-2018-q2-update.win32_1.0.0.201904181610/tools/bin/../lib/gcc/arm-none-eabi/7.3.1/thumb/v7e-m/fpv4-sp/hard/crtbegin.o
 .text          0x00000000080001d0       0x10 d:/programs/stm32cubeide_1.1.0/stm32cubeide/plugins/com.st.stm32cube.ide.mcu.externaltools.gnu-tools-for-stm32.7-2018-q2-update.win32_1.0.0.201904181610/tools/bin/../lib/gcc/arm-none-eabi/7.3.1/../../../../arm-none-eabi/lib/thumb/v7e-m/fpv4-sp/hard\libc_nano.a(lib_a-strlen.o)
                0x00000000080001d0                strlen
 .text          0x00000000080001e0       0xa0 d:/programs/stm32cubeide_1.1.0/stm32cubeide/plugins/com.st.stm32cube.ide.mcu.externaltools.gnu-tools-for-stm32.7-2018-q2-update.win32_1.0.0.201904181610/tools/bin/../lib/gcc/arm-none-eabi/7.3.1/../../../../arm-none-eabi/lib/thumb/v7e-m/fpv4-sp/hard\libc_nano.a(lib_a-memchr.o)
                0x00000000080001e0                memchr
 .text          0x0000000008000280      0x378 d:/programs/stm32cubeide_1.1.0/stm32cubeide/plugins/com.st.stm32cube.ide.mcu.externaltools.gnu-tools-for-stm32.7-2018-q2-update.win32_1.0.0.201904181610/tools/bin/../lib/gcc/arm-none-eabi/7.3.1/thumb/v7e-m/fpv4-sp/hard\libgcc.a(_arm_addsubdf3.o)
                0x0000000008000280                __aeabi_drsub
                0x0000000008000288                __aeabi_dsub
                0x0000000008000288                __subdf3
                0x000000000800028c                __aeabi_dadd
                0x000000000800028c                __adddf3
                0x0000000008000504                __floatunsidf
                0x0000000008000504                __aeabi_ui2d
                0x0000000008000524                __floatsidf
                0x0000000008000524                __aeabi_i2d
                0x0000000008000548                __aeabi_f2d
                0x0000000008000548                __extendsfdf2
                0x000000000800058c                __floatundidf
                0x000000000800058c                __aeabi_ul2d
                0x000000000800059c                __floatdidf
                0x000000000800059c                __aeabi_l2d
 .text          0x00000000080005f8      0x424 d:/programs/stm32cubeide_1.1.0/stm32cubeide/plugins/com.st.stm32cube.ide.mcu.externaltools.gnu-tools-for-stm32.7-2018-q2-update.win32_1.0.0.201904181610/tools/bin/../lib/gcc/arm-none-eabi/7.3.1/thumb/v7e-m/fpv4-sp/hard\libgcc.a(_arm_muldivdf3.o)
                0x00000000080005f8                __aeabi_dmul
                0x00000000080005f8                __muldf3
                0x000000000800084c                __divdf3
                0x000000000800084c                __aeabi_ddiv
 .text          0x0000000008000a1c      0x110 d:/programs/stm32cubeide_1.1.0/stm32cubeide/plugins/com.st.stm32cube.ide.mcu.externaltools.gnu-tools-for-stm32.7-2018-q2-update.win32_1.0.0.201904181610/tools/bin/../lib/gcc/arm-none-eabi/7.3.1/thumb/v7e-m/fpv4-sp/hard\libgcc.a(_arm_cmpdf2.o)
                0x0000000008000a1c                __gtdf2
                0x0000000008000a1c                __gedf2
                0x0000000008000a24                __ltdf2
                0x0000000008000a24                __ledf2
                0x0000000008000a2c                __nedf2
                0x0000000008000a2c                __eqdf2
                0x0000000008000a2c                __cmpdf2
                0x0000000008000aa8                __aeabi_cdrcmple
                0x0000000008000ab8                __aeabi_cdcmpeq
                0x0000000008000ab8                __aeabi_cdcmple
                0x0000000008000ac8                __aeabi_dcmpeq
                0x0000000008000adc                __aeabi_dcmplt
                0x0000000008000af0                __aeabi_dcmple
                0x0000000008000b04                __aeabi_dcmpge
                0x0000000008000b18                __aeabi_dcmpgt
 .text          0x0000000008000b2c       0x2c d:/programs/stm32cubeide_1.1.0/stm32cubeide/plugins/com.st.stm32cube.ide.mcu.externaltools.gnu-tools-for-stm32.7-2018-q2-update.win32_1.0.0.201904181610/tools/bin/../lib/gcc/arm-none-eabi/7.3.1/thumb/v7e-m/fpv4-sp/hard\libgcc.a(_arm_unorddf2.o)
                0x0000000008000b2c                __unorddf2
                0x0000000008000b2c                __aeabi_dcmpun
 .text          0x0000000008000b58       0x50 d:/programs/stm32cubeide_1.1.0/stm32cubeide/plugins/com.st.stm32cube.ide.mcu.externaltools.gnu-tools-for-stm32.7-2018-q2-update.win32_1.0.0.201904181610/tools/bin/../lib/gcc/arm-none-eabi/7.3.1/thumb/v7e-m/fpv4-sp/hard\libgcc.a(_arm_fixdfsi.o)
                0x0000000008000b58                __aeabi_d2iz
                0x0000000008000b58                __fixdfsi
 .text          0x0000000008000ba8       0x40 d:/programs/stm32cubeide_1.1.0/stm32cubeide/plugins/com.st.stm32cube.ide.mcu.externaltools.gnu-tools-for-stm32.7-2018-q2-update.win32_1.0.0.201904181610/tools/bin/../lib/gcc/arm-none-eabi/7.3.1/thumb/v7e-m/fpv4-sp/hard\libgcc.a(_arm_fixunsdfsi.o)
                0x0000000008000ba8                __aeabi_d2uiz
                0x0000000008000ba8                __fixunsdfsi
 .text          0x0000000008000be8       0xa0 d:/programs/stm32cubeide_1.1.0/stm32cubeide/plugins/com.st.stm32cube.ide.mcu.externaltools.gnu-tools-for-stm32.7-2018-q2-update.win32_1.0.0.201904181610/tools/bin/../lib/gcc/arm-none-eabi/7.3.1/thumb/v7e-m/fpv4-sp/hard\libgcc.a(_arm_truncdfsf2.o)
                0x0000000008000be8                __truncdfsf2
                0x0000000008000be8                __aeabi_d2f
 *(.text*)
 .text.SetToChangeDisplayMode
                0x0000000008000c88        0xc Core/Src/Context.o
                0x0000000008000c88                SetToChangeDisplayMode
 .text.SetToUpdateDisplay
                0x0000000008000c94        0xc Core/Src/Context.o
                0x0000000008000c94                SetToUpdateDisplay
 .text.SetToCalibrate
                0x0000000008000ca0        0xc Core/Src/Context.o
                0x0000000008000ca0                SetToCalibrate
 .text.SetToSaveData
                0x0000000008000cac        0xc Core/Src/Context.o
                0x0000000008000cac                SetToSaveData
 .text._Prepare_DrawDisplay
                0x0000000008000cb8      0x164 Core/Src/Context.o
                0x0000000008000cb8                _Prepare_DrawDisplay
 .text._DrawDisplay
                0x0000000008000e1c      0x2d8 Core/Src/Context.o
                0x0000000008000e1c                _DrawDisplay
 .text._Calculate_GForce
                0x00000000080010f4       0xc4 Core/Src/Context.o
                0x00000000080010f4                _Calculate_GForce
 .text.ProcessValues
                0x00000000080011b8       0x7c Core/Src/Context.o
                0x00000000080011b8                ProcessValues
 *fill*         0x0000000008001234        0x4 
 .text._PosToRadians
                0x0000000008001238      0x18c Core/Src/Context.o
                0x0000000008001238                _PosToRadians
 .text.ProgramInit
                0x00000000080013c4      0x214 Core/Src/Context.o
                0x00000000080013c4                ProgramInit
 .text.AwaitForSignal
                0x00000000080015d8      0x30c Core/Src/Context.o
                0x00000000080015d8                AwaitForSignal
 .text.MX_GPIO_Init
                0x00000000080018e4      0x138 Core/Src/gpio.o
                0x00000000080018e4                MX_GPIO_Init
 .text.SystemClock_Config
                0x0000000008001a1c       0x6c Core/Src/main.o
                0x0000000008001a1c                SystemClock_Config
 .text.startup.main
                0x0000000008001a88       0x34 Core/Src/main.o
                0x0000000008001a88                main
 .text.HAL_GPIO_EXTI_Callback
                0x0000000008001abc       0x18 Core/Src/main.o
                0x0000000008001abc                HAL_GPIO_EXTI_Callback
 .text.HAL_TIM_PeriodElapsedCallback
                0x0000000008001ad4       0x4c Core/Src/main.o
                0x0000000008001ad4                HAL_TIM_PeriodElapsedCallback
 .text.Error_Handler
                0x0000000008001b20        0x4 Core/Src/main.o
                0x0000000008001b20                Error_Handler
 .text.MX_SPI1_Init
                0x0000000008001b24       0x54 Core/Src/spi.o
                0x0000000008001b24                MX_SPI1_Init
 .text.MX_SPI2_Init
                0x0000000008001b78       0x50 Core/Src/spi.o
                0x0000000008001b78                MX_SPI2_Init
 .text.HAL_SPI_MspInit
                0x0000000008001bc8       0xb0 Core/Src/spi.o
                0x0000000008001bc8                HAL_SPI_MspInit
 .text.HAL_MspInit
                0x0000000008001c78       0x7c Core/Src/stm32f3xx_hal_msp.o
                0x0000000008001c78                HAL_MspInit
 .text.NMI_Handler
                0x0000000008001cf4        0x4 Core/Src/stm32f3xx_it.o
                0x0000000008001cf4                NMI_Handler
 .text.HardFault_Handler
                0x0000000008001cf8        0x4 Core/Src/stm32f3xx_it.o
                0x0000000008001cf8                HardFault_Handler
 .text.MemManage_Handler
                0x0000000008001cfc        0x4 Core/Src/stm32f3xx_it.o
                0x0000000008001cfc                MemManage_Handler
 .text.BusFault_Handler
                0x0000000008001d00        0x4 Core/Src/stm32f3xx_it.o
                0x0000000008001d00                BusFault_Handler
 .text.UsageFault_Handler
                0x0000000008001d04        0x4 Core/Src/stm32f3xx_it.o
                0x0000000008001d04                UsageFault_Handler
 .text.SVC_Handler
                0x0000000008001d08        0x4 Core/Src/stm32f3xx_it.o
                0x0000000008001d08                SVC_Handler
 .text.DebugMon_Handler
                0x0000000008001d0c        0x4 Core/Src/stm32f3xx_it.o
                0x0000000008001d0c                DebugMon_Handler
 .text.PendSV_Handler
                0x0000000008001d10        0x4 Core/Src/stm32f3xx_it.o
                0x0000000008001d10                PendSV_Handler
 .text.SysTick_Handler
                0x0000000008001d14        0x4 Core/Src/stm32f3xx_it.o
                0x0000000008001d14                SysTick_Handler
 .text.TIM3_IRQHandler
                0x0000000008001d18        0xc Core/Src/stm32f3xx_it.o
                0x0000000008001d18                TIM3_IRQHandler
 .text.TIM4_IRQHandler
                0x0000000008001d24        0xc Core/Src/stm32f3xx_it.o
                0x0000000008001d24                TIM4_IRQHandler
 .text.EXTI15_10_IRQHandler
                0x0000000008001d30       0x18 Core/Src/stm32f3xx_it.o
                0x0000000008001d30                EXTI15_10_IRQHandler
 .text.TIM8_BRK_IRQHandler
                0x0000000008001d48        0xc Core/Src/stm32f3xx_it.o
                0x0000000008001d48                TIM8_BRK_IRQHandler
 .text.TIM8_UP_IRQHandler
                0x0000000008001d54        0xc Core/Src/stm32f3xx_it.o
                0x0000000008001d54                TIM8_UP_IRQHandler
 .text.TIM8_TRG_COM_IRQHandler
                0x0000000008001d60        0xc Core/Src/stm32f3xx_it.o
                0x0000000008001d60                TIM8_TRG_COM_IRQHandler
 .text.TIM8_CC_IRQHandler
                0x0000000008001d6c        0xc Core/Src/stm32f3xx_it.o
                0x0000000008001d6c                TIM8_CC_IRQHandler
 .text._sbrk    0x0000000008001d78       0x3c Core/Src/sysmem.o
                0x0000000008001d78                _sbrk
 .text.SystemInit
                0x0000000008001db4       0x1c Core/Src/system_stm32f3xx.o
                0x0000000008001db4                SystemInit
 .text.MX_TIM2_Init
                0x0000000008001dd0       0xf8 Core/Src/tim.o
                0x0000000008001dd0                MX_TIM2_Init
 .text.MX_TIM3_Init
                0x0000000008001ec8       0x70 Core/Src/tim.o
                0x0000000008001ec8                MX_TIM3_Init
 .text.MX_TIM4_Init
                0x0000000008001f38       0x70 Core/Src/tim.o
                0x0000000008001f38                MX_TIM4_Init
 .text.MX_TIM8_Init
                0x0000000008001fa8       0x78 Core/Src/tim.o
                0x0000000008001fa8                MX_TIM8_Init
 .text.HAL_TIM_Base_MspInit
                0x0000000008002020       0xf8 Core/Src/tim.o
                0x0000000008002020                HAL_TIM_Base_MspInit
 .text.MPU_Init
                0x0000000008002118       0x80 Core/Src/MPU9250/MPU9250.o
                0x0000000008002118                MPU_Init
 .text.MPU_setGyroRange
                0x0000000008002198      0x1c4 Core/Src/MPU9250/MPU9250.o
                0x0000000008002198                MPU_setGyroRange
 .text.MPU_setDlpfBandwidth
                0x000000000800235c      0x318 Core/Src/MPU9250/MPU9250.o
                0x000000000800235c                MPU_setDlpfBandwidth
 .text.MPU_readSensor
                0x0000000008002674      0x230 Core/Src/MPU9250/MPU9250.o
                0x0000000008002674                MPU_readSensor
 .text.MPU_getAccelX_mss
                0x00000000080028a4        0xc Core/Src/MPU9250/MPU9250.o
                0x00000000080028a4                MPU_getAccelX_mss
 .text.MPU_getAccelY_mss
                0x00000000080028b0        0xc Core/Src/MPU9250/MPU9250.o
                0x00000000080028b0                MPU_getAccelY_mss
 .text.MPU_getAccelZ_mss
                0x00000000080028bc        0xc Core/Src/MPU9250/MPU9250.o
                0x00000000080028bc                MPU_getAccelZ_mss
 .text.MPU_getGyroX_rads
                0x00000000080028c8        0xc Core/Src/MPU9250/MPU9250.o
                0x00000000080028c8                MPU_getGyroX_rads
 .text.MPU_getGyroY_rads
                0x00000000080028d4        0xc Core/Src/MPU9250/MPU9250.o
                0x00000000080028d4                MPU_getGyroY_rads
 .text.MPU_getGyroZ_rads
                0x00000000080028e0        0xc Core/Src/MPU9250/MPU9250.o
                0x00000000080028e0                MPU_getGyroZ_rads
 .text.MPU_getMagX_uT
                0x00000000080028ec        0xc Core/Src/MPU9250/MPU9250.o
                0x00000000080028ec                MPU_getMagX_uT
 .text.MPU_getMagY_uT
                0x00000000080028f8        0xc Core/Src/MPU9250/MPU9250.o
                0x00000000080028f8                MPU_getMagY_uT
 .text.MPU_getMagZ_uT
                0x0000000008002904        0xc Core/Src/MPU9250/MPU9250.o
                0x0000000008002904                MPU_getMagZ_uT
 .text.MPU_getTemperature_C
                0x0000000008002910        0xc Core/Src/MPU9250/MPU9250.o
                0x0000000008002910                MPU_getTemperature_C
 .text.MPU_getAccelX_raw
                0x000000000800291c        0xc Core/Src/MPU9250/MPU9250.o
                0x000000000800291c                MPU_getAccelX_raw
 .text.MPU_getAccelY_raw
                0x0000000008002928        0xc Core/Src/MPU9250/MPU9250.o
                0x0000000008002928                MPU_getAccelY_raw
 .text.MPU_getAccelZ_raw
                0x0000000008002934        0xc Core/Src/MPU9250/MPU9250.o
                0x0000000008002934                MPU_getAccelZ_raw
 .text._MPU_readAK8963Registers
                0x0000000008002940      0x144 Core/Src/MPU9250/MPU9250.o
                0x0000000008002940                _MPU_readAK8963Registers
 .text._MPU_writeAK8963Register
                0x0000000008002a84      0x15c Core/Src/MPU9250/MPU9250.o
                0x0000000008002a84                _MPU_writeAK8963Register
 .text.MPU_setSrd
                0x0000000008002be0      0x10c Core/Src/MPU9250/MPU9250.o
                0x0000000008002be0                MPU_setSrd
 .text.MPU_calibrateGyro
                0x0000000008002cec      0x31c Core/Src/MPU9250/MPU9250.o
                0x0000000008002cec                MPU_calibrateGyro
 .text.MPU_begin
                0x0000000008003008      0x628 Core/Src/MPU9250/MPU9250.o
                0x0000000008003008                MPU_begin
 .text.AHRS_Init
                0x0000000008003630       0x38 Core/Src/MPU9250/Madgwick.o
                0x0000000008003630                AHRS_Init
 .text.MadgwickAHRSupdateIMU
                0x0000000008003668      0x328 Core/Src/MPU9250/Madgwick.o
                0x0000000008003668                MadgwickAHRSupdateIMU
 .text.SDSPI_CMD
                0x0000000008003990      0x128 Core/Src/SD_SPI/sd_spi.o
                0x0000000008003990                SDSPI_CMD
 .text.SDSPI_Init
                0x0000000008003ab8      0x360 Core/Src/SD_SPI/sd_spi.o
                0x0000000008003ab8                SDSPI_Init
 .text.SDSPI_ReadCommand
                0x0000000008003e18      0x1e0 Core/Src/SD_SPI/sd_spi.o
                0x0000000008003e18                SDSPI_ReadCommand
 .text.SDSPI_WriteBlock
                0x0000000008003ff8      0x24c Core/Src/SD_SPI/sd_spi.o
                0x0000000008003ff8                SDSPI_WriteBlock
 .text.SDSPI_ReadBlock
                0x0000000008004244       0x18 Core/Src/SD_SPI/sd_spi.o
                0x0000000008004244                SDSPI_ReadBlock
 .text.SDSPI_ReadInfo
                0x000000000800425c      0x234 Core/Src/SD_SPI/sd_spi.o
                0x000000000800425c                SDSPI_ReadInfo
 .text.st7789_Init
                0x0000000008004490      0x1c8 Core/Src/ST7789/st7789.o
                0x0000000008004490                st7789_Init
 .text.st7789_SetWindow
                0x0000000008004658      0x120 Core/Src/ST7789/st7789.o
                0x0000000008004658                st7789_SetWindow
 .text.st7789_FillScreen
                0x0000000008004778      0x194 Core/Src/ST7789/st7789.o
                0x0000000008004778                st7789_FillScreen
 .text.st7789_DrawChar
                0x000000000800490c       0xd0 Core/Src/ST7789/st7789.o
                0x000000000800490c                st7789_DrawChar
 .text.st7789_DrawString
                0x00000000080049dc       0xac Core/Src/ST7789/st7789.o
                0x00000000080049dc                st7789_DrawString
 .text.Reset_Handler
                0x0000000008004a88       0x50 Core/Startup/startup_stm32f303cctx.o
                0x0000000008004a88                Reset_Handler
 .text.Default_Handler
                0x0000000008004ad8        0x2 Core/Startup/startup_stm32f303cctx.o
                0x0000000008004ad8                RTC_Alarm_IRQHandler
                0x0000000008004ad8                TIM1_CC_IRQHandler
                0x0000000008004ad8                USB_HP_IRQHandler
                0x0000000008004ad8                PVD_IRQHandler
                0x0000000008004ad8                TAMP_STAMP_IRQHandler
                0x0000000008004ad8                EXTI3_IRQHandler
                0x0000000008004ad8                USB_HP_CAN_TX_IRQHandler
                0x0000000008004ad8                EXTI0_IRQHandler
                0x0000000008004ad8                I2C2_EV_IRQHandler
                0x0000000008004ad8                FPU_IRQHandler
                0x0000000008004ad8                TIM1_UP_TIM16_IRQHandler
                0x0000000008004ad8                ADC1_2_IRQHandler
                0x0000000008004ad8                SPI1_IRQHandler
                0x0000000008004ad8                CAN_SCE_IRQHandler
                0x0000000008004ad8                TIM6_DAC_IRQHandler
                0x0000000008004ad8                DMA2_Channel2_IRQHandler
                0x0000000008004ad8                DMA1_Channel4_IRQHandler
                0x0000000008004ad8                USART3_IRQHandler
                0x0000000008004ad8                DMA1_Channel7_IRQHandler
                0x0000000008004ad8                UART5_IRQHandler
                0x0000000008004ad8                ADC3_IRQHandler
                0x0000000008004ad8                CAN_RX1_IRQHandler
                0x0000000008004ad8                DMA2_Channel1_IRQHandler
                0x0000000008004ad8                I2C1_EV_IRQHandler
                0x0000000008004ad8                DMA1_Channel6_IRQHandler
                0x0000000008004ad8                UART4_IRQHandler
                0x0000000008004ad8                DMA2_Channel4_IRQHandler
                0x0000000008004ad8                RCC_IRQHandler
                0x0000000008004ad8                DMA1_Channel1_IRQHandler
                0x0000000008004ad8                Default_Handler
                0x0000000008004ad8                USBWakeUp_RMP_IRQHandler
                0x0000000008004ad8                TIM7_IRQHandler
                0x0000000008004ad8                EXTI9_5_IRQHandler
                0x0000000008004ad8                RTC_WKUP_IRQHandler
                0x0000000008004ad8                SPI2_IRQHandler
                0x0000000008004ad8                USB_LP_CAN_RX0_IRQHandler
                0x0000000008004ad8                DMA2_Channel5_IRQHandler
                0x0000000008004ad8                DMA1_Channel5_IRQHandler
                0x0000000008004ad8                USB_LP_IRQHandler
                0x0000000008004ad8                EXTI4_IRQHandler
                0x0000000008004ad8                TIM1_TRG_COM_TIM17_IRQHandler
                0x0000000008004ad8                DMA1_Channel3_IRQHandler
                0x0000000008004ad8                ADC4_IRQHandler
                0x0000000008004ad8                WWDG_IRQHandler
                0x0000000008004ad8                TIM2_IRQHandler
                0x0000000008004ad8                COMP7_IRQHandler
                0x0000000008004ad8                COMP1_2_3_IRQHandler
                0x0000000008004ad8                EXTI1_IRQHandler
                0x0000000008004ad8                USART2_IRQHandler
                0x0000000008004ad8                COMP4_5_6_IRQHandler
                0x0000000008004ad8                I2C2_ER_IRQHandler
                0x0000000008004ad8                DMA1_Channel2_IRQHandler
                0x0000000008004ad8                FLASH_IRQHandler
                0x0000000008004ad8                USART1_IRQHandler
                0x0000000008004ad8                SPI3_IRQHandler
                0x0000000008004ad8                I2C1_ER_IRQHandler
                0x0000000008004ad8                USBWakeUp_IRQHandler
                0x0000000008004ad8                DMA2_Channel3_IRQHandler
                0x0000000008004ad8                EXTI2_TSC_IRQHandler
                0x0000000008004ad8                TIM1_BRK_TIM15_IRQHandler
 *fill*         0x0000000008004ada        0x2 
 .text.HAL_InitTick
                0x0000000008004adc       0x48 Drivers/STM32F3xx_HAL_Driver/Src/stm32f3xx_hal.o
                0x0000000008004adc                HAL_InitTick
 .text.HAL_Init
                0x0000000008004b24       0x24 Drivers/STM32F3xx_HAL_Driver/Src/stm32f3xx_hal.o
                0x0000000008004b24                HAL_Init
 .text.HAL_IncTick
                0x0000000008004b48       0x18 Drivers/STM32F3xx_HAL_Driver/Src/stm32f3xx_hal.o
                0x0000000008004b48                HAL_IncTick
 .text.HAL_GetTick
                0x0000000008004b60        0xc Drivers/STM32F3xx_HAL_Driver/Src/stm32f3xx_hal.o
                0x0000000008004b60                HAL_GetTick
 .text.HAL_Delay
                0x0000000008004b6c       0x24 Drivers/STM32F3xx_HAL_Driver/Src/stm32f3xx_hal.o
                0x0000000008004b6c                HAL_Delay
 .text.HAL_NVIC_SetPriorityGrouping
                0x0000000008004b90       0x24 Drivers/STM32F3xx_HAL_Driver/Src/stm32f3xx_hal_cortex.o
                0x0000000008004b90                HAL_NVIC_SetPriorityGrouping
 .text.HAL_NVIC_SetPriority
                0x0000000008004bb4       0x6c Drivers/STM32F3xx_HAL_Driver/Src/stm32f3xx_hal_cortex.o
                0x0000000008004bb4                HAL_NVIC_SetPriority
 .text.HAL_NVIC_EnableIRQ
                0x0000000008004c20       0x1c Drivers/STM32F3xx_HAL_Driver/Src/stm32f3xx_hal_cortex.o
                0x0000000008004c20                HAL_NVIC_EnableIRQ
 .text.HAL_SYSTICK_Config
                0x0000000008004c3c       0x34 Drivers/STM32F3xx_HAL_Driver/Src/stm32f3xx_hal_cortex.o
                0x0000000008004c3c                HAL_SYSTICK_Config
 .text.HAL_GPIO_Init
                0x0000000008004c70      0x1b8 Drivers/STM32F3xx_HAL_Driver/Src/stm32f3xx_hal_gpio.o
                0x0000000008004c70                HAL_GPIO_Init
 .text.HAL_GPIO_WritePin
                0x0000000008004e28        0xc Drivers/STM32F3xx_HAL_Driver/Src/stm32f3xx_hal_gpio.o
                0x0000000008004e28                HAL_GPIO_WritePin
 .text.HAL_GPIO_TogglePin
                0x0000000008004e34        0xc Drivers/STM32F3xx_HAL_Driver/Src/stm32f3xx_hal_gpio.o
                0x0000000008004e34                HAL_GPIO_TogglePin
 .text.HAL_GPIO_EXTI_IRQHandler
                0x0000000008004e40       0x18 Drivers/STM32F3xx_HAL_Driver/Src/stm32f3xx_hal_gpio.o
                0x0000000008004e40                HAL_GPIO_EXTI_IRQHandler
 .text.HAL_RCC_OscConfig
                0x0000000008004e58      0x5c0 Drivers/STM32F3xx_HAL_Driver/Src/stm32f3xx_hal_rcc.o
                0x0000000008004e58                HAL_RCC_OscConfig
 .text.HAL_RCC_ClockConfig
                0x0000000008005418      0x1c0 Drivers/STM32F3xx_HAL_Driver/Src/stm32f3xx_hal_rcc.o
                0x0000000008005418                HAL_RCC_ClockConfig
 .text.HAL_RCCEx_PeriphCLKConfig
                0x00000000080055d8      0x220 Drivers/STM32F3xx_HAL_Driver/Src/stm32f3xx_hal_rcc_ex.o
                0x00000000080055d8                HAL_RCCEx_PeriphCLKConfig
 .text.SPI_EndRxTxTransaction
                0x00000000080057f8       0xc8 Drivers/STM32F3xx_HAL_Driver/Src/stm32f3xx_hal_spi.o
 .text.HAL_SPI_Init
                0x00000000080058c0       0xd8 Drivers/STM32F3xx_HAL_Driver/Src/stm32f3xx_hal_spi.o
                0x00000000080058c0                HAL_SPI_Init
 .text.HAL_SPI_Transmit
                0x0000000008005998      0x238 Drivers/STM32F3xx_HAL_Driver/Src/stm32f3xx_hal_spi.o
                0x0000000008005998                HAL_SPI_Transmit
 .text.HAL_SPI_Receive
                0x0000000008005bd0      0x554 Drivers/STM32F3xx_HAL_Driver/Src/stm32f3xx_hal_spi.o
                0x0000000008005bd0                HAL_SPI_Receive
 .text.HAL_SPI_TransmitReceive
                0x0000000008006124      0x2ec Drivers/STM32F3xx_HAL_Driver/Src/stm32f3xx_hal_spi.o
                0x0000000008006124                HAL_SPI_TransmitReceive
 .text.HAL_TIM_Base_Init
                0x0000000008006410      0x110 Drivers/STM32F3xx_HAL_Driver/Src/stm32f3xx_hal_tim.o
                0x0000000008006410                HAL_TIM_Base_Init
 .text.HAL_TIM_Base_Start_IT
                0x0000000008006520       0x2c Drivers/STM32F3xx_HAL_Driver/Src/stm32f3xx_hal_tim.o
                0x0000000008006520                HAL_TIM_Base_Start_IT
 .text.HAL_TIM_PWM_MspInit
                0x000000000800654c        0x4 Drivers/STM32F3xx_HAL_Driver/Src/stm32f3xx_hal_tim.o
                0x000000000800654c                HAL_TIM_PWM_MspInit
 .text.HAL_TIM_PWM_Init
                0x0000000008006550      0x110 Drivers/STM32F3xx_HAL_Driver/Src/stm32f3xx_hal_tim.o
                0x0000000008006550                HAL_TIM_PWM_Init
 .text.HAL_TIM_PWM_Start
                0x0000000008006660       0x74 Drivers/STM32F3xx_HAL_Driver/Src/stm32f3xx_hal_tim.o
                0x0000000008006660                HAL_TIM_PWM_Start
 .text.HAL_TIM_PWM_Stop
                0x00000000080066d4       0x8c Drivers/STM32F3xx_HAL_Driver/Src/stm32f3xx_hal_tim.o
                0x00000000080066d4                HAL_TIM_PWM_Stop
 .text.HAL_TIM_PWM_ConfigChannel
                0x0000000008006760      0x3a4 Drivers/STM32F3xx_HAL_Driver/Src/stm32f3xx_hal_tim.o
                0x0000000008006760                HAL_TIM_PWM_ConfigChannel
 .text.HAL_TIM_ConfigClockSource
                0x0000000008006b04      0x150 Drivers/STM32F3xx_HAL_Driver/Src/stm32f3xx_hal_tim.o
                0x0000000008006b04                HAL_TIM_ConfigClockSource
 .text.HAL_TIM_OC_DelayElapsedCallback
                0x0000000008006c54        0x4 Drivers/STM32F3xx_HAL_Driver/Src/stm32f3xx_hal_tim.o
                0x0000000008006c54                HAL_TIM_OC_DelayElapsedCallback
 .text.HAL_TIM_IC_CaptureCallback
                0x0000000008006c58        0x4 Drivers/STM32F3xx_HAL_Driver/Src/stm32f3xx_hal_tim.o
                0x0000000008006c58                HAL_TIM_IC_CaptureCallback
 .text.HAL_TIM_PWM_PulseFinishedCallback
                0x0000000008006c5c        0x4 Drivers/STM32F3xx_HAL_Driver/Src/stm32f3xx_hal_tim.o
                0x0000000008006c5c                HAL_TIM_PWM_PulseFinishedCallback
 .text.HAL_TIM_TriggerCallback
                0x0000000008006c60        0x4 Drivers/STM32F3xx_HAL_Driver/Src/stm32f3xx_hal_tim.o
                0x0000000008006c60                HAL_TIM_TriggerCallback
 .text.HAL_TIM_IRQHandler
                0x0000000008006c64      0x170 Drivers/STM32F3xx_HAL_Driver/Src/stm32f3xx_hal_tim.o
                0x0000000008006c64                HAL_TIM_IRQHandler
 .text.HAL_TIMEx_MasterConfigSynchronization
                0x0000000008006dd4       0x9c Drivers/STM32F3xx_HAL_Driver/Src/stm32f3xx_hal_tim_ex.o
                0x0000000008006dd4                HAL_TIMEx_MasterConfigSynchronization
 .text.HAL_TIMEx_CommutCallback
                0x0000000008006e70        0x4 Drivers/STM32F3xx_HAL_Driver/Src/stm32f3xx_hal_tim_ex.o
                0x0000000008006e70                HAL_TIMEx_CommutCallback
 .text.HAL_TIMEx_BreakCallback
                0x0000000008006e74        0x4 Drivers/STM32F3xx_HAL_Driver/Src/stm32f3xx_hal_tim_ex.o
                0x0000000008006e74                HAL_TIMEx_BreakCallback
 .text.HAL_TIMEx_Break2Callback
                0x0000000008006e78        0x4 Drivers/STM32F3xx_HAL_Driver/Src/stm32f3xx_hal_tim_ex.o
                0x0000000008006e78                HAL_TIMEx_Break2Callback
 .text.MX_FATFS_Init
                0x0000000008006e7c       0x1c FATFS/App/fatfs.o
                0x0000000008006e7c                MX_FATFS_Init
 .text.get_fattime
                0x0000000008006e98        0x4 FATFS/App/fatfs.o
                0x0000000008006e98                get_fattime
 .text.USER_status
                0x0000000008006e9c        0xc FATFS/Target/user_diskio.o
                0x0000000008006e9c                USER_status
 .text.USER_ioctl
                0x0000000008006ea8       0x30 FATFS/Target/user_diskio.o
                0x0000000008006ea8                USER_ioctl
 .text.USER_initialize
                0x0000000008006ed8       0x5c FATFS/Target/user_diskio.o
                0x0000000008006ed8                USER_initialize
 .text.USER_read
                0x0000000008006f34       0x48 FATFS/Target/user_diskio.o
                0x0000000008006f34                USER_read
 .text.USER_write
                0x0000000008006f7c       0x48 FATFS/Target/user_diskio.o
                0x0000000008006f7c                USER_write
 .text.disk_status
                0x0000000008006fc4       0x14 Middlewares/Third_Party/FatFs/src/diskio.o
                0x0000000008006fc4                disk_status
 .text.disk_initialize
                0x0000000008006fd8       0x20 Middlewares/Third_Party/FatFs/src/diskio.o
                0x0000000008006fd8                disk_initialize
 .text.disk_read
                0x0000000008006ff8       0x1c Middlewares/Third_Party/FatFs/src/diskio.o
                0x0000000008006ff8                disk_read
 .text.disk_write
                0x0000000008007014       0x1c Middlewares/Third_Party/FatFs/src/diskio.o
                0x0000000008007014                disk_write
 .text.disk_ioctl
                0x0000000008007030       0x1c Middlewares/Third_Party/FatFs/src/diskio.o
                0x0000000008007030                disk_ioctl
 .text.move_window.part.3
                0x000000000800704c       0x80 Middlewares/Third_Party/FatFs/src/ff.o
 .text.sync_fs  0x00000000080070cc       0xfc Middlewares/Third_Party/FatFs/src/ff.o
 .text.remove_chain.part.9
                0x00000000080071c8      0x598 Middlewares/Third_Party/FatFs/src/ff.o
 .text.get_fat.part.6
                0x0000000008007760      0x288 Middlewares/Third_Party/FatFs/src/ff.o
 .text.dir_find.part.8
                0x00000000080079e8      0x324 Middlewares/Third_Party/FatFs/src/ff.o
 .text.put_fat.part.7
                0x0000000008007d0c      0x2d8 Middlewares/Third_Party/FatFs/src/ff.o
 .text.create_chain
                0x0000000008007fe4      0x394 Middlewares/Third_Party/FatFs/src/ff.o
 .text.f_write.part.11
                0x0000000008008378      0x3e4 Middlewares/Third_Party/FatFs/src/ff.o
 .text.putc_bfd
                0x000000000800875c       0x94 Middlewares/Third_Party/FatFs/src/ff.o
 .text.dir_sdi  0x00000000080087f0      0x348 Middlewares/Third_Party/FatFs/src/ff.o
 .text.dir_register
                0x0000000008008b38      0xc48 Middlewares/Third_Party/FatFs/src/ff.o
 .text.follow_path
                0x0000000008009780      0x2c8 Middlewares/Third_Party/FatFs/src/ff.o
 .text.find_volume
                0x0000000008009a48      0x510 Middlewares/Third_Party/FatFs/src/ff.o
 .text.f_mount  0x0000000008009f58       0x94 Middlewares/Third_Party/FatFs/src/ff.o
                0x0000000008009f58                f_mount
 .text.f_open   0x0000000008009fec      0x354 Middlewares/Third_Party/FatFs/src/ff.o
                0x0000000008009fec                f_open
 .text.f_sync   0x000000000800a340      0x168 Middlewares/Third_Party/FatFs/src/ff.o
                0x000000000800a340                f_sync
 .text.f_puts   0x000000000800a4a8      0x100 Middlewares/Third_Party/FatFs/src/ff.o
                0x000000000800a4a8                f_puts
 .text.FATFS_LinkDriver
                0x000000000800a5a8       0x48 Middlewares/Third_Party/FatFs/src/ff_gen_drv.o
                0x000000000800a5a8                FATFS_LinkDriver
 .text.ff_convert
                0x000000000800a5f0       0x48 Middlewares/Third_Party/FatFs/src/option/ccsbcs.o
                0x000000000800a5f0                ff_convert
 .text.ff_wtoupper
                0x000000000800a638       0x30 Middlewares/Third_Party/FatFs/src/option/ccsbcs.o
                0x000000000800a638                ff_wtoupper
 .text.asin     0x000000000800a668       0xb0 d:/programs/stm32cubeide_1.1.0/stm32cubeide/plugins/com.st.stm32cube.ide.mcu.externaltools.gnu-tools-for-stm32.7-2018-q2-update.win32_1.0.0.201904181610/tools/bin/../lib/gcc/arm-none-eabi/7.3.1/../../../../arm-none-eabi/lib/thumb/v7e-m/fpv4-sp/hard\libm.a(lib_a-w_asin.o)
                0x000000000800a668                asin
 .text.atan2    0x000000000800a718        0x4 d:/programs/stm32cubeide_1.1.0/stm32cubeide/plugins/com.st.stm32cube.ide.mcu.externaltools.gnu-tools-for-stm32.7-2018-q2-update.win32_1.0.0.201904181610/tools/bin/../lib/gcc/arm-none-eabi/7.3.1/../../../../arm-none-eabi/lib/thumb/v7e-m/fpv4-sp/hard\libm.a(lib_a-w_atan2.o)
                0x000000000800a718                atan2
 .text.sqrt     0x000000000800a71c       0xb4 d:/programs/stm32cubeide_1.1.0/stm32cubeide/plugins/com.st.stm32cube.ide.mcu.externaltools.gnu-tools-for-stm32.7-2018-q2-update.win32_1.0.0.201904181610/tools/bin/../lib/gcc/arm-none-eabi/7.3.1/../../../../arm-none-eabi/lib/thumb/v7e-m/fpv4-sp/hard\libm.a(lib_a-w_sqrt.o)
                0x000000000800a71c                sqrt
 .text.__ieee754_asin
                0x000000000800a7d0      0x420 d:/programs/stm32cubeide_1.1.0/stm32cubeide/plugins/com.st.stm32cube.ide.mcu.externaltools.gnu-tools-for-stm32.7-2018-q2-update.win32_1.0.0.201904181610/tools/bin/../lib/gcc/arm-none-eabi/7.3.1/../../../../arm-none-eabi/lib/thumb/v7e-m/fpv4-sp/hard\libm.a(lib_a-e_asin.o)
                0x000000000800a7d0                __ieee754_asin
 .text.__ieee754_atan2
                0x000000000800abf0      0x1bc d:/programs/stm32cubeide_1.1.0/stm32cubeide/plugins/com.st.stm32cube.ide.mcu.externaltools.gnu-tools-for-stm32.7-2018-q2-update.win32_1.0.0.201904181610/tools/bin/../lib/gcc/arm-none-eabi/7.3.1/../../../../arm-none-eabi/lib/thumb/v7e-m/fpv4-sp/hard\libm.a(lib_a-e_atan2.o)
                0x000000000800abf0                __ieee754_atan2
 .text.__ieee754_sqrt
                0x000000000800adac      0x160 d:/programs/stm32cubeide_1.1.0/stm32cubeide/plugins/com.st.stm32cube.ide.mcu.externaltools.gnu-tools-for-stm32.7-2018-q2-update.win32_1.0.0.201904181610/tools/bin/../lib/gcc/arm-none-eabi/7.3.1/../../../../arm-none-eabi/lib/thumb/v7e-m/fpv4-sp/hard\libm.a(lib_a-e_sqrt.o)
                0x000000000800adac                __ieee754_sqrt
 *fill*         0x000000000800af0c        0x4 
 .text.atan     0x000000000800af10      0x340 d:/programs/stm32cubeide_1.1.0/stm32cubeide/plugins/com.st.stm32cube.ide.mcu.externaltools.gnu-tools-for-stm32.7-2018-q2-update.win32_1.0.0.201904181610/tools/bin/../lib/gcc/arm-none-eabi/7.3.1/../../../../arm-none-eabi/lib/thumb/v7e-m/fpv4-sp/hard\libm.a(lib_a-s_atan.o)
                0x000000000800af10                atan
 .text.fabs     0x000000000800b250       0x12 d:/programs/stm32cubeide_1.1.0/stm32cubeide/plugins/com.st.stm32cube.ide.mcu.externaltools.gnu-tools-for-stm32.7-2018-q2-update.win32_1.0.0.201904181610/tools/bin/../lib/gcc/arm-none-eabi/7.3.1/../../../../arm-none-eabi/lib/thumb/v7e-m/fpv4-sp/hard\libm.a(lib_a-s_fabs.o)
                0x000000000800b250                fabs
 .text.matherr  0x000000000800b262        0x4 d:/programs/stm32cubeide_1.1.0/stm32cubeide/plugins/com.st.stm32cube.ide.mcu.externaltools.gnu-tools-for-stm32.7-2018-q2-update.win32_1.0.0.201904181610/tools/bin/../lib/gcc/arm-none-eabi/7.3.1/../../../../arm-none-eabi/lib/thumb/v7e-m/fpv4-sp/hard\libm.a(lib_a-s_matherr.o)
                0x000000000800b262                matherr
 *fill*         0x000000000800b266        0x2 
 .text.nan      0x000000000800b268       0x10 d:/programs/stm32cubeide_1.1.0/stm32cubeide/plugins/com.st.stm32cube.ide.mcu.externaltools.gnu-tools-for-stm32.7-2018-q2-update.win32_1.0.0.201904181610/tools/bin/../lib/gcc/arm-none-eabi/7.3.1/../../../../arm-none-eabi/lib/thumb/v7e-m/fpv4-sp/hard\libm.a(lib_a-s_nan.o)
                0x000000000800b268                nan
 .text.__errno  0x000000000800b278        0xc d:/programs/stm32cubeide_1.1.0/stm32cubeide/plugins/com.st.stm32cube.ide.mcu.externaltools.gnu-tools-for-stm32.7-2018-q2-update.win32_1.0.0.201904181610/tools/bin/../lib/gcc/arm-none-eabi/7.3.1/../../../../arm-none-eabi/lib/thumb/v7e-m/fpv4-sp/hard\libc_nano.a(lib_a-errno.o)
                0x000000000800b278                __errno
 .text.__libc_init_array
                0x000000000800b284       0x48 d:/programs/stm32cubeide_1.1.0/stm32cubeide/plugins/com.st.stm32cube.ide.mcu.externaltools.gnu-tools-for-stm32.7-2018-q2-update.win32_1.0.0.201904181610/tools/bin/../lib/gcc/arm-none-eabi/7.3.1/../../../../arm-none-eabi/lib/thumb/v7e-m/fpv4-sp/hard\libc_nano.a(lib_a-init.o)
                0x000000000800b284                __libc_init_array
 .text.memcpy   0x000000000800b2cc       0x16 d:/programs/stm32cubeide_1.1.0/stm32cubeide/plugins/com.st.stm32cube.ide.mcu.externaltools.gnu-tools-for-stm32.7-2018-q2-update.win32_1.0.0.201904181610/tools/bin/../lib/gcc/arm-none-eabi/7.3.1/../../../../arm-none-eabi/lib/thumb/v7e-m/fpv4-sp/hard\libc_nano.a(lib_a-memcpy-stub.o)
                0x000000000800b2cc                memcpy
 .text.memset   0x000000000800b2e2       0x10 d:/programs/stm32cubeide_1.1.0/stm32cubeide/plugins/com.st.stm32cube.ide.mcu.externaltools.gnu-tools-for-stm32.7-2018-q2-update.win32_1.0.0.201904181610/tools/bin/../lib/gcc/arm-none-eabi/7.3.1/../../../../arm-none-eabi/lib/thumb/v7e-m/fpv4-sp/hard\libc_nano.a(lib_a-memset.o)
                0x000000000800b2e2                memset
 .text.__cvt    0x000000000800b2f2       0xc2 d:/programs/stm32cubeide_1.1.0/stm32cubeide/plugins/com.st.stm32cube.ide.mcu.externaltools.gnu-tools-for-stm32.7-2018-q2-update.win32_1.0.0.201904181610/tools/bin/../lib/gcc/arm-none-eabi/7.3.1/../../../../arm-none-eabi/lib/thumb/v7e-m/fpv4-sp/hard\libc_nano.a(lib_a-nano-vfprintf_float.o)
                0x000000000800b2f2                __cvt
 .text.__exponent
                0x000000000800b3b4       0x66 d:/programs/stm32cubeide_1.1.0/stm32cubeide/plugins/com.st.stm32cube.ide.mcu.externaltools.gnu-tools-for-stm32.7-2018-q2-update.win32_1.0.0.201904181610/tools/bin/../lib/gcc/arm-none-eabi/7.3.1/../../../../arm-none-eabi/lib/thumb/v7e-m/fpv4-sp/hard\libc_nano.a(lib_a-nano-vfprintf_float.o)
                0x000000000800b3b4                __exponent
 *fill*         0x000000000800b41a        0x2 
 .text._printf_float
                0x000000000800b41c      0x480 d:/programs/stm32cubeide_1.1.0/stm32cubeide/plugins/com.st.stm32cube.ide.mcu.externaltools.gnu-tools-for-stm32.7-2018-q2-update.win32_1.0.0.201904181610/tools/bin/../lib/gcc/arm-none-eabi/7.3.1/../../../../arm-none-eabi/lib/thumb/v7e-m/fpv4-sp/hard\libc_nano.a(lib_a-nano-vfprintf_float.o)
                0x000000000800b41c                _printf_float
 .text._printf_common
                0x000000000800b89c       0xea d:/programs/stm32cubeide_1.1.0/stm32cubeide/plugins/com.st.stm32cube.ide.mcu.externaltools.gnu-tools-for-stm32.7-2018-q2-update.win32_1.0.0.201904181610/tools/bin/../lib/gcc/arm-none-eabi/7.3.1/../../../../arm-none-eabi/lib/thumb/v7e-m/fpv4-sp/hard\libc_nano.a(lib_a-nano-vfprintf_i.o)
                0x000000000800b89c                _printf_common
 *fill*         0x000000000800b986        0x2 
 .text._printf_i
                0x000000000800b988      0x224 d:/programs/stm32cubeide_1.1.0/stm32cubeide/plugins/com.st.stm32cube.ide.mcu.externaltools.gnu-tools-for-stm32.7-2018-q2-update.win32_1.0.0.201904181610/tools/bin/../lib/gcc/arm-none-eabi/7.3.1/../../../../arm-none-eabi/lib/thumb/v7e-m/fpv4-sp/hard\libc_nano.a(lib_a-nano-vfprintf_i.o)
                0x000000000800b988                _printf_i
 .text._scanf_float
                0x000000000800bbac      0x3c4 d:/programs/stm32cubeide_1.1.0/stm32cubeide/plugins/com.st.stm32cube.ide.mcu.externaltools.gnu-tools-for-stm32.7-2018-q2-update.win32_1.0.0.201904181610/tools/bin/../lib/gcc/arm-none-eabi/7.3.1/../../../../arm-none-eabi/lib/thumb/v7e-m/fpv4-sp/hard\libc_nano.a(lib_a-nano-vfscanf_float.o)
                0x000000000800bbac                _scanf_float
 .text.nanf     0x000000000800bf70        0xc d:/programs/stm32cubeide_1.1.0/stm32cubeide/plugins/com.st.stm32cube.ide.mcu.externaltools.gnu-tools-for-stm32.7-2018-q2-update.win32_1.0.0.201904181610/tools/bin/../lib/gcc/arm-none-eabi/7.3.1/../../../../arm-none-eabi/lib/thumb/v7e-m/fpv4-sp/hard\libc_nano.a(lib_a-sf_nan.o)
                0x000000000800bf70                nanf
 .text.snprintf
                0x000000000800bf7c       0x68 d:/programs/stm32cubeide_1.1.0/stm32cubeide/plugins/com.st.stm32cube.ide.mcu.externaltools.gnu-tools-for-stm32.7-2018-q2-update.win32_1.0.0.201904181610/tools/bin/../lib/gcc/arm-none-eabi/7.3.1/../../../../arm-none-eabi/lib/thumb/v7e-m/fpv4-sp/hard\libc_nano.a(lib_a-snprintf.o)
                0x000000000800bf7c                sniprintf
                0x000000000800bf7c                snprintf
 .text.sprintf  0x000000000800bfe4       0x40 d:/programs/stm32cubeide_1.1.0/stm32cubeide/plugins/com.st.stm32cube.ide.mcu.externaltools.gnu-tools-for-stm32.7-2018-q2-update.win32_1.0.0.201904181610/tools/bin/../lib/gcc/arm-none-eabi/7.3.1/../../../../arm-none-eabi/lib/thumb/v7e-m/fpv4-sp/hard\libc_nano.a(lib_a-sprintf.o)
                0x000000000800bfe4                siprintf
                0x000000000800bfe4                sprintf
 .text.unlikely.sulp
                0x000000000800c024       0x38 d:/programs/stm32cubeide_1.1.0/stm32cubeide/plugins/com.st.stm32cube.ide.mcu.externaltools.gnu-tools-for-stm32.7-2018-q2-update.win32_1.0.0.201904181610/tools/bin/../lib/gcc/arm-none-eabi/7.3.1/../../../../arm-none-eabi/lib/thumb/v7e-m/fpv4-sp/hard\libc_nano.a(lib_a-strtod.o)
 *fill*         0x000000000800c05c        0x4 
 .text._strtod_l
                0x000000000800c060      0xbe8 d:/programs/stm32cubeide_1.1.0/stm32cubeide/plugins/com.st.stm32cube.ide.mcu.externaltools.gnu-tools-for-stm32.7-2018-q2-update.win32_1.0.0.201904181610/tools/bin/../lib/gcc/arm-none-eabi/7.3.1/../../../../arm-none-eabi/lib/thumb/v7e-m/fpv4-sp/hard\libc_nano.a(lib_a-strtod.o)
                0x000000000800c060                _strtod_l
 .text._strtod_r
                0x000000000800cc48       0x20 d:/programs/stm32cubeide_1.1.0/stm32cubeide/plugins/com.st.stm32cube.ide.mcu.externaltools.gnu-tools-for-stm32.7-2018-q2-update.win32_1.0.0.201904181610/tools/bin/../lib/gcc/arm-none-eabi/7.3.1/../../../../arm-none-eabi/lib/thumb/v7e-m/fpv4-sp/hard\libc_nano.a(lib_a-strtod.o)
                0x000000000800cc48                _strtod_r
 .text._strtol_l.isra.0
                0x000000000800cc68       0xf6 d:/programs/stm32cubeide_1.1.0/stm32cubeide/plugins/com.st.stm32cube.ide.mcu.externaltools.gnu-tools-for-stm32.7-2018-q2-update.win32_1.0.0.201904181610/tools/bin/../lib/gcc/arm-none-eabi/7.3.1/../../../../arm-none-eabi/lib/thumb/v7e-m/fpv4-sp/hard\libc_nano.a(lib_a-strtol.o)
 *fill*         0x000000000800cd5e        0x2 
 .text._strtol_r
                0x000000000800cd60       0x24 d:/programs/stm32cubeide_1.1.0/stm32cubeide/plugins/com.st.stm32cube.ide.mcu.externaltools.gnu-tools-for-stm32.7-2018-q2-update.win32_1.0.0.201904181610/tools/bin/../lib/gcc/arm-none-eabi/7.3.1/../../../../arm-none-eabi/lib/thumb/v7e-m/fpv4-sp/hard\libc_nano.a(lib_a-strtol.o)
                0x000000000800cd60                _strtol_r
 .text.quorem   0x000000000800cd84      0x118 d:/programs/stm32cubeide_1.1.0/stm32cubeide/plugins/com.st.stm32cube.ide.mcu.externaltools.gnu-tools-for-stm32.7-2018-q2-update.win32_1.0.0.201904181610/tools/bin/../lib/gcc/arm-none-eabi/7.3.1/../../../../arm-none-eabi/lib/thumb/v7e-m/fpv4-sp/hard\libc_nano.a(lib_a-dtoa.o)
 *fill*         0x000000000800ce9c        0x4 
 .text._dtoa_r  0x000000000800cea0      0xb70 d:/programs/stm32cubeide_1.1.0/stm32cubeide/plugins/com.st.stm32cube.ide.mcu.externaltools.gnu-tools-for-stm32.7-2018-q2-update.win32_1.0.0.201904181610/tools/bin/../lib/gcc/arm-none-eabi/7.3.1/../../../../arm-none-eabi/lib/thumb/v7e-m/fpv4-sp/hard\libc_nano.a(lib_a-dtoa.o)
                0x000000000800cea0                _dtoa_r
 .text.rshift   0x000000000800da10       0x74 d:/programs/stm32cubeide_1.1.0/stm32cubeide/plugins/com.st.stm32cube.ide.mcu.externaltools.gnu-tools-for-stm32.7-2018-q2-update.win32_1.0.0.201904181610/tools/bin/../lib/gcc/arm-none-eabi/7.3.1/../../../../arm-none-eabi/lib/thumb/v7e-m/fpv4-sp/hard\libc_nano.a(lib_a-gdtoa-gethex.o)
 .text.__hexdig_fun
                0x000000000800da84       0x2a d:/programs/stm32cubeide_1.1.0/stm32cubeide/plugins/com.st.stm32cube.ide.mcu.externaltools.gnu-tools-for-stm32.7-2018-q2-update.win32_1.0.0.201904181610/tools/bin/../lib/gcc/arm-none-eabi/7.3.1/../../../../arm-none-eabi/lib/thumb/v7e-m/fpv4-sp/hard\libc_nano.a(lib_a-gdtoa-gethex.o)
                0x000000000800da84                __hexdig_fun
 .text.__gethex
                0x000000000800daae      0x442 d:/programs/stm32cubeide_1.1.0/stm32cubeide/plugins/com.st.stm32cube.ide.mcu.externaltools.gnu-tools-for-stm32.7-2018-q2-update.win32_1.0.0.201904181610/tools/bin/../lib/gcc/arm-none-eabi/7.3.1/../../../../arm-none-eabi/lib/thumb/v7e-m/fpv4-sp/hard\libc_nano.a(lib_a-gdtoa-gethex.o)
                0x000000000800daae                __gethex
 .text.L_shift  0x000000000800def0       0x24 d:/programs/stm32cubeide_1.1.0/stm32cubeide/plugins/com.st.stm32cube.ide.mcu.externaltools.gnu-tools-for-stm32.7-2018-q2-update.win32_1.0.0.201904181610/tools/bin/../lib/gcc/arm-none-eabi/7.3.1/../../../../arm-none-eabi/lib/thumb/v7e-m/fpv4-sp/hard\libc_nano.a(lib_a-gdtoa-hexnan.o)
 .text.__match  0x000000000800df14       0x28 d:/programs/stm32cubeide_1.1.0/stm32cubeide/plugins/com.st.stm32cube.ide.mcu.externaltools.gnu-tools-for-stm32.7-2018-q2-update.win32_1.0.0.201904181610/tools/bin/../lib/gcc/arm-none-eabi/7.3.1/../../../../arm-none-eabi/lib/thumb/v7e-m/fpv4-sp/hard\libc_nano.a(lib_a-gdtoa-hexnan.o)
                0x000000000800df14                __match
 .text.__hexnan
                0x000000000800df3c      0x120 d:/programs/stm32cubeide_1.1.0/stm32cubeide/plugins/com.st.stm32cube.ide.mcu.externaltools.gnu-tools-for-stm32.7-2018-q2-update.win32_1.0.0.201904181610/tools/bin/../lib/gcc/arm-none-eabi/7.3.1/../../../../arm-none-eabi/lib/thumb/v7e-m/fpv4-sp/hard\libc_nano.a(lib_a-gdtoa-hexnan.o)
                0x000000000800df3c                __hexnan
 .text.__locale_ctype_ptr_l
                0x000000000800e05c        0x6 d:/programs/stm32cubeide_1.1.0/stm32cubeide/plugins/com.st.stm32cube.ide.mcu.externaltools.gnu-tools-for-stm32.7-2018-q2-update.win32_1.0.0.201904181610/tools/bin/../lib/gcc/arm-none-eabi/7.3.1/../../../../arm-none-eabi/lib/thumb/v7e-m/fpv4-sp/hard\libc_nano.a(lib_a-locale.o)
                0x000000000800e05c                __locale_ctype_ptr_l
 .text.__localeconv_l
                0x000000000800e062        0x4 d:/programs/stm32cubeide_1.1.0/stm32cubeide/plugins/com.st.stm32cube.ide.mcu.externaltools.gnu-tools-for-stm32.7-2018-q2-update.win32_1.0.0.201904181610/tools/bin/../lib/gcc/arm-none-eabi/7.3.1/../../../../arm-none-eabi/lib/thumb/v7e-m/fpv4-sp/hard\libc_nano.a(lib_a-localeconv.o)
                0x000000000800e062                __localeconv_l
 *fill*         0x000000000800e066        0x2 
 .text._localeconv_r
                0x000000000800e068       0x1c d:/programs/stm32cubeide_1.1.0/stm32cubeide/plugins/com.st.stm32cube.ide.mcu.externaltools.gnu-tools-for-stm32.7-2018-q2-update.win32_1.0.0.201904181610/tools/bin/../lib/gcc/arm-none-eabi/7.3.1/../../../../arm-none-eabi/lib/thumb/v7e-m/fpv4-sp/hard\libc_nano.a(lib_a-localeconv.o)
                0x000000000800e068                _localeconv_r
 .text.malloc   0x000000000800e084       0x10 d:/programs/stm32cubeide_1.1.0/stm32cubeide/plugins/com.st.stm32cube.ide.mcu.externaltools.gnu-tools-for-stm32.7-2018-q2-update.win32_1.0.0.201904181610/tools/bin/../lib/gcc/arm-none-eabi/7.3.1/../../../../arm-none-eabi/lib/thumb/v7e-m/fpv4-sp/hard\libc_nano.a(lib_a-malloc.o)
                0x000000000800e084                malloc
 .text.__ascii_mbtowc
                0x000000000800e094       0x24 d:/programs/stm32cubeide_1.1.0/stm32cubeide/plugins/com.st.stm32cube.ide.mcu.externaltools.gnu-tools-for-stm32.7-2018-q2-update.win32_1.0.0.201904181610/tools/bin/../lib/gcc/arm-none-eabi/7.3.1/../../../../arm-none-eabi/lib/thumb/v7e-m/fpv4-sp/hard\libc_nano.a(lib_a-mbtowc_r.o)
                0x000000000800e094                __ascii_mbtowc
 .text._Balloc  0x000000000800e0b8       0x68 d:/programs/stm32cubeide_1.1.0/stm32cubeide/plugins/com.st.stm32cube.ide.mcu.externaltools.gnu-tools-for-stm32.7-2018-q2-update.win32_1.0.0.201904181610/tools/bin/../lib/gcc/arm-none-eabi/7.3.1/../../../../arm-none-eabi/lib/thumb/v7e-m/fpv4-sp/hard\libc_nano.a(lib_a-mprec.o)
                0x000000000800e0b8                _Balloc
 .text._Bfree   0x000000000800e120       0x2e d:/programs/stm32cubeide_1.1.0/stm32cubeide/plugins/com.st.stm32cube.ide.mcu.externaltools.gnu-tools-for-stm32.7-2018-q2-update.win32_1.0.0.201904181610/tools/bin/../lib/gcc/arm-none-eabi/7.3.1/../../../../arm-none-eabi/lib/thumb/v7e-m/fpv4-sp/hard\libc_nano.a(lib_a-mprec.o)
                0x000000000800e120                _Bfree
 .text.__multadd
                0x000000000800e14e       0x76 d:/programs/stm32cubeide_1.1.0/stm32cubeide/plugins/com.st.stm32cube.ide.mcu.externaltools.gnu-tools-for-stm32.7-2018-q2-update.win32_1.0.0.201904181610/tools/bin/../lib/gcc/arm-none-eabi/7.3.1/../../../../arm-none-eabi/lib/thumb/v7e-m/fpv4-sp/hard\libc_nano.a(lib_a-mprec.o)
                0x000000000800e14e                __multadd
 .text.__s2b    0x000000000800e1c4       0x7c d:/programs/stm32cubeide_1.1.0/stm32cubeide/plugins/com.st.stm32cube.ide.mcu.externaltools.gnu-tools-for-stm32.7-2018-q2-update.win32_1.0.0.201904181610/tools/bin/../lib/gcc/arm-none-eabi/7.3.1/../../../../arm-none-eabi/lib/thumb/v7e-m/fpv4-sp/hard\libc_nano.a(lib_a-mprec.o)
                0x000000000800e1c4                __s2b
 .text.__hi0bits
                0x000000000800e240       0x3e d:/programs/stm32cubeide_1.1.0/stm32cubeide/plugins/com.st.stm32cube.ide.mcu.externaltools.gnu-tools-for-stm32.7-2018-q2-update.win32_1.0.0.201904181610/tools/bin/../lib/gcc/arm-none-eabi/7.3.1/../../../../arm-none-eabi/lib/thumb/v7e-m/fpv4-sp/hard\libc_nano.a(lib_a-mprec.o)
                0x000000000800e240                __hi0bits
 .text.__lo0bits
                0x000000000800e27e       0x5e d:/programs/stm32cubeide_1.1.0/stm32cubeide/plugins/com.st.stm32cube.ide.mcu.externaltools.gnu-tools-for-stm32.7-2018-q2-update.win32_1.0.0.201904181610/tools/bin/../lib/gcc/arm-none-eabi/7.3.1/../../../../arm-none-eabi/lib/thumb/v7e-m/fpv4-sp/hard\libc_nano.a(lib_a-mprec.o)
                0x000000000800e27e                __lo0bits
 .text.__i2b    0x000000000800e2dc       0x12 d:/programs/stm32cubeide_1.1.0/stm32cubeide/plugins/com.st.stm32cube.ide.mcu.externaltools.gnu-tools-for-stm32.7-2018-q2-update.win32_1.0.0.201904181610/tools/bin/../lib/gcc/arm-none-eabi/7.3.1/../../../../arm-none-eabi/lib/thumb/v7e-m/fpv4-sp/hard\libc_nano.a(lib_a-mprec.o)
                0x000000000800e2dc                __i2b
 .text.__multiply
                0x000000000800e2ee      0x12c d:/programs/stm32cubeide_1.1.0/stm32cubeide/plugins/com.st.stm32cube.ide.mcu.externaltools.gnu-tools-for-stm32.7-2018-q2-update.win32_1.0.0.201904181610/tools/bin/../lib/gcc/arm-none-eabi/7.3.1/../../../../arm-none-eabi/lib/thumb/v7e-m/fpv4-sp/hard\libc_nano.a(lib_a-mprec.o)
                0x000000000800e2ee                __multiply
 *fill*         0x000000000800e41a        0x2 
 .text.__pow5mult
                0x000000000800e41c       0x9c d:/programs/stm32cubeide_1.1.0/stm32cubeide/plugins/com.st.stm32cube.ide.mcu.externaltools.gnu-tools-for-stm32.7-2018-q2-update.win32_1.0.0.201904181610/tools/bin/../lib/gcc/arm-none-eabi/7.3.1/../../../../arm-none-eabi/lib/thumb/v7e-m/fpv4-sp/hard\libc_nano.a(lib_a-mprec.o)
                0x000000000800e41c                __pow5mult
 .text.__lshift
                0x000000000800e4b8       0xa8 d:/programs/stm32cubeide_1.1.0/stm32cubeide/plugins/com.st.stm32cube.ide.mcu.externaltools.gnu-tools-for-stm32.7-2018-q2-update.win32_1.0.0.201904181610/tools/bin/../lib/gcc/arm-none-eabi/7.3.1/../../../../arm-none-eabi/lib/thumb/v7e-m/fpv4-sp/hard\libc_nano.a(lib_a-mprec.o)
                0x000000000800e4b8                __lshift
 .text.__mcmp   0x000000000800e560       0x34 d:/programs/stm32cubeide_1.1.0/stm32cubeide/plugins/com.st.stm32cube.ide.mcu.externaltools.gnu-tools-for-stm32.7-2018-q2-update.win32_1.0.0.201904181610/tools/bin/../lib/gcc/arm-none-eabi/7.3.1/../../../../arm-none-eabi/lib/thumb/v7e-m/fpv4-sp/hard\libc_nano.a(lib_a-mprec.o)
                0x000000000800e560                __mcmp
 .text.__mdiff  0x000000000800e594       0xba d:/programs/stm32cubeide_1.1.0/stm32cubeide/plugins/com.st.stm32cube.ide.mcu.externaltools.gnu-tools-for-stm32.7-2018-q2-update.win32_1.0.0.201904181610/tools/bin/../lib/gcc/arm-none-eabi/7.3.1/../../../../arm-none-eabi/lib/thumb/v7e-m/fpv4-sp/hard\libc_nano.a(lib_a-mprec.o)
                0x000000000800e594                __mdiff
 *fill*         0x000000000800e64e        0x2 
 .text.__ulp    0x000000000800e650       0x50 d:/programs/stm32cubeide_1.1.0/stm32cubeide/plugins/com.st.stm32cube.ide.mcu.externaltools.gnu-tools-for-stm32.7-2018-q2-update.win32_1.0.0.201904181610/tools/bin/../lib/gcc/arm-none-eabi/7.3.1/../../../../arm-none-eabi/lib/thumb/v7e-m/fpv4-sp/hard\libc_nano.a(lib_a-mprec.o)
                0x000000000800e650                __ulp
 .text.__b2d    0x000000000800e6a0       0x9c d:/programs/stm32cubeide_1.1.0/stm32cubeide/plugins/com.st.stm32cube.ide.mcu.externaltools.gnu-tools-for-stm32.7-2018-q2-update.win32_1.0.0.201904181610/tools/bin/../lib/gcc/arm-none-eabi/7.3.1/../../../../arm-none-eabi/lib/thumb/v7e-m/fpv4-sp/hard\libc_nano.a(lib_a-mprec.o)
                0x000000000800e6a0                __b2d
 .text.__d2b    0x000000000800e73c       0x9e d:/programs/stm32cubeide_1.1.0/stm32cubeide/plugins/com.st.stm32cube.ide.mcu.externaltools.gnu-tools-for-stm32.7-2018-q2-update.win32_1.0.0.201904181610/tools/bin/../lib/gcc/arm-none-eabi/7.3.1/../../../../arm-none-eabi/lib/thumb/v7e-m/fpv4-sp/hard\libc_nano.a(lib_a-mprec.o)
                0x000000000800e73c                __d2b
 .text.__ratio  0x000000000800e7da       0x66 d:/programs/stm32cubeide_1.1.0/stm32cubeide/plugins/com.st.stm32cube.ide.mcu.externaltools.gnu-tools-for-stm32.7-2018-q2-update.win32_1.0.0.201904181610/tools/bin/../lib/gcc/arm-none-eabi/7.3.1/../../../../arm-none-eabi/lib/thumb/v7e-m/fpv4-sp/hard\libc_nano.a(lib_a-mprec.o)
                0x000000000800e7da                __ratio
 .text.__copybits
                0x000000000800e840       0x34 d:/programs/stm32cubeide_1.1.0/stm32cubeide/plugins/com.st.stm32cube.ide.mcu.externaltools.gnu-tools-for-stm32.7-2018-q2-update.win32_1.0.0.201904181610/tools/bin/../lib/gcc/arm-none-eabi/7.3.1/../../../../arm-none-eabi/lib/thumb/v7e-m/fpv4-sp/hard\libc_nano.a(lib_a-mprec.o)
                0x000000000800e840                __copybits
 .text.__any_on
                0x000000000800e874       0x42 d:/programs/stm32cubeide_1.1.0/stm32cubeide/plugins/com.st.stm32cube.ide.mcu.externaltools.gnu-tools-for-stm32.7-2018-q2-update.win32_1.0.0.201904181610/tools/bin/../lib/gcc/arm-none-eabi/7.3.1/../../../../arm-none-eabi/lib/thumb/v7e-m/fpv4-sp/hard\libc_nano.a(lib_a-mprec.o)
                0x000000000800e874                __any_on
 .text._calloc_r
                0x000000000800e8b6       0x1c d:/programs/stm32cubeide_1.1.0/stm32cubeide/plugins/com.st.stm32cube.ide.mcu.externaltools.gnu-tools-for-stm32.7-2018-q2-update.win32_1.0.0.201904181610/tools/bin/../lib/gcc/arm-none-eabi/7.3.1/../../../../arm-none-eabi/lib/thumb/v7e-m/fpv4-sp/hard\libc_nano.a(lib_a-nano-callocr.o)
                0x000000000800e8b6                _calloc_r
 *fill*         0x000000000800e8d2        0x2 
 .text._free_r  0x000000000800e8d4       0x9c d:/programs/stm32cubeide_1.1.0/stm32cubeide/plugins/com.st.stm32cube.ide.mcu.externaltools.gnu-tools-for-stm32.7-2018-q2-update.win32_1.0.0.201904181610/tools/bin/../lib/gcc/arm-none-eabi/7.3.1/../../../../arm-none-eabi/lib/thumb/v7e-m/fpv4-sp/hard\libc_nano.a(lib_a-nano-freer.o)
                0x000000000800e8d4                _free_r
 .text._malloc_r
                0x000000000800e970       0xb4 d:/programs/stm32cubeide_1.1.0/stm32cubeide/plugins/com.st.stm32cube.ide.mcu.externaltools.gnu-tools-for-stm32.7-2018-q2-update.win32_1.0.0.201904181610/tools/bin/../lib/gcc/arm-none-eabi/7.3.1/../../../../arm-none-eabi/lib/thumb/v7e-m/fpv4-sp/hard\libc_nano.a(lib_a-nano-mallocr.o)
                0x000000000800e970                _malloc_r
 .text.__ssputs_r
                0x000000000800ea24       0xb4 d:/programs/stm32cubeide_1.1.0/stm32cubeide/plugins/com.st.stm32cube.ide.mcu.externaltools.gnu-tools-for-stm32.7-2018-q2-update.win32_1.0.0.201904181610/tools/bin/../lib/gcc/arm-none-eabi/7.3.1/../../../../arm-none-eabi/lib/thumb/v7e-m/fpv4-sp/hard\libc_nano.a(lib_a-nano-svfprintf.o)
                0x000000000800ea24                __ssputs_r
 .text._svfprintf_r
                0x000000000800ead8      0x1f0 d:/programs/stm32cubeide_1.1.0/stm32cubeide/plugins/com.st.stm32cube.ide.mcu.externaltools.gnu-tools-for-stm32.7-2018-q2-update.win32_1.0.0.201904181610/tools/bin/../lib/gcc/arm-none-eabi/7.3.1/../../../../arm-none-eabi/lib/thumb/v7e-m/fpv4-sp/hard\libc_nano.a(lib_a-nano-svfprintf.o)
                0x000000000800ead8                _svfiprintf_r
                0x000000000800ead8                _svfprintf_r
 .text._sbrk_r  0x000000000800ecc8       0x20 d:/programs/stm32cubeide_1.1.0/stm32cubeide/plugins/com.st.stm32cube.ide.mcu.externaltools.gnu-tools-for-stm32.7-2018-q2-update.win32_1.0.0.201904181610/tools/bin/../lib/gcc/arm-none-eabi/7.3.1/../../../../arm-none-eabi/lib/thumb/v7e-m/fpv4-sp/hard\libc_nano.a(lib_a-sbrkr.o)
                0x000000000800ecc8                _sbrk_r
 .text.strncmp  0x000000000800ece8       0x24 d:/programs/stm32cubeide_1.1.0/stm32cubeide/plugins/com.st.stm32cube.ide.mcu.externaltools.gnu-tools-for-stm32.7-2018-q2-update.win32_1.0.0.201904181610/tools/bin/../lib/gcc/arm-none-eabi/7.3.1/../../../../arm-none-eabi/lib/thumb/v7e-m/fpv4-sp/hard\libc_nano.a(lib_a-strncmp.o)
                0x000000000800ece8                strncmp
 .text.__ascii_wctomb
                0x000000000800ed0c       0x1a d:/programs/stm32cubeide_1.1.0/stm32cubeide/plugins/com.st.stm32cube.ide.mcu.externaltools.gnu-tools-for-stm32.7-2018-q2-update.win32_1.0.0.201904181610/tools/bin/../lib/gcc/arm-none-eabi/7.3.1/../../../../arm-none-eabi/lib/thumb/v7e-m/fpv4-sp/hard\libc_nano.a(lib_a-wctomb_r.o)
                0x000000000800ed0c                __ascii_wctomb
 .text.memmove  0x000000000800ed26       0x32 d:/programs/stm32cubeide_1.1.0/stm32cubeide/plugins/com.st.stm32cube.ide.mcu.externaltools.gnu-tools-for-stm32.7-2018-q2-update.win32_1.0.0.201904181610/tools/bin/../lib/gcc/arm-none-eabi/7.3.1/../../../../arm-none-eabi/lib/thumb/v7e-m/fpv4-sp/hard\libc_nano.a(lib_a-memmove.o)
                0x000000000800ed26                memmove
 .text.__malloc_lock
                0x000000000800ed58        0x2 d:/programs/stm32cubeide_1.1.0/stm32cubeide/plugins/com.st.stm32cube.ide.mcu.externaltools.gnu-tools-for-stm32.7-2018-q2-update.win32_1.0.0.201904181610/tools/bin/../lib/gcc/arm-none-eabi/7.3.1/../../../../arm-none-eabi/lib/thumb/v7e-m/fpv4-sp/hard\libc_nano.a(lib_a-mlock.o)
                0x000000000800ed58                __malloc_lock
 .text.__malloc_unlock
                0x000000000800ed5a        0x2 d:/programs/stm32cubeide_1.1.0/stm32cubeide/plugins/com.st.stm32cube.ide.mcu.externaltools.gnu-tools-for-stm32.7-2018-q2-update.win32_1.0.0.201904181610/tools/bin/../lib/gcc/arm-none-eabi/7.3.1/../../../../arm-none-eabi/lib/thumb/v7e-m/fpv4-sp/hard\libc_nano.a(lib_a-mlock.o)
                0x000000000800ed5a                __malloc_unlock
 .text._realloc_r
                0x000000000800ed5c       0x4c d:/programs/stm32cubeide_1.1.0/stm32cubeide/plugins/com.st.stm32cube.ide.mcu.externaltools.gnu-tools-for-stm32.7-2018-q2-update.win32_1.0.0.201904181610/tools/bin/../lib/gcc/arm-none-eabi/7.3.1/../../../../arm-none-eabi/lib/thumb/v7e-m/fpv4-sp/hard\libc_nano.a(lib_a-nano-reallocr.o)
                0x000000000800ed5c                _realloc_r
 .text._malloc_usable_size_r
                0x000000000800eda8       0x10 d:/programs/stm32cubeide_1.1.0/stm32cubeide/plugins/com.st.stm32cube.ide.mcu.externaltools.gnu-tools-for-stm32.7-2018-q2-update.win32_1.0.0.201904181610/tools/bin/../lib/gcc/arm-none-eabi/7.3.1/../../../../arm-none-eabi/lib/thumb/v7e-m/fpv4-sp/hard\libc_nano.a(lib_a-nano-msizer.o)
                0x000000000800eda8                _malloc_usable_size_r
 *(.glue_7)
 .glue_7        0x000000000800edb8        0x0 linker stubs
 *(.glue_7t)
 .glue_7t       0x000000000800edb8        0x0 linker stubs
 *(.eh_frame)
 .eh_frame      0x000000000800edb8        0x0 d:/programs/stm32cubeide_1.1.0/stm32cubeide/plugins/com.st.stm32cube.ide.mcu.externaltools.gnu-tools-for-stm32.7-2018-q2-update.win32_1.0.0.201904181610/tools/bin/../lib/gcc/arm-none-eabi/7.3.1/thumb/v7e-m/fpv4-sp/hard/crtbegin.o
 *(.init)
 .init          0x000000000800edb8        0x4 d:/programs/stm32cubeide_1.1.0/stm32cubeide/plugins/com.st.stm32cube.ide.mcu.externaltools.gnu-tools-for-stm32.7-2018-q2-update.win32_1.0.0.201904181610/tools/bin/../lib/gcc/arm-none-eabi/7.3.1/thumb/v7e-m/fpv4-sp/hard/crti.o
                0x000000000800edb8                _init
 .init          0x000000000800edbc        0x8 d:/programs/stm32cubeide_1.1.0/stm32cubeide/plugins/com.st.stm32cube.ide.mcu.externaltools.gnu-tools-for-stm32.7-2018-q2-update.win32_1.0.0.201904181610/tools/bin/../lib/gcc/arm-none-eabi/7.3.1/thumb/v7e-m/fpv4-sp/hard/crtn.o
 *(.fini)
 .fini          0x000000000800edc4        0x4 d:/programs/stm32cubeide_1.1.0/stm32cubeide/plugins/com.st.stm32cube.ide.mcu.externaltools.gnu-tools-for-stm32.7-2018-q2-update.win32_1.0.0.201904181610/tools/bin/../lib/gcc/arm-none-eabi/7.3.1/thumb/v7e-m/fpv4-sp/hard/crti.o
                0x000000000800edc4                _fini
 .fini          0x000000000800edc8        0x8 d:/programs/stm32cubeide_1.1.0/stm32cubeide/plugins/com.st.stm32cube.ide.mcu.externaltools.gnu-tools-for-stm32.7-2018-q2-update.win32_1.0.0.201904181610/tools/bin/../lib/gcc/arm-none-eabi/7.3.1/thumb/v7e-m/fpv4-sp/hard/crtn.o
                0x000000000800edd0                . = ALIGN (0x4)
                0x000000000800edd0                _etext = .

.vfp11_veneer   0x000000000800edd0        0x0
 .vfp11_veneer  0x000000000800edd0        0x0 linker stubs

.v4_bx          0x000000000800edd0        0x0
 .v4_bx         0x000000000800edd0        0x0 linker stubs

.iplt           0x000000000800edd0        0x0
 .iplt          0x000000000800edd0        0x0 d:/programs/stm32cubeide_1.1.0/stm32cubeide/plugins/com.st.stm32cube.ide.mcu.externaltools.gnu-tools-for-stm32.7-2018-q2-update.win32_1.0.0.201904181610/tools/bin/../lib/gcc/arm-none-eabi/7.3.1/thumb/v7e-m/fpv4-sp/hard/crtbegin.o

.rodata         0x000000000800edd0     0x3560
                0x000000000800edd0                . = ALIGN (0x4)
 *(.rodata)
 .rodata        0x000000000800edd0        0xe Core/Src/SD_SPI/sd_spi.o
 *(.rodata*)
 *fill*         0x000000000800edde        0x2 
 .rodata.ProgramInit.str1.4
                0x000000000800ede0       0x40 Core/Src/Context.o
 .rodata._DrawDisplay.str1.4
                0x000000000800ee20       0x30 Core/Src/Context.o
 .rodata._Prepare_DrawDisplay.str1.4
                0x000000000800ee50       0x7c Core/Src/Context.o
 .rodata._SD_Init.str1.4
                0x000000000800eecc       0x90 Core/Src/Context.o
 .rodata._SaveToSD.str1.4
                0x000000000800ef5c       0x30 Core/Src/Context.o
 .rodata.AHBPrescTable
                0x000000000800ef8c       0x10 Core/Src/system_stm32f3xx.o
                0x000000000800ef8c                AHBPrescTable
 .rodata.Font12_Table
                0x000000000800ef9c      0x474 Core/Src/ST7789/font12.o
                0x000000000800ef9c                Font12_Table
 .rodata.Font16_Table
                0x000000000800f410      0xbe0 Core/Src/ST7789/font16.o
                0x000000000800f410                Font16_Table
 .rodata.Font24_Table
                0x000000000800fff0     0x1ab8 Core/Src/ST7789/font24.o
                0x000000000800fff0                Font24_Table
 .rodata.aPLLMULFactorTable
                0x0000000008011aa8       0x10 Drivers/STM32F3xx_HAL_Driver/Src/stm32f3xx_hal_rcc.o
                0x0000000008011aa8                aPLLMULFactorTable
 .rodata.aPredivFactorTable
                0x0000000008011ab8       0x10 Drivers/STM32F3xx_HAL_Driver/Src/stm32f3xx_hal_rcc.o
                0x0000000008011ab8                aPredivFactorTable
 .rodata.ExCvt  0x0000000008011ac8       0x80 Middlewares/Third_Party/FatFs/src/ff.o
 .rodata.LfnOfs
                0x0000000008011b48        0xd Middlewares/Third_Party/FatFs/src/ff.o
 *fill*         0x0000000008011b55        0x3 
 .rodata.follow_path.str1.4
                0x0000000008011b58       0x14 Middlewares/Third_Party/FatFs/src/ff.o
                                         0x13 (size before relaxing)
 .rodata.Tbl    0x0000000008011b6c      0x100 Middlewares/Third_Party/FatFs/src/option/ccsbcs.o
 .rodata.tbl_lower.8313
                0x0000000008011c6c      0x1e0 Middlewares/Third_Party/FatFs/src/option/ccsbcs.o
 .rodata.tbl_upper.8314
                0x0000000008011e4c      0x1e0 Middlewares/Third_Party/FatFs/src/option/ccsbcs.o
 .rodata.asin.str1.1
                0x000000000801202c        0x5 d:/programs/stm32cubeide_1.1.0/stm32cubeide/plugins/com.st.stm32cube.ide.mcu.externaltools.gnu-tools-for-stm32.7-2018-q2-update.win32_1.0.0.201904181610/tools/bin/../lib/gcc/arm-none-eabi/7.3.1/../../../../arm-none-eabi/lib/thumb/v7e-m/fpv4-sp/hard\libm.a(lib_a-w_asin.o)
                                          0x6 (size before relaxing)
 .rodata.sqrt.str1.1
                0x0000000008012031        0x5 d:/programs/stm32cubeide_1.1.0/stm32cubeide/plugins/com.st.stm32cube.ide.mcu.externaltools.gnu-tools-for-stm32.7-2018-q2-update.win32_1.0.0.201904181610/tools/bin/../lib/gcc/arm-none-eabi/7.3.1/../../../../arm-none-eabi/lib/thumb/v7e-m/fpv4-sp/hard\libm.a(lib_a-w_sqrt.o)
 *fill*         0x0000000008012036        0x2 
 .rodata.atanhi
                0x0000000008012038       0x20 d:/programs/stm32cubeide_1.1.0/stm32cubeide/plugins/com.st.stm32cube.ide.mcu.externaltools.gnu-tools-for-stm32.7-2018-q2-update.win32_1.0.0.201904181610/tools/bin/../lib/gcc/arm-none-eabi/7.3.1/../../../../arm-none-eabi/lib/thumb/v7e-m/fpv4-sp/hard\libm.a(lib_a-s_atan.o)
 .rodata.atanlo
                0x0000000008012058       0x20 d:/programs/stm32cubeide_1.1.0/stm32cubeide/plugins/com.st.stm32cube.ide.mcu.externaltools.gnu-tools-for-stm32.7-2018-q2-update.win32_1.0.0.201904181610/tools/bin/../lib/gcc/arm-none-eabi/7.3.1/../../../../arm-none-eabi/lib/thumb/v7e-m/fpv4-sp/hard\libm.a(lib_a-s_atan.o)
 .rodata._printf_float.str1.1
                0x0000000008012078       0x12 d:/programs/stm32cubeide_1.1.0/stm32cubeide/plugins/com.st.stm32cube.ide.mcu.externaltools.gnu-tools-for-stm32.7-2018-q2-update.win32_1.0.0.201904181610/tools/bin/../lib/gcc/arm-none-eabi/7.3.1/../../../../arm-none-eabi/lib/thumb/v7e-m/fpv4-sp/hard\libc_nano.a(lib_a-nano-vfprintf_float.o)
 .rodata._printf_i.str1.1
                0x000000000801208a       0x22 d:/programs/stm32cubeide_1.1.0/stm32cubeide/plugins/com.st.stm32cube.ide.mcu.externaltools.gnu-tools-for-stm32.7-2018-q2-update.win32_1.0.0.201904181610/tools/bin/../lib/gcc/arm-none-eabi/7.3.1/../../../../arm-none-eabi/lib/thumb/v7e-m/fpv4-sp/hard\libc_nano.a(lib_a-nano-vfprintf_i.o)
 .rodata._scanf_float.str1.1
                0x00000000080120ac        0x5 d:/programs/stm32cubeide_1.1.0/stm32cubeide/plugins/com.st.stm32cube.ide.mcu.externaltools.gnu-tools-for-stm32.7-2018-q2-update.win32_1.0.0.201904181610/tools/bin/../lib/gcc/arm-none-eabi/7.3.1/../../../../arm-none-eabi/lib/thumb/v7e-m/fpv4-sp/hard\libc_nano.a(lib_a-nano-vfscanf_float.o)
 .rodata._strtod_l.str1.1
                0x00000000080120b1        0x5 d:/programs/stm32cubeide_1.1.0/stm32cubeide/plugins/com.st.stm32cube.ide.mcu.externaltools.gnu-tools-for-stm32.7-2018-q2-update.win32_1.0.0.201904181610/tools/bin/../lib/gcc/arm-none-eabi/7.3.1/../../../../arm-none-eabi/lib/thumb/v7e-m/fpv4-sp/hard\libc_nano.a(lib_a-strtod.o)
                                          0xc (size before relaxing)
 *fill*         0x00000000080120b1        0x3 
 .rodata.fpi.7435
                0x00000000080120b4       0x14 d:/programs/stm32cubeide_1.1.0/stm32cubeide/plugins/com.st.stm32cube.ide.mcu.externaltools.gnu-tools-for-stm32.7-2018-q2-update.win32_1.0.0.201904181610/tools/bin/../lib/gcc/arm-none-eabi/7.3.1/../../../../arm-none-eabi/lib/thumb/v7e-m/fpv4-sp/hard\libc_nano.a(lib_a-strtod.o)
 .rodata.fpinan.7471
                0x00000000080120c8       0x14 d:/programs/stm32cubeide_1.1.0/stm32cubeide/plugins/com.st.stm32cube.ide.mcu.externaltools.gnu-tools-for-stm32.7-2018-q2-update.win32_1.0.0.201904181610/tools/bin/../lib/gcc/arm-none-eabi/7.3.1/../../../../arm-none-eabi/lib/thumb/v7e-m/fpv4-sp/hard\libc_nano.a(lib_a-strtod.o)
 *fill*         0x00000000080120dc        0x4 
 .rodata.tinytens
                0x00000000080120e0       0x28 d:/programs/stm32cubeide_1.1.0/stm32cubeide/plugins/com.st.stm32cube.ide.mcu.externaltools.gnu-tools-for-stm32.7-2018-q2-update.win32_1.0.0.201904181610/tools/bin/../lib/gcc/arm-none-eabi/7.3.1/../../../../arm-none-eabi/lib/thumb/v7e-m/fpv4-sp/hard\libc_nano.a(lib_a-strtod.o)
 .rodata._dtoa_r.str1.1
                0x0000000008012108        0xd d:/programs/stm32cubeide_1.1.0/stm32cubeide/plugins/com.st.stm32cube.ide.mcu.externaltools.gnu-tools-for-stm32.7-2018-q2-update.win32_1.0.0.201904181610/tools/bin/../lib/gcc/arm-none-eabi/7.3.1/../../../../arm-none-eabi/lib/thumb/v7e-m/fpv4-sp/hard\libc_nano.a(lib_a-dtoa.o)
                                          0xf (size before relaxing)
 .rodata._setlocale_r.str1.1
                0x0000000008012115        0x8 d:/programs/stm32cubeide_1.1.0/stm32cubeide/plugins/com.st.stm32cube.ide.mcu.externaltools.gnu-tools-for-stm32.7-2018-q2-update.win32_1.0.0.201904181610/tools/bin/../lib/gcc/arm-none-eabi/7.3.1/../../../../arm-none-eabi/lib/thumb/v7e-m/fpv4-sp/hard\libc_nano.a(lib_a-locale.o)
                                          0x9 (size before relaxing)
 .rodata.str1.1
                0x000000000801211d        0x2 d:/programs/stm32cubeide_1.1.0/stm32cubeide/plugins/com.st.stm32cube.ide.mcu.externaltools.gnu-tools-for-stm32.7-2018-q2-update.win32_1.0.0.201904181610/tools/bin/../lib/gcc/arm-none-eabi/7.3.1/../../../../arm-none-eabi/lib/thumb/v7e-m/fpv4-sp/hard\libc_nano.a(lib_a-locale.o)
 *fill*         0x000000000801211f        0x1 
 .rodata.__mprec_bigtens
                0x0000000008012120       0x28 d:/programs/stm32cubeide_1.1.0/stm32cubeide/plugins/com.st.stm32cube.ide.mcu.externaltools.gnu-tools-for-stm32.7-2018-q2-update.win32_1.0.0.201904181610/tools/bin/../lib/gcc/arm-none-eabi/7.3.1/../../../../arm-none-eabi/lib/thumb/v7e-m/fpv4-sp/hard\libc_nano.a(lib_a-mprec.o)
                0x0000000008012120                __mprec_bigtens
 .rodata.__mprec_tens
                0x0000000008012148       0xc8 d:/programs/stm32cubeide_1.1.0/stm32cubeide/plugins/com.st.stm32cube.ide.mcu.externaltools.gnu-tools-for-stm32.7-2018-q2-update.win32_1.0.0.201904181610/tools/bin/../lib/gcc/arm-none-eabi/7.3.1/../../../../arm-none-eabi/lib/thumb/v7e-m/fpv4-sp/hard\libc_nano.a(lib_a-mprec.o)
                0x0000000008012148                __mprec_tens
 .rodata.p05.7359
                0x0000000008012210        0xc d:/programs/stm32cubeide_1.1.0/stm32cubeide/plugins/com.st.stm32cube.ide.mcu.externaltools.gnu-tools-for-stm32.7-2018-q2-update.win32_1.0.0.201904181610/tools/bin/../lib/gcc/arm-none-eabi/7.3.1/../../../../arm-none-eabi/lib/thumb/v7e-m/fpv4-sp/hard\libc_nano.a(lib_a-mprec.o)
 .rodata._svfprintf_r.str1.1
                0x000000000801221c       0x11 d:/programs/stm32cubeide_1.1.0/stm32cubeide/plugins/com.st.stm32cube.ide.mcu.externaltools.gnu-tools-for-stm32.7-2018-q2-update.win32_1.0.0.201904181610/tools/bin/../lib/gcc/arm-none-eabi/7.3.1/../../../../arm-none-eabi/lib/thumb/v7e-m/fpv4-sp/hard\libc_nano.a(lib_a-nano-svfprintf.o)
 .rodata._ctype_
                0x000000000801222d      0x101 d:/programs/stm32cubeide_1.1.0/stm32cubeide/plugins/com.st.stm32cube.ide.mcu.externaltools.gnu-tools-for-stm32.7-2018-q2-update.win32_1.0.0.201904181610/tools/bin/../lib/gcc/arm-none-eabi/7.3.1/../../../../arm-none-eabi/lib/thumb/v7e-m/fpv4-sp/hard\libc_nano.a(lib_a-ctype_.o)
                0x000000000801222d                _ctype_
                0x0000000008012330                . = ALIGN (0x4)
 *fill*         0x000000000801232e        0x2 

.rel.dyn        0x0000000008012330        0x0
 .rel.iplt      0x0000000008012330        0x0 d:/programs/stm32cubeide_1.1.0/stm32cubeide/plugins/com.st.stm32cube.ide.mcu.externaltools.gnu-tools-for-stm32.7-2018-q2-update.win32_1.0.0.201904181610/tools/bin/../lib/gcc/arm-none-eabi/7.3.1/thumb/v7e-m/fpv4-sp/hard/crtbegin.o

.ARM.extab      0x0000000008012330        0x0
                0x0000000008012330                . = ALIGN (0x4)
 *(.ARM.extab* .gnu.linkonce.armextab.*)
                0x0000000008012330                . = ALIGN (0x4)

.ARM            0x0000000008012330        0x0
                0x0000000008012330                . = ALIGN (0x4)
                0x0000000008012330                __exidx_start = .
 *(.ARM.exidx*)
                0x0000000008012330                __exidx_end = .
                0x0000000008012330                . = ALIGN (0x4)

.preinit_array  0x0000000008012330        0x0
                0x0000000008012330                . = ALIGN (0x4)
                0x0000000008012330                PROVIDE (__preinit_array_start = .)
 *(.preinit_array*)
                0x0000000008012330                PROVIDE (__preinit_array_end = .)
                0x0000000008012330                . = ALIGN (0x4)

.init_array     0x0000000008012330        0x4
                0x0000000008012330                . = ALIGN (0x4)
                0x0000000008012330                PROVIDE (__init_array_start = .)
 *(SORT_BY_NAME(.init_array.*))
 *(.init_array*)
 .init_array    0x0000000008012330        0x4 d:/programs/stm32cubeide_1.1.0/stm32cubeide/plugins/com.st.stm32cube.ide.mcu.externaltools.gnu-tools-for-stm32.7-2018-q2-update.win32_1.0.0.201904181610/tools/bin/../lib/gcc/arm-none-eabi/7.3.1/thumb/v7e-m/fpv4-sp/hard/crtbegin.o
                0x0000000008012334                PROVIDE (__init_array_end = .)
                0x0000000008012334                . = ALIGN (0x4)

.fini_array     0x0000000008012334        0x4
                0x0000000008012334                . = ALIGN (0x4)
                [!provide]                        PROVIDE (__fini_array_start = .)
 *(SORT_BY_NAME(.fini_array.*))
 *(.fini_array*)
 .fini_array    0x0000000008012334        0x4 d:/programs/stm32cubeide_1.1.0/stm32cubeide/plugins/com.st.stm32cube.ide.mcu.externaltools.gnu-tools-for-stm32.7-2018-q2-update.win32_1.0.0.201904181610/tools/bin/../lib/gcc/arm-none-eabi/7.3.1/thumb/v7e-m/fpv4-sp/hard/crtbegin.o
                [!provide]                        PROVIDE (__fini_array_end = .)
                0x0000000008012338                . = ALIGN (0x4)
                0x0000000008012338                _sidata = LOADADDR (.data)

.data           0x0000000020000000      0x218 load address 0x0000000008012338
                0x0000000020000000                . = ALIGN (0x4)
                0x0000000020000000                _sdata = .
 *(.data)
 *(.data*)
 .data.SystemCoreClock
                0x0000000020000000        0x4 Core/Src/system_stm32f3xx.o
                0x0000000020000000                SystemCoreClock
 .data.Font12   0x0000000020000004        0x8 Core/Src/ST7789/font12.o
                0x0000000020000004                Font12
 .data.Font16   0x000000002000000c        0x8 Core/Src/ST7789/font16.o
                0x000000002000000c                Font16
 .data.Font24   0x0000000020000014        0x8 Core/Src/ST7789/font24.o
                0x0000000020000014                Font24
 .data.SPI_PORT
                0x000000002000001c        0x4 Core/Src/ST7789/st7789.o
                0x000000002000001c                SPI_PORT
 .data.uwTickFreq
                0x0000000020000020        0x1 Drivers/STM32F3xx_HAL_Driver/Src/stm32f3xx_hal.o
                0x0000000020000020                uwTickFreq
 *fill*         0x0000000020000021        0x3 
 .data.uwTickPrio
                0x0000000020000024        0x4 Drivers/STM32F3xx_HAL_Driver/Src/stm32f3xx_hal.o
                0x0000000020000024                uwTickPrio
 .data.Stat     0x0000000020000028        0x1 FATFS/Target/user_diskio.o
 *fill*         0x0000000020000029        0x3 
 .data.USER_Driver
                0x000000002000002c       0x14 FATFS/Target/user_diskio.o
                0x000000002000002c                USER_Driver
 .data.spi_handle
                0x0000000020000040        0x4 FATFS/Target/user_diskio.o
                0x0000000020000040                spi_handle
 .data.__fdlib_version
                0x0000000020000044        0x1 d:/programs/stm32cubeide_1.1.0/stm32cubeide/plugins/com.st.stm32cube.ide.mcu.externaltools.gnu-tools-for-stm32.7-2018-q2-update.win32_1.0.0.201904181610/tools/bin/../lib/gcc/arm-none-eabi/7.3.1/../../../../arm-none-eabi/lib/thumb/v7e-m/fpv4-sp/hard\libm.a(lib_a-s_lib_ver.o)
                0x0000000020000044                __fdlib_version
 *fill*         0x0000000020000045        0x3 
 .data._impure_ptr
                0x0000000020000048        0x4 d:/programs/stm32cubeide_1.1.0/stm32cubeide/plugins/com.st.stm32cube.ide.mcu.externaltools.gnu-tools-for-stm32.7-2018-q2-update.win32_1.0.0.201904181610/tools/bin/../lib/gcc/arm-none-eabi/7.3.1/../../../../arm-none-eabi/lib/thumb/v7e-m/fpv4-sp/hard\libc_nano.a(lib_a-impure.o)
                0x0000000020000048                _impure_ptr
 .data.impure_data
                0x000000002000004c       0x60 d:/programs/stm32cubeide_1.1.0/stm32cubeide/plugins/com.st.stm32cube.ide.mcu.externaltools.gnu-tools-for-stm32.7-2018-q2-update.win32_1.0.0.201904181610/tools/bin/../lib/gcc/arm-none-eabi/7.3.1/../../../../arm-none-eabi/lib/thumb/v7e-m/fpv4-sp/hard\libc_nano.a(lib_a-impure.o)
 .data.__global_locale
                0x00000000200000ac      0x16c d:/programs/stm32cubeide_1.1.0/stm32cubeide/plugins/com.st.stm32cube.ide.mcu.externaltools.gnu-tools-for-stm32.7-2018-q2-update.win32_1.0.0.201904181610/tools/bin/../lib/gcc/arm-none-eabi/7.3.1/../../../../arm-none-eabi/lib/thumb/v7e-m/fpv4-sp/hard\libc_nano.a(lib_a-locale.o)
                0x00000000200000ac                __global_locale
                0x0000000020000218                . = ALIGN (0x4)
                0x0000000020000218                _edata = .

.igot.plt       0x0000000020000218        0x0 load address 0x0000000008012550
 .igot.plt      0x0000000020000218        0x0 d:/programs/stm32cubeide_1.1.0/stm32cubeide/plugins/com.st.stm32cube.ide.mcu.externaltools.gnu-tools-for-stm32.7-2018-q2-update.win32_1.0.0.201904181610/tools/bin/../lib/gcc/arm-none-eabi/7.3.1/thumb/v7e-m/fpv4-sp/hard/crtbegin.o
                0x0000000020000218                . = ALIGN (0x4)

.bss            0x0000000020000218     0x1060 load address 0x0000000008012550
                0x0000000020000218                _sbss = .
                0x0000000020000218                __bss_start__ = _sbss
 *(.bss)
 .bss           0x0000000020000218       0x1c d:/programs/stm32cubeide_1.1.0/stm32cubeide/plugins/com.st.stm32cube.ide.mcu.externaltools.gnu-tools-for-stm32.7-2018-q2-update.win32_1.0.0.201904181610/tools/bin/../lib/gcc/arm-none-eabi/7.3.1/thumb/v7e-m/fpv4-sp/hard/crtbegin.o
 *(.bss*)
 .bss.heap_end.6424
                0x0000000020000234        0x4 Core/Src/sysmem.o
 .bss.capacity  0x0000000020000238        0x4 FATFS/Target/user_diskio.o
                0x0000000020000238                capacity
 .bss.sector    0x000000002000023c        0x2 FATFS/Target/user_diskio.o
                0x000000002000023c                sector
 *fill*         0x000000002000023e        0x2 
 .bss.FatFs     0x0000000020000240        0x4 Middlewares/Third_Party/FatFs/src/ff.o
 .bss.Files     0x0000000020000244       0x18 Middlewares/Third_Party/FatFs/src/ff.o
 .bss.Fsid      0x000000002000025c        0x2 Middlewares/Third_Party/FatFs/src/ff.o
 *fill*         0x000000002000025e        0x2 
 .bss.LfnBuf    0x0000000020000260      0x200 Middlewares/Third_Party/FatFs/src/ff.o
 .bss.disk      0x0000000020000460        0xc Middlewares/Third_Party/FatFs/src/ff_gen_drv.o
                0x0000000020000460                disk
 .bss.__malloc_free_list
                0x000000002000046c        0x4 d:/programs/stm32cubeide_1.1.0/stm32cubeide/plugins/com.st.stm32cube.ide.mcu.externaltools.gnu-tools-for-stm32.7-2018-q2-update.win32_1.0.0.201904181610/tools/bin/../lib/gcc/arm-none-eabi/7.3.1/../../../../arm-none-eabi/lib/thumb/v7e-m/fpv4-sp/hard\libc_nano.a(lib_a-nano-mallocr.o)
                0x000000002000046c                __malloc_free_list
 .bss.__malloc_sbrk_start
                0x0000000020000470        0x4 d:/programs/stm32cubeide_1.1.0/stm32cubeide/plugins/com.st.stm32cube.ide.mcu.externaltools.gnu-tools-for-stm32.7-2018-q2-update.win32_1.0.0.201904181610/tools/bin/../lib/gcc/arm-none-eabi/7.3.1/../../../../arm-none-eabi/lib/thumb/v7e-m/fpv4-sp/hard\libc_nano.a(lib_a-nano-mallocr.o)
                0x0000000020000470                __malloc_sbrk_start
 *(COMMON)
 COMMON         0x0000000020000474      0x638 Core/Src/Context.o
                0x0000000020000474                ctx
 COMMON         0x0000000020000aac       0xc8 Core/Src/spi.o
                0x0000000020000aac                hspi2
                0x0000000020000b10                hspi1
 COMMON         0x0000000020000b74      0x100 Core/Src/tim.o
                0x0000000020000b74                htim8
                0x0000000020000bb4                htim4
                0x0000000020000bf4                htim3
                0x0000000020000c34                htim2
 *fill*         0x0000000020000c74        0x4 
 COMMON         0x0000000020000c78      0x160 Core/Src/MPU9250/MPU9250.o
                0x0000000020000c78                MPUType
 COMMON         0x0000000020000dd8       0x2c Core/Src/MPU9250/Madgwick.o
                0x0000000020000dd8                _ahrs
 COMMON         0x0000000020000e04        0x8 Core/Src/ST7789/st7789.o
                0x0000000020000e04                _st7789_height
                0x0000000020000e06                _st7789_xstart
                0x0000000020000e07                _st7789_ystart
                0x0000000020000e08                _st7789_width
                0x0000000020000e0a                _st7789_rowstart
                0x0000000020000e0b                _st7789_colstart
 COMMON         0x0000000020000e0c        0x4 Drivers/STM32F3xx_HAL_Driver/Src/stm32f3xx_hal.o
                0x0000000020000e0c                uwTick
 COMMON         0x0000000020000e10      0x464 FATFS/App/fatfs.o
                0x0000000020000e10                USERPath
                0x0000000020000e14                retUSER
                0x0000000020000e18                USERFile
                0x0000000020001044                USERFatFS
 COMMON         0x0000000020001274        0x4 d:/programs/stm32cubeide_1.1.0/stm32cubeide/plugins/com.st.stm32cube.ide.mcu.externaltools.gnu-tools-for-stm32.7-2018-q2-update.win32_1.0.0.201904181610/tools/bin/../lib/gcc/arm-none-eabi/7.3.1/../../../../arm-none-eabi/lib/thumb/v7e-m/fpv4-sp/hard\libc_nano.a(lib_a-reent.o)
                0x0000000020001274                errno
                0x0000000020001278                . = ALIGN (0x4)
                0x0000000020001278                _ebss = .
                0x0000000020001278                __bss_end__ = _ebss

._user_heap_stack
                0x0000000020001278      0x600 load address 0x0000000008012550
                0x0000000020001278                . = ALIGN (0x8)
                0x0000000020001278                PROVIDE (end = .)
                [!provide]                        PROVIDE (_end = .)
                0x0000000020001478                . = (. + _Min_Heap_Size)
 *fill*         0x0000000020001278      0x200 
                0x0000000020001878                . = (. + _Min_Stack_Size)
 *fill*         0x0000000020001478      0x400 