MPU9250.c:6:6:MPU_Init	12	static
MPU9250.c:152:5:MPU_tAccelRange	24	static
MPU9250.c:193:5:MPU_setGyroRange	24	static
MPU9250.c:235:5:MPU_setDlpfBandwidth	40	static
MPU9250.c:342:5:MPU_enableDataReadyInterrupt	24	static
MPU9250.c:356:5:MPU_disableDataReadyInterrupt	16	static
MPU9250.c:404:5:MPU_readSensor	24	static
MPU9250.c:439:5:MPU_readSensor_noBias	24	static
MPU9250.c:475:7:MPU_getAccelX_mss	0	static
MPU9250.c:480:7:MPU_getAccelY_mss	0	static
MPU9250.c:485:7:MPU_getAccelZ_mss	0	static
MPU9250.c:490:7:MPU_getGyroX_rads	0	static
MPU9250.c:495:7:MPU_getGyroY_rads	0	static
MPU9250.c:500:7:MPU_getGyroZ_rads	0	static
MPU9250.c:505:7:MPU_getMagX_uT	0	static
MPU9250.c:510:7:MPU_getMagY_uT	0	static
MPU9250.c:515:7:MPU_getMagZ_uT	0	static
MPU9250.c:520:7:MPU_getTemperature_C	0	static
MPU9250.c:525:9:MPU_getAccelX_raw	0	static
MPU9250.c:530:9:MPU_getAccelY_raw	0	static
MPU9250.c:535:9:MPU_getAccelZ_raw	0	static
MPU9250.c:540:9:MPU_getGyroX_raw	0	static
MPU9250.c:545:9:MPU_getGyroY_raw	0	static
MPU9250.c:550:9:MPU_getGyroZ_raw	0	static
MPU9250.c:555:9:MPU_getMagX_raw	0	static
MPU9250.c:560:9:MPU_getMagY_raw	0	static
MPU9250.c:565:9:MPU_getMagZ_raw	0	static
MPU9250.c:612:7:MPU_getGyroBiasX_rads	0	static
MPU9250.c:617:7:MPU_getGyroBiasY_rads	0	static
MPU9250.c:622:7:MPU_getGyroBiasZ_rads	0	static
MPU9250.c:627:6:MPU_setGyroBiasX_rads	0	static
MPU9250.c:632:6:MPU_setGyroBiasY_rads	0	static
MPU9250.c:637:6:MPU_setGyroBiasZ_rads	0	static
MPU9250.c:714:7:MPU_getAccelBiasX_mss	0	static
MPU9250.c:719:7:MPU_getAccelScaleFactorX	0	static
MPU9250.c:724:7:MPU_getAccelBiasY_mss	0	static
MPU9250.c:729:7:MPU_getAccelScaleFactorY	0	static
MPU9250.c:734:7:MPU_getAccelBiasZ_mss	0	static
MPU9250.c:739:7:MPU_getAccelScaleFactorZ	0	static
MPU9250.c:744:6:MPU_setAccelCalX	0	static
MPU9250.c:750:6:MPU_setAccelCalY	0	static
MPU9250.c:756:6:MPU_setAccelCalZ	0	static
MPU9250.c:859:7:MPU_getMagBiasX_uT	0	static
MPU9250.c:864:7:MPU_getMagScaleFactorX	0	static
MPU9250.c:869:7:MPU_getMagBiasY_uT	0	static
MPU9250.c:874:7:MPU_getMagScaleFactorY	0	static
MPU9250.c:879:7:MPU_getMagBiasZ_uT	0	static
MPU9250.c:884:7:MPU_getMagScaleFactorZ	0	static
MPU9250.c:889:6:MPU_setMagCalX	0	static
MPU9250.c:895:6:MPU_setMagCalY	0	static
MPU9250.c:901:6:MPU_setMagCalZ	0	static
MPU9250.c:912:5:_MPU_writeRegister	16	static
MPU9250.c:938:5:_MPU_readRegisters	32	static
MPU9250.c:982:5:_MPU_readAK8963Registers	32	static
MPU9250.c:953:5:_MPU_writeAK8963Register	24	static
MPU9250.c:366:5:MPU_enableWakeOnMotion	64	static
MPU9250.c:299:5:MPU_setSrd	24	static
MPU9250.c:763:5:MPU_calibrateMag	32	static
MPU9250.c:571:5:MPU_calibrateGyro	48	static
MPU9250.c:39:5:MPU_begin	56	static
MPU9250.c:644:5:MPU_calibrateAccel	48	static
MPU9250.c:1002:5:_MPU_whoAmI	24	static
MPU9250.c:1012:5:_MPU_whoAmIAK8963	8	static
